[2026-07-19 09:59:49.175] [info] [iap.cpp:160] ge::iap: mode resolved to 'stub'
[2026-07-19 09:59:49.176] [info] [main.cpp:209] iap: restore complete ok=true error=
[2026-07-19 09:59:49.238] [ge] [info] [SessionHost_server.mm:98] runServer: 'tiltbuggy' streaming to relay 127.0.0.1:3133
[2026-07-19 09:59:49.238] [ge] [info] [SessionHost_server.mm:126] runServer: console stream host (not a desktop game window)
[2026-07-19 09:59:49.239] [ge] [info] [ServerSession.mm:619] ServerSession: connected to relay 127.0.0.1:3133 as 'tiltbuggy'
[2026-07-19 09:59:49.293] [ge] [info] [SokolContext.mm:180] SokolContext: 2048x1536 Metal (Apple M4 Max)
[2026-07-19 09:59:49.293] [ge] [info] [DirectRenderHost.mm:456] DirectRenderHost: gesture accelerometer synthesis enabled (armOnPrimary=false)
[2026-07-19 09:59:49.293] [ge] [info] [DirectRenderHost.mm:476] DirectRenderHost: 2048x1536
[2026-07-19 09:59:49.293] [ge] [info] [DirectRenderHost.mm:506] DirectRenderHost: stream server ephemeral db (:memory:)
[2026-07-19 09:59:49.293] [ge] [info] [Context.cpp:64] Context: opening db path=':memory:' schemaDdl=145B
[2026-07-19 09:59:49.293] [ge] [info] [Context.cpp:67] Context: db open ok
[2026-07-19 09:59:49.293] [ge] [info] [DirectRenderHost.mm:522] DirectRenderHost: Context ready — applying safe insets
[2026-07-19 09:59:49.293] [ge] [info] [DirectRenderHost.mm:524] DirectRenderHost: drawSafe insets applied
[2026-07-19 09:59:49.293] [ge] [info] [DirectRenderHost.mm:526] DirectRenderHost: uiSafe insets applied
[2026-07-19 09:59:49.293] [ge] [info] [DirectRenderHost.mm:586] DirectRenderHost: constructor complete
[2026-07-19 09:59:49.293] [ge] [info] [ServerSession.mm:733] ServerSession: SP2T working db bound (ok, schema=145 bytes)
[2026-07-19 09:59:49.337] [ge] [info] [main.cpp:415] onEvent type=0x305
[2026-07-19 09:59:49.337] [ge] [info] [main.cpp:415] onEvent type=0x404
[2026-07-19 09:59:49.338] [ge] [info] [main.cpp:415] onEvent type=0x214
[2026-07-19 09:59:49.794] [ge] [info] [main.cpp:358] tiltbuggy: pose → db [0.00,0.00,0.00] t=0.6
[2026-07-19 09:59:50.277] [ge] [info] [main.cpp:376] tick: dt=0.0167 g=[0.00,0.00] pose=[0.00,0.00,0.00] grip=[150,150] pro=false
[2026-07-19 09:59:50.294] [ge] [info] [main.cpp:358] tiltbuggy: pose → db [0.00,0.00,0.00] t=1.1
[2026-07-19 09:59:50.810] [ge] [info] [main.cpp:358] tiltbuggy: pose → db [0.00,0.00,0.00] t=1.6
[2026-07-19 09:59:51.179] [ge] [info] [ServerSession.mm:350] ServerSession: spawned child pid 84376 for session s1 (own world/state)
[2026-07-19 09:59:51.185] [info] [iap.cpp:160] ge::iap: mode resolved to 'stub'
[2026-07-19 09:59:51.185] [info] [main.cpp:209] iap: restore complete ok=true error=
[2026-07-19 09:59:51.237] [ge] [info] [SessionHost_server.mm:98] runServer: 'tiltbuggy' streaming to relay 127.0.0.1:3133
[2026-07-19 09:59:51.237] [ge] [info] [SessionHost_server.mm:126] runServer: console stream host (not a desktop game window)
[2026-07-19 09:59:51.237] [ge] [info] [ServerSession.mm:247] ServerSession: SessionConfig sensors=0x1 orientation=254 transport=0 flags=0x3 (immersive=1 noSaver=1) session=s1
[2026-07-19 09:59:51.237] [ge] [info] [ServerSession.mm:259] ServerSession: player attached (session s1), wires=1 primary=1
[2026-07-19 09:59:51.237] [ge] [info] [ServerSession.mm:497] ServerSession: player DeviceInfo 1180x820 @1x class=2 ui=(0,0 1180x820) draw=(0,0 1180x820) caps=0x7
[2026-07-19 09:59:51.237] [ge] [info] [ServerSession.mm:599] ServerSession: transport=cmdstream (player_cmdstream=true force_h264=false)
[2026-07-19 09:59:51.237] [ge] [info] [ServerSession.mm:604] ServerSession: cmdstream LiveCapture armed (sprite runs)
[2026-07-19 09:59:51.238] [ge] [warning] [ServerSession.mm:566] ServerSession: SP2T snapshot apply failed (db=0 n=24576)
[2026-07-19 09:59:51.238] [ge] [info] [ServerSession.mm:497] ServerSession: player DeviceInfo 1180x820 @1x class=2 ui=(0,0 1180x820) draw=(0,0 1180x820) caps=0x7
[2026-07-19 09:59:51.238] [ge] [info] [ServerSession.mm:497] ServerSession: player DeviceInfo 1180x820 @1x class=2 ui=(0,0 1180x820) draw=(0,0 1180x820) caps=0x7
[2026-07-19 09:59:51.277] [ge] [info] [main.cpp:376] tick: dt=0.0167 g=[0.00,0.00] pose=[0.00,0.00,0.00] grip=[150,150] pro=false
[2026-07-19 09:59:51.285] [ge] [info] [SokolContext.mm:180] SokolContext: 2048x1536 Metal (Apple M4 Max)
[2026-07-19 09:59:51.286] [ge] [info] [DirectRenderHost.mm:456] DirectRenderHost: gesture accelerometer synthesis enabled (armOnPrimary=false)
[2026-07-19 09:59:51.286] [ge] [info] [DirectRenderHost.mm:473] DirectRenderHost: GE_SENSOR_TRACE on (/Users/marcelo/work/github.com/squz/ge/verdicts/T163/20260718T235948Z/s1.trace)
[2026-07-19 09:59:51.286] [ge] [info] [DirectRenderHost.mm:476] DirectRenderHost: 2048x1536
[2026-07-19 09:59:51.286] [ge] [info] [DirectRenderHost.mm:506] DirectRenderHost: stream server ephemeral db (:memory:)
[2026-07-19 09:59:51.286] [ge] [info] [Context.cpp:64] Context: opening db path=':memory:' schemaDdl=145B
[2026-07-19 09:59:51.286] [ge] [info] [Context.cpp:67] Context: db open ok
[2026-07-19 09:59:51.286] [ge] [info] [DirectRenderHost.mm:522] DirectRenderHost: Context ready — applying safe insets
[2026-07-19 09:59:51.286] [ge] [info] [DirectRenderHost.mm:524] DirectRenderHost: drawSafe insets applied
[2026-07-19 09:59:51.286] [ge] [info] [DirectRenderHost.mm:526] DirectRenderHost: uiSafe insets applied
[2026-07-19 09:59:51.286] [ge] [info] [DirectRenderHost.mm:586] DirectRenderHost: constructor complete
[2026-07-19 09:59:51.286] [ge] [info] [ServerSession.mm:733] ServerSession: SP2T working db bound (ok, schema=145 bytes)
[2026-07-19 09:59:51.309] [ge] [info] [main.cpp:415] onEvent type=0x305
... [truncated:      266 lines]
[2026-07-19 09:59:58.277] [ge] [info] [main.cpp:376] tick: dt=0.0167 g=[0.00,0.00] pose=[0.00,0.00,0.00] grip=[150,150] pro=false
[2026-07-19 09:59:58.403] [ge] [info] [main.cpp:358] tiltbuggy: pose → db [12.66,4.26,-0.43] t=7.2
[2026-07-19 09:59:58.444] [ge] [info] [main.cpp:358] tiltbuggy: pose → db [0.00,0.00,0.00] t=9.2
[2026-07-19 09:59:58.486] [ge] [info] [ServerSession.mm:188] ServerSession: SP2T snapshot pushed (24576 bytes, stream)
[2026-07-19 09:59:58.753] [ge] [info] [main.cpp:415] onEvent type=0x1200
[2026-07-19 09:59:58.753] [ge] [info] [main.cpp:447] ACCEL accel=[-3.00,+0.00,+0.00] gravity=[+30.00,-0.00]
[2026-07-19 09:59:58.920] [ge] [info] [main.cpp:358] tiltbuggy: pose → db [12.98,4.16,-0.32] t=7.7
[2026-07-19 09:59:58.960] [ge] [info] [main.cpp:358] tiltbuggy: pose → db [0.00,0.00,0.00] t=9.7
[2026-07-19 09:59:58.986] [ge] [info] [ServerSession.mm:188] ServerSession: SP2T snapshot pushed (24576 bytes, stream)
[2026-07-19 09:59:59.270] [ge] [info] [main.cpp:376] tick: dt=0.0167 g=[30.00,-0.00] pose=[13.26,4.11,-0.24] grip=[150,150] pro=false
[2026-07-19 09:59:59.270] [ge] [info] [ServerSession.mm:820] ServerSession: SP2S frame#480 wire=617B runs=6 full_blobs=1 refs=11 full_blob_bytes=144
[2026-07-19 09:59:59.277] [ge] [info] [main.cpp:376] tick: dt=0.0167 g=[0.00,0.00] pose=[0.00,0.00,0.00] grip=[150,150] pro=false
[2026-07-19 09:59:59.420] [ge] [info] [main.cpp:358] tiltbuggy: pose → db [13.32,4.13,-0.19] t=8.2
[2026-07-19 09:59:59.477] [ge] [info] [main.cpp:358] tiltbuggy: pose → db [0.00,0.00,0.00] t=10.2
[2026-07-19 09:59:59.503] [ge] [info] [ServerSession.mm:188] ServerSession: SP2T snapshot pushed (24576 bytes, stream)
[2026-07-19 09:59:59.936] [ge] [info] [main.cpp:358] tiltbuggy: pose → db [13.40,4.22,-0.00] t=8.7
[2026-07-19 09:59:59.977] [ge] [info] [main.cpp:358] tiltbuggy: pose → db [0.00,0.00,0.00] t=10.7
[2026-07-19 10:00:00.003] [ge] [info] [ServerSession.mm:188] ServerSession: SP2T snapshot pushed (24576 bytes, stream)
[2026-07-19 10:00:00.270] [ge] [info] [main.cpp:376] tick: dt=0.0167 g=[30.00,-0.00] pose=[13.40,4.22,-0.00] grip=[150,150] pro=false
[2026-07-19 10:00:00.270] [ge] [info] [ServerSession.mm:820] ServerSession: SP2S frame#540 wire=617B runs=6 full_blobs=1 refs=11 full_blob_bytes=144
[2026-07-19 10:00:00.277] [ge] [info] [main.cpp:376] tick: dt=0.0167 g=[0.00,0.00] pose=[0.00,0.00,0.00] grip=[150,150] pro=false
[2026-07-19 10:00:00.437] [ge] [info] [main.cpp:358] tiltbuggy: pose → db [13.40,4.22,-0.00] t=9.2
[2026-07-19 10:00:00.477] [ge] [info] [main.cpp:358] tiltbuggy: pose → db [0.00,0.00,0.00] t=11.2
[2026-07-19 10:00:00.503] [ge] [info] [ServerSession.mm:188] ServerSession: SP2T snapshot pushed (24576 bytes, stream)
[2026-07-19 10:00:00.953] [ge] [info] [main.cpp:358] tiltbuggy: pose → db [13.40,4.22,-0.00] t=9.7
[2026-07-19 10:00:00.977] [ge] [info] [main.cpp:358] tiltbuggy: pose → db [0.00,0.00,0.00] t=11.7
[2026-07-19 10:00:01.003] [ge] [info] [ServerSession.mm:188] ServerSession: SP2T snapshot pushed (24576 bytes, stream)
[2026-07-19 10:00:01.270] [ge] [info] [main.cpp:376] tick: dt=0.0167 g=[30.00,-0.00] pose=[13.40,4.22,-0.00] grip=[150,150] pro=false
[2026-07-19 10:00:01.270] [ge] [info] [ServerSession.mm:820] ServerSession: SP2S frame#600 wire=469B runs=6 full_blobs=0 refs=12 full_blob_bytes=0
[2026-07-19 10:00:01.277] [ge] [info] [main.cpp:376] tick: dt=0.0167 g=[0.00,0.00] pose=[0.00,0.00,0.00] grip=[150,150] pro=false
[2026-07-19 10:00:01.470] [ge] [info] [main.cpp:358] tiltbuggy: pose → db [13.40,4.22,-0.00] t=10.2
[2026-07-19 10:00:01.477] [ge] [info] [main.cpp:358] tiltbuggy: pose → db [0.00,0.00,0.00] t=12.2
[2026-07-19 10:00:01.503] [ge] [info] [ServerSession.mm:188] ServerSession: SP2T snapshot pushed (24576 bytes, stream)
[2026-07-19 10:00:01.738] [ge] [info] [ServerSession.mm:414] ServerSession: session s1 wire closed — child exiting
[2026-07-19 10:00:01.738] [ge] [info] [ServerSession.mm:644] ServerSession: detach s1 — child owns teardown
[2026-07-19 10:00:01.994] [ge] [info] [main.cpp:358] tiltbuggy: pose → db [0.00,0.00,0.00] t=12.8
[2026-07-19 10:00:02.277] [ge] [info] [main.cpp:376] tick: dt=0.0167 g=[0.00,0.00] pose=[0.00,0.00,0.00] grip=[150,150] pro=false
[2026-07-19 10:00:02.510] [ge] [info] [main.cpp:358] tiltbuggy: pose → db [0.00,0.00,0.00] t=13.3
[2026-07-19 10:00:03.027] [ge] [info] [main.cpp:358] tiltbuggy: pose → db [0.00,0.00,0.00] t=13.8
[2026-07-19 10:00:03.277] [ge] [info] [main.cpp:376] tick: dt=0.0167 g=[0.00,0.00] pose=[0.00,0.00,0.00] grip=[150,150] pro=false
[2026-07-19 10:00:03.527] [ge] [info] [main.cpp:358] tiltbuggy: pose → db [0.00,0.00,0.00] t=14.3
[2026-07-19 10:00:04.027] [ge] [info] [main.cpp:358] tiltbuggy: pose → db [0.00,0.00,0.00] t=14.8
[2026-07-19 10:00:04.277] [ge] [info] [main.cpp:376] tick: dt=0.0167 g=[0.00,0.00] pose=[0.00,0.00,0.00] grip=[150,150] pro=false
[2026-07-19 10:00:04.527] [ge] [info] [main.cpp:358] tiltbuggy: pose → db [0.00,0.00,0.00] t=15.3
[2026-07-19 10:00:05.044] [ge] [info] [main.cpp:358] tiltbuggy: pose → db [0.00,0.00,0.00] t=15.8
[2026-07-19 10:00:05.277] [ge] [info] [main.cpp:376] tick: dt=0.0167 g=[0.00,0.00] pose=[0.00,0.00,0.00] grip=[150,150] pro=false
[2026-07-19 10:00:05.560] [ge] [info] [main.cpp:358] tiltbuggy: pose → db [0.00,0.00,0.00] t=16.3
[2026-07-19 10:00:06.060] [ge] [info] [main.cpp:358] tiltbuggy: pose → db [0.00,0.00,0.00] t=16.8
[2026-07-19 10:00:06.277] [ge] [info] [main.cpp:376] tick: dt=0.0167 g=[0.00,0.00] pose=[0.00,0.00,0.00] grip=[150,150] pro=false
[2026-07-19 10:00:06.405] [ge] [info] [ServerSession.mm:661] ServerSession: sideband closed (replaced or relay gone) — exiting superseded server process
