{"k":"device","t_ms":59,"class":2,"caps":6}
{"k":"armstate","t_ms":130,"armed":0}
{"k":"frame_meta","seq":59,"server_us":1784419192270233,"recv_us":1784419192270320}
{"k":"frame_meta","seq":119,"server_us":1784419193270205,"recv_us":1784419193270283}
{"k":"inject","t_ms":2559,"e_us":1784419193738013,"type":4608}
{"k":"inject","t_ms":3059,"e_us":1784419194238017,"type":4608}
{"k":"frame_meta","seq":179,"server_us":1784419194270238,"recv_us":1784419194270322}
{"k":"inject","t_ms":3559,"e_us":1784419194738022,"type":4608}
{"k":"inject","t_ms":4059,"e_us":1784419195238028,"type":4608}
{"k":"frame_meta","seq":239,"server_us":1784419195270237,"recv_us":1784419195270315}
{"k":"inject","t_ms":4559,"e_us":1784419195738034,"type":4608}
{"k":"frame_meta","seq":299,"server_us":1784419196270253,"recv_us":1784419196270328}
{"k":"frame_meta","seq":359,"server_us":1784419197270220,"recv_us":1784419197270320}
{"k":"frame_meta","seq":419,"server_us":1784419198270277,"recv_us":1784419198270416}
{"k":"inject","t_ms":7559,"e_us":1784419198738071,"type":4608}
{"k":"frame_meta","seq":479,"server_us":1784419199270285,"recv_us":1784419199270384}
{"k":"frame_meta","seq":539,"server_us":1784419200270281,"recv_us":1784419200270370}
{"k":"frame_meta","seq":599,"server_us":1784419201270327,"recv_us":1784419201270420}
{"k":"inject","t_ms":10559,"e_us":1784419201738107,"type":256}
{"k":"exit","t_ms":10559,"frames":628}
