[2026-07-19 09:59:51.178] [info] [player_core.cpp:45] spyder player starting (H.264 + SP2S cmdstream)
[2026-07-19 09:59:51.179] [info] [PlayerWireBridge.cpp:143] PlayerWireBridge: connected to stream relay
[2026-07-19 09:59:51.237] [info] [player_core.cpp:71] SessionConfig: sensors=0x1 orientation=254 transport=0 flags=0x3
[2026-07-19 09:59:51.237] [info] [PlayerRender.cpp:147] PlayerRender: window 1180x820 for orientation=254
[2026-07-19 09:59:51.237] [info] [PlayerRender.cpp:155] PlayerRender: headless — no renderer/decoder
[2026-07-19 09:59:51.237] [info] [PlayerRender.cpp:229] PlayerRender: no local accelerometer — tilt gestures (Shift+drag) forward to the server's synthesizer
[2026-07-19 09:59:51.237] [info] [player_core.cpp:150] orientation settle: window 1180x820 after 0ms
[2026-07-19 09:59:51.237] [info] [player_core.cpp:183] DeviceInfo 1180x820 @1x class=2 safe=(0,0 1180x820) draw=(0,0 1180x820)
[2026-07-19 09:59:51.238] [info] [player_core.cpp:211] SP2T: opened durable db /Users/marcelo/Library/Application Support/squz/spyder-player/games/tiltbuggy.db
[2026-07-19 09:59:51.238] [info] [PlayerWireBridge.cpp:225] PlayerWireBridge: SP2T snapshot sent (24576 bytes)
[2026-07-19 09:59:51.238] [info] [player_core.cpp:235] SP2T: seeded server from player durable db /Users/marcelo/Library/Application Support/squz/spyder-player/games/tiltbuggy.db (24576 bytes, game=tiltbuggy)
[2026-07-19 09:59:51.238] [info] [player_core.cpp:245] player: entering main loop (wire open=true)
[2026-07-19 09:59:51.238] [info] [player_core.cpp:312] player: input script loaded (/Users/marcelo/work/github.com/squz/ge/verdicts/T163/20260718T235948Z/gesture-a.txt)
[2026-07-19 09:59:51.238] [info] [PlayerWireBridge.cpp:689] PlayerWireBridge: SessionConfig update transport=cmdstream
[2026-07-19 09:59:51.238] [info] [player_core.cpp:258] player: SessionConfig mid-session — re-sending DeviceInfo
[2026-07-19 09:59:51.309] [info] [PlayerWireBridge.cpp:676] PlayerWireBridge: SP2A arm=0
[2026-07-19 09:59:51.369] [info] [PlayerWireBridge.cpp:655] PlayerWireBridge: SP2S SpriteRun seq=0 wire=2925961B runs=6 qdepth=1 cache=15 full=15 refs=4
[2026-07-19 09:59:51.369] [info] [PlayerWireBridge.cpp:704] PlayerWireBridge: SP2T snapshot received (24576 bytes)
[2026-07-19 09:59:51.369] [info] [PlayerWireBridge.cpp:655] PlayerWireBridge: SP2S SpriteRun seq=1 wire=469B runs=6 qdepth=2 cache=15 full=0 refs=12
[2026-07-19 09:59:51.369] [info] [PlayerWireBridge.cpp:655] PlayerWireBridge: SP2S SpriteRun seq=2 wire=469B runs=6 qdepth=3 cache=15 full=0 refs=12
[2026-07-19 09:59:51.369] [info] [player_core.cpp:367] SP2T: wrote durable snapshot /Users/marcelo/Library/Application Support/squz/spyder-player/games/tiltbuggy.db (24576 bytes, game=tiltbuggy)
[2026-07-19 09:59:51.853] [info] [PlayerWireBridge.cpp:704] PlayerWireBridge: SP2T snapshot received (24576 bytes)
[2026-07-19 09:59:51.853] [info] [player_core.cpp:367] SP2T: wrote durable snapshot /Users/marcelo/Library/Application Support/squz/spyder-player/games/tiltbuggy.db (24576 bytes, game=tiltbuggy)
[2026-07-19 09:59:52.238] [info] [player_core.cpp:553] PlayerFPS: 58.0 fps over 1.00s (58 frames) cmdstream=0 last_wire=0B last_seq=0
[2026-07-19 09:59:52.286] [info] [PlayerWireBridge.cpp:655] PlayerWireBridge: SP2S SpriteRun seq=60 wire=469B runs=6 qdepth=1 cache=15 full=0 refs=12
[2026-07-19 09:59:52.353] [info] [PlayerWireBridge.cpp:704] PlayerWireBridge: SP2T snapshot received (24576 bytes)
[2026-07-19 09:59:52.353] [info] [player_core.cpp:367] SP2T: wrote durable snapshot /Users/marcelo/Library/Application Support/squz/spyder-player/games/tiltbuggy.db (24576 bytes, game=tiltbuggy)
[2026-07-19 09:59:52.870] [info] [PlayerWireBridge.cpp:704] PlayerWireBridge: SP2T snapshot received (24576 bytes)
[2026-07-19 09:59:52.870] [info] [player_core.cpp:367] SP2T: wrote durable snapshot /Users/marcelo/Library/Application Support/squz/spyder-player/games/tiltbuggy.db (24576 bytes, game=tiltbuggy)
[2026-07-19 09:59:53.238] [info] [player_core.cpp:553] PlayerFPS: 60.0 fps over 1.00s (60 frames) cmdstream=0 last_wire=0B last_seq=0
[2026-07-19 09:59:53.286] [info] [PlayerWireBridge.cpp:655] PlayerWireBridge: SP2S SpriteRun seq=120 wire=469B runs=6 qdepth=1 cache=15 full=0 refs=12
[2026-07-19 09:59:53.386] [info] [PlayerWireBridge.cpp:704] PlayerWireBridge: SP2T snapshot received (24576 bytes)
[2026-07-19 09:59:53.387] [info] [player_core.cpp:367] SP2T: wrote durable snapshot /Users/marcelo/Library/Application Support/squz/spyder-player/games/tiltbuggy.db (24576 bytes, game=tiltbuggy)
[2026-07-19 09:59:53.887] [info] [PlayerWireBridge.cpp:704] PlayerWireBridge: SP2T snapshot received (24576 bytes)
[2026-07-19 09:59:53.887] [info] [player_core.cpp:367] SP2T: wrote durable snapshot /Users/marcelo/Library/Application Support/squz/spyder-player/games/tiltbuggy.db (24576 bytes, game=tiltbuggy)
[2026-07-19 09:59:54.238] [info] [player_core.cpp:553] PlayerFPS: 60.0 fps over 1.00s (60 frames) cmdstream=0 last_wire=0B last_seq=0
[2026-07-19 09:59:54.286] [info] [PlayerWireBridge.cpp:655] PlayerWireBridge: SP2S SpriteRun seq=180 wire=617B runs=6 qdepth=1 cache=48 full=1 refs=11
[2026-07-19 09:59:54.387] [info] [PlayerWireBridge.cpp:704] PlayerWireBridge: SP2T snapshot received (24576 bytes)
[2026-07-19 09:59:54.387] [info] [player_core.cpp:367] SP2T: wrote durable snapshot /Users/marcelo/Library/Application Support/squz/spyder-player/games/tiltbuggy.db (24576 bytes, game=tiltbuggy)
[2026-07-19 09:59:54.903] [info] [PlayerWireBridge.cpp:704] PlayerWireBridge: SP2T snapshot received (24576 bytes)
[2026-07-19 09:59:54.903] [info] [player_core.cpp:367] SP2T: wrote durable snapshot /Users/marcelo/Library/Application Support/squz/spyder-player/games/tiltbuggy.db (24576 bytes, game=tiltbuggy)
[2026-07-19 09:59:55.238] [info] [player_core.cpp:553] PlayerFPS: 60.0 fps over 1.00s (60 frames) cmdstream=0 last_wire=0B last_seq=0
[2026-07-19 09:59:55.266] [info] [player_core.cpp:300] PlayerLog: 4307838 ticks, 118 decoded (4267367 empty), seq 3-117 (1 gaps), maxDrain=0.0ms maxRender=0.0ms maxGap=26.5ms pump avg=0.0/max=25.7ms ev avg=0.0/max=0.0ms upload avg=0.0/max=0.0ms
[2026-07-19 09:59:55.287] [info] [PlayerWireBridge.cpp:655] PlayerWireBridge: SP2S SpriteRun seq=240 wire=617B runs=6 qdepth=1 cache=108 full=1 refs=11
[2026-07-19 09:59:55.420] [info] [PlayerWireBridge.cpp:704] PlayerWireBridge: SP2T snapshot received (24576 bytes)
[2026-07-19 09:59:55.420] [info] [player_core.cpp:367] SP2T: wrote durable snapshot /Users/marcelo/Library/Application Support/squz/spyder-player/games/tiltbuggy.db (24576 bytes, game=tiltbuggy)
[2026-07-19 09:59:55.937] [info] [PlayerWireBridge.cpp:704] PlayerWireBridge: SP2T snapshot received (24576 bytes)
[2026-07-19 09:59:55.937] [info] [player_core.cpp:367] SP2T: wrote durable snapshot /Users/marcelo/Library/Application Support/squz/spyder-player/games/tiltbuggy.db (24576 bytes, game=tiltbuggy)
[2026-07-19 09:59:56.238] [info] [player_core.cpp:553] PlayerFPS: 60.0 fps over 1.00s (60 frames) cmdstream=0 last_wire=0B last_seq=0
[2026-07-19 09:59:56.287] [info] [PlayerWireBridge.cpp:655] PlayerWireBridge: SP2S SpriteRun seq=300 wire=617B runs=6 qdepth=1 cache=168 full=1 refs=11
[2026-07-19 09:59:56.453] [info] [PlayerWireBridge.cpp:704] PlayerWireBridge: SP2T snapshot received (24576 bytes)
[2026-07-19 09:59:56.453] [info] [player_core.cpp:367] SP2T: wrote durable snapshot /Users/marcelo/Library/Application Support/squz/spyder-player/games/tiltbuggy.db (24576 bytes, game=tiltbuggy)
[2026-07-19 09:59:56.953] [info] [PlayerWireBridge.cpp:704] PlayerWireBridge: SP2T snapshot received (24576 bytes)
[2026-07-19 09:59:56.953] [info] [player_core.cpp:367] SP2T: wrote durable snapshot /Users/marcelo/Library/Application Support/squz/spyder-player/games/tiltbuggy.db (24576 bytes, game=tiltbuggy)
[2026-07-19 09:59:57.238] [info] [player_core.cpp:553] PlayerFPS: 60.0 fps over 1.00s (60 frames) cmdstream=0 last_wire=0B last_seq=0
[2026-07-19 09:59:57.287] [info] [PlayerWireBridge.cpp:655] PlayerWireBridge: SP2S SpriteRun seq=360 wire=617B runs=6 qdepth=1 cache=228 full=1 refs=11
[2026-07-19 09:59:57.289] [info] [player_core.cpp:300] PlayerLog: 4408135 ticks, 120 decoded (4367235 empty), seq 118-237 (0 gaps), maxDrain=0.0ms maxRender=0.0ms maxGap=15.7ms pump avg=0.0/max=0.1ms ev avg=0.0/max=0.0ms upload avg=0.0/max=0.0ms
[2026-07-19 09:59:57.470] [info] [PlayerWireBridge.cpp:704] PlayerWireBridge: SP2T snapshot received (24576 bytes)
[2026-07-19 09:59:57.470] [info] [player_core.cpp:367] SP2T: wrote durable snapshot /Users/marcelo/Library/Application Support/squz/spyder-player/games/tiltbuggy.db (24576 bytes, game=tiltbuggy)
[2026-07-19 09:59:57.970] [info] [PlayerWireBridge.cpp:704] PlayerWireBridge: SP2T snapshot received (24576 bytes)
[2026-07-19 09:59:57.970] [info] [player_core.cpp:367] SP2T: wrote durable snapshot /Users/marcelo/Library/Application Support/squz/spyder-player/games/tiltbuggy.db (24576 bytes, game=tiltbuggy)
[2026-07-19 09:59:58.238] [info] [player_core.cpp:553] PlayerFPS: 60.0 fps over 1.00s (60 frames) cmdstream=0 last_wire=0B last_seq=0
[2026-07-19 09:59:58.287] [info] [PlayerWireBridge.cpp:655] PlayerWireBridge: SP2S SpriteRun seq=420 wire=617B runs=6 qdepth=1 cache=288 full=1 refs=11
[2026-07-19 09:59:58.487] [info] [PlayerWireBridge.cpp:704] PlayerWireBridge: SP2T snapshot received (24576 bytes)
[2026-07-19 09:59:58.487] [info] [player_core.cpp:367] SP2T: wrote durable snapshot /Users/marcelo/Library/Application Support/squz/spyder-player/games/tiltbuggy.db (24576 bytes, game=tiltbuggy)
[2026-07-19 09:59:58.987] [info] [PlayerWireBridge.cpp:704] PlayerWireBridge: SP2T snapshot received (24576 bytes)
[2026-07-19 09:59:58.987] [info] [player_core.cpp:367] SP2T: wrote durable snapshot /Users/marcelo/Library/Application Support/squz/spyder-player/games/tiltbuggy.db (24576 bytes, game=tiltbuggy)
[2026-07-19 09:59:59.238] [info] [player_core.cpp:553] PlayerFPS: 60.0 fps over 1.00s (60 frames) cmdstream=0 last_wire=0B last_seq=0
[2026-07-19 09:59:59.287] [info] [PlayerWireBridge.cpp:655] PlayerWireBridge: SP2S SpriteRun seq=480 wire=617B runs=6 qdepth=1 cache=348 full=1 refs=11
[2026-07-19 09:59:59.299] [info] [player_core.cpp:300] PlayerLog: 4466679 ticks, 121 decoded (4451471 empty), seq 239-359 (0 gaps), maxDrain=0.0ms maxRender=0.0ms maxGap=0.1ms pump avg=0.0/max=0.1ms ev avg=0.0/max=0.0ms upload avg=0.0/max=0.0ms
[2026-07-19 09:59:59.503] [info] [PlayerWireBridge.cpp:704] PlayerWireBridge: SP2T snapshot received (24576 bytes)
[2026-07-19 09:59:59.503] [info] [player_core.cpp:367] SP2T: wrote durable snapshot /Users/marcelo/Library/Application Support/squz/spyder-player/games/tiltbuggy.db (24576 bytes, game=tiltbuggy)
[2026-07-19 10:00:00.003] [info] [PlayerWireBridge.cpp:704] PlayerWireBridge: SP2T snapshot received (24576 bytes)
[2026-07-19 10:00:00.003] [info] [player_core.cpp:367] SP2T: wrote durable snapshot /Users/marcelo/Library/Application Support/squz/spyder-player/games/tiltbuggy.db (24576 bytes, game=tiltbuggy)
[2026-07-19 10:00:00.238] [info] [player_core.cpp:553] PlayerFPS: 60.0 fps over 1.00s (60 frames) cmdstream=0 last_wire=0B last_seq=0
[2026-07-19 10:00:00.287] [info] [PlayerWireBridge.cpp:655] PlayerWireBridge: SP2S SpriteRun seq=540 wire=617B runs=6 qdepth=1 cache=408 full=1 refs=11
[2026-07-19 10:00:00.503] [info] [PlayerWireBridge.cpp:704] PlayerWireBridge: SP2T snapshot received (24576 bytes)
[2026-07-19 10:00:00.504] [info] [player_core.cpp:367] SP2T: wrote durable snapshot /Users/marcelo/Library/Application Support/squz/spyder-player/games/tiltbuggy.db (24576 bytes, game=tiltbuggy)
[2026-07-19 10:00:01.003] [info] [PlayerWireBridge.cpp:704] PlayerWireBridge: SP2T snapshot received (24576 bytes)
[2026-07-19 10:00:01.003] [info] [player_core.cpp:367] SP2T: wrote durable snapshot /Users/marcelo/Library/Application Support/squz/spyder-player/games/tiltbuggy.db (24576 bytes, game=tiltbuggy)
[2026-07-19 10:00:01.238] [info] [player_core.cpp:553] PlayerFPS: 60.0 fps over 1.00s (60 frames) cmdstream=0 last_wire=0B last_seq=0
[2026-07-19 10:00:01.287] [info] [PlayerWireBridge.cpp:655] PlayerWireBridge: SP2S SpriteRun seq=600 wire=469B runs=6 qdepth=1 cache=415 full=0 refs=12
[2026-07-19 10:00:01.340] [info] [player_core.cpp:300] PlayerLog: 8884428 ticks, 241 decoded (8801180 empty), seq 118-480 (123 gaps), maxDrain=0.0ms maxRender=0.0ms maxGap=2022.7ms pump avg=0.0/max=0.1ms ev avg=0.0/max=0.0ms upload avg=0.0/max=0.0ms
[2026-07-19 10:00:01.503] [info] [PlayerWireBridge.cpp:704] PlayerWireBridge: SP2T snapshot received (24576 bytes)
[2026-07-19 10:00:01.504] [info] [player_core.cpp:367] SP2T: wrote durable snapshot /Users/marcelo/Library/Application Support/squz/spyder-player/games/tiltbuggy.db (24576 bytes, game=tiltbuggy)
[2026-07-19 10:00:01.738] [info] [player_core.cpp:417] player: script complete — exiting
[2026-07-19 10:00:01.738] [info] [player_core.cpp:572] Player exited (628 frames decoded)
[2026-07-19 10:00:03.353] [info] [player_core.cpp:300] PlayerLog: 4491990 ticks, 120 decoded (4491870 empty), seq 481-600 (0 gaps), maxDrain=0.0ms maxRender=0.0ms maxGap=0.2ms pump avg=0.0/max=0.1ms ev avg=0.0/max=0.1ms upload avg=0.0/max=0.2ms
