[2026-07-19 09:59:52.185] [info] [player_core.cpp:45] spyder player starting (H.264 + SP2S cmdstream)
[2026-07-19 09:59:52.185] [info] [PlayerWireBridge.cpp:143] PlayerWireBridge: connected to stream relay
[2026-07-19 09:59:52.239] [info] [player_core.cpp:71] SessionConfig: sensors=0x1 orientation=254 transport=0 flags=0x3
[2026-07-19 09:59:52.239] [info] [PlayerRender.cpp:147] PlayerRender: window 1180x820 for orientation=254
[2026-07-19 09:59:52.239] [info] [PlayerRender.cpp:155] PlayerRender: headless — no renderer/decoder
[2026-07-19 09:59:52.239] [info] [PlayerRender.cpp:229] PlayerRender: no local accelerometer — tilt gestures (Shift+drag) forward to the server's synthesizer
[2026-07-19 09:59:52.239] [info] [player_core.cpp:150] orientation settle: window 1180x820 after 0ms
[2026-07-19 09:59:52.239] [info] [player_core.cpp:183] DeviceInfo 1180x820 @1x class=2 safe=(0,0 1180x820) draw=(0,0 1180x820)
[2026-07-19 09:59:52.240] [info] [player_core.cpp:211] SP2T: opened durable db /Users/marcelo/Library/Application Support/squz/spyder-player/games/tiltbuggy.db
[2026-07-19 09:59:52.240] [info] [PlayerWireBridge.cpp:225] PlayerWireBridge: SP2T snapshot sent (24576 bytes)
[2026-07-19 09:59:52.240] [info] [player_core.cpp:235] SP2T: seeded server from player durable db /Users/marcelo/Library/Application Support/squz/spyder-player/games/tiltbuggy.db (24576 bytes, game=tiltbuggy)
[2026-07-19 09:59:52.240] [info] [player_core.cpp:245] player: entering main loop (wire open=true)
[2026-07-19 09:59:52.240] [info] [player_core.cpp:312] player: input script loaded (/Users/marcelo/work/github.com/squz/ge/verdicts/T163/20260718T235948Z/gesture-b.txt)
[2026-07-19 09:59:52.240] [info] [PlayerWireBridge.cpp:689] PlayerWireBridge: SessionConfig update transport=cmdstream
[2026-07-19 09:59:52.240] [info] [player_core.cpp:258] player: SessionConfig mid-session — re-sending DeviceInfo
[2026-07-19 09:59:52.309] [info] [PlayerWireBridge.cpp:676] PlayerWireBridge: SP2A arm=0
[2026-07-19 09:59:52.378] [info] [PlayerWireBridge.cpp:655] PlayerWireBridge: SP2S SpriteRun seq=0 wire=2925961B runs=6 qdepth=1 cache=15 full=15 refs=4
[2026-07-19 09:59:52.378] [info] [PlayerWireBridge.cpp:704] PlayerWireBridge: SP2T snapshot received (24576 bytes)
[2026-07-19 09:59:52.378] [info] [PlayerWireBridge.cpp:655] PlayerWireBridge: SP2S SpriteRun seq=1 wire=469B runs=6 qdepth=2 cache=15 full=0 refs=12
[2026-07-19 09:59:52.378] [info] [PlayerWireBridge.cpp:655] PlayerWireBridge: SP2S SpriteRun seq=2 wire=469B runs=6 qdepth=3 cache=15 full=0 refs=12
[2026-07-19 09:59:52.378] [info] [player_core.cpp:367] SP2T: wrote durable snapshot /Users/marcelo/Library/Application Support/squz/spyder-player/games/tiltbuggy.db (24576 bytes, game=tiltbuggy)
[2026-07-19 09:59:52.853] [info] [PlayerWireBridge.cpp:704] PlayerWireBridge: SP2T snapshot received (24576 bytes)
[2026-07-19 09:59:52.854] [info] [player_core.cpp:367] SP2T: wrote durable snapshot /Users/marcelo/Library/Application Support/squz/spyder-player/games/tiltbuggy.db (24576 bytes, game=tiltbuggy)
[2026-07-19 09:59:53.244] [info] [player_core.cpp:553] PlayerFPS: 56.8 fps over 1.00s (57 frames) cmdstream=0 last_wire=0B last_seq=0
[2026-07-19 09:59:53.287] [info] [PlayerWireBridge.cpp:655] PlayerWireBridge: SP2S SpriteRun seq=60 wire=469B runs=6 qdepth=1 cache=15 full=0 refs=12
[2026-07-19 09:59:53.370] [info] [PlayerWireBridge.cpp:704] PlayerWireBridge: SP2T snapshot received (24576 bytes)
[2026-07-19 09:59:53.370] [info] [player_core.cpp:367] SP2T: wrote durable snapshot /Users/marcelo/Library/Application Support/squz/spyder-player/games/tiltbuggy.db (24576 bytes, game=tiltbuggy)
[2026-07-19 09:59:53.870] [info] [PlayerWireBridge.cpp:704] PlayerWireBridge: SP2T snapshot received (24576 bytes)
[2026-07-19 09:59:53.870] [info] [player_core.cpp:367] SP2T: wrote durable snapshot /Users/marcelo/Library/Application Support/squz/spyder-player/games/tiltbuggy.db (24576 bytes, game=tiltbuggy)
[2026-07-19 09:59:54.244] [info] [player_core.cpp:553] PlayerFPS: 61.0 fps over 1.00s (61 frames) cmdstream=0 last_wire=0B last_seq=0
[2026-07-19 09:59:54.287] [info] [PlayerWireBridge.cpp:655] PlayerWireBridge: SP2S SpriteRun seq=120 wire=469B runs=6 qdepth=1 cache=15 full=0 refs=12
[2026-07-19 09:59:54.387] [info] [PlayerWireBridge.cpp:704] PlayerWireBridge: SP2T snapshot received (24576 bytes)
[2026-07-19 09:59:54.387] [info] [player_core.cpp:367] SP2T: wrote durable snapshot /Users/marcelo/Library/Application Support/squz/spyder-player/games/tiltbuggy.db (24576 bytes, game=tiltbuggy)
[2026-07-19 09:59:54.903] [info] [PlayerWireBridge.cpp:704] PlayerWireBridge: SP2T snapshot received (24576 bytes)
[2026-07-19 09:59:54.904] [info] [player_core.cpp:367] SP2T: wrote durable snapshot /Users/marcelo/Library/Application Support/squz/spyder-player/games/tiltbuggy.db (24576 bytes, game=tiltbuggy)
[2026-07-19 09:59:55.244] [info] [player_core.cpp:553] PlayerFPS: 60.0 fps over 1.00s (60 frames) cmdstream=0 last_wire=0B last_seq=0
[2026-07-19 09:59:55.287] [info] [PlayerWireBridge.cpp:655] PlayerWireBridge: SP2S SpriteRun seq=180 wire=617B runs=6 qdepth=1 cache=48 full=1 refs=11
[2026-07-19 09:59:55.420] [info] [PlayerWireBridge.cpp:704] PlayerWireBridge: SP2T snapshot received (24576 bytes)
[2026-07-19 09:59:55.420] [info] [player_core.cpp:367] SP2T: wrote durable snapshot /Users/marcelo/Library/Application Support/squz/spyder-player/games/tiltbuggy.db (24576 bytes, game=tiltbuggy)
[2026-07-19 09:59:55.937] [info] [PlayerWireBridge.cpp:704] PlayerWireBridge: SP2T snapshot received (24576 bytes)
[2026-07-19 09:59:55.937] [info] [player_core.cpp:367] SP2T: wrote durable snapshot /Users/marcelo/Library/Application Support/squz/spyder-player/games/tiltbuggy.db (24576 bytes, game=tiltbuggy)
[2026-07-19 09:59:56.244] [info] [player_core.cpp:553] PlayerFPS: 60.0 fps over 1.00s (60 frames) cmdstream=0 last_wire=0B last_seq=0
[2026-07-19 09:59:56.266] [info] [player_core.cpp:300] PlayerLog: 4266653 ticks, 118 decoded (4224339 empty), seq 4-117 (0 gaps), maxDrain=0.0ms maxRender=0.0ms maxGap=33.7ms pump avg=0.0/max=33.6ms ev avg=0.0/max=0.1ms upload avg=0.0/max=0.0ms
[2026-07-19 09:59:56.287] [info] [PlayerWireBridge.cpp:655] PlayerWireBridge: SP2S SpriteRun seq=240 wire=617B runs=6 qdepth=1 cache=108 full=1 refs=11
[2026-07-19 09:59:56.453] [info] [PlayerWireBridge.cpp:704] PlayerWireBridge: SP2T snapshot received (24576 bytes)
[2026-07-19 09:59:56.453] [info] [player_core.cpp:367] SP2T: wrote durable snapshot /Users/marcelo/Library/Application Support/squz/spyder-player/games/tiltbuggy.db (24576 bytes, game=tiltbuggy)
[2026-07-19 09:59:56.970] [info] [PlayerWireBridge.cpp:704] PlayerWireBridge: SP2T snapshot received (24576 bytes)
[2026-07-19 09:59:56.970] [info] [player_core.cpp:367] SP2T: wrote durable snapshot /Users/marcelo/Library/Application Support/squz/spyder-player/games/tiltbuggy.db (24576 bytes, game=tiltbuggy)
[2026-07-19 09:59:57.244] [info] [player_core.cpp:553] PlayerFPS: 60.0 fps over 1.00s (60 frames) cmdstream=0 last_wire=0B last_seq=0
[2026-07-19 09:59:57.287] [info] [PlayerWireBridge.cpp:655] PlayerWireBridge: SP2S SpriteRun seq=300 wire=617B runs=6 qdepth=1 cache=168 full=1 refs=11
[2026-07-19 09:59:57.487] [info] [PlayerWireBridge.cpp:704] PlayerWireBridge: SP2T snapshot received (24576 bytes)
[2026-07-19 09:59:57.487] [info] [player_core.cpp:367] SP2T: wrote durable snapshot /Users/marcelo/Library/Application Support/squz/spyder-player/games/tiltbuggy.db (24576 bytes, game=tiltbuggy)
[2026-07-19 09:59:57.739] [info] [player_core.cpp:417] player: script complete — exiting
[2026-07-19 09:59:57.739] [info] [player_core.cpp:572] Player exited (328 frames decoded)
[2026-07-19 09:59:58.289] [info] [player_core.cpp:300] PlayerLog: 4422938 ticks, 120 decoded (4422818 empty), seq 118-237 (0 gaps), maxDrain=0.0ms maxRender=0.0ms maxGap=15.0ms pump avg=0.0/max=0.1ms ev avg=0.0/max=0.0ms upload avg=0.0/max=0.0ms
