[2026-07-19 09:05:12.940] [info] [player_core.cpp:45] spyder player starting (H.264 + SP2S cmdstream)
[2026-07-19 09:05:12.941] [info] [PlayerWireBridge.cpp:143] PlayerWireBridge: connected to stream relay
[2026-07-19 09:05:12.999] [info] [player_core.cpp:71] SessionConfig: sensors=0x1 orientation=254 transport=0 flags=0x3
[2026-07-19 09:05:13.000] [info] [PlayerRender.cpp:147] PlayerRender: window 2048x1536 for orientation=254
[2026-07-19 09:05:13.000] [info] [PlayerRender.cpp:155] PlayerRender: headless — no renderer/decoder
[2026-07-19 09:05:13.000] [info] [PlayerRender.cpp:229] PlayerRender: no local accelerometer — tilt gestures (Shift+drag) forward to the server's synthesizer
[2026-07-19 09:05:13.000] [info] [player_core.cpp:150] orientation settle: window 2048x1536 after 0ms
[2026-07-19 09:05:13.000] [info] [player_core.cpp:183] DeviceInfo 2048x1536 @1x class=1 safe=(0,0 2048x1536) draw=(0,0 2048x1536)
[2026-07-19 09:05:13.001] [info] [player_core.cpp:211] SP2T: opened durable db /Users/marcelo/Library/Application Support/squz/spyder-player/games/tiltbuggy.db
[2026-07-19 09:05:13.001] [info] [PlayerWireBridge.cpp:225] PlayerWireBridge: SP2T snapshot sent (24576 bytes)
[2026-07-19 09:05:13.001] [info] [player_core.cpp:235] SP2T: seeded server from player durable db /Users/marcelo/Library/Application Support/squz/spyder-player/games/tiltbuggy.db (24576 bytes, game=tiltbuggy)
[2026-07-19 09:05:13.001] [info] [player_core.cpp:245] player: entering main loop (wire open=true)
[2026-07-19 09:05:13.001] [info] [player_core.cpp:312] player: input script loaded (/Users/marcelo/work/github.com/squz/ge/verdicts/T156.6/20260718T230454Z/gesture-finger.txt)
[2026-07-19 09:05:13.001] [info] [PlayerWireBridge.cpp:689] PlayerWireBridge: SessionConfig update transport=cmdstream
[2026-07-19 09:05:13.001] [info] [player_core.cpp:258] player: SessionConfig mid-session — re-sending DeviceInfo
[2026-07-19 09:05:13.068] [info] [PlayerWireBridge.cpp:676] PlayerWireBridge: SP2A arm=0
[2026-07-19 09:05:13.126] [info] [PlayerWireBridge.cpp:655] PlayerWireBridge: SP2S SpriteRun seq=0 wire=2915593B runs=6 qdepth=1 cache=15 full=15 refs=4
[2026-07-19 09:05:13.126] [info] [PlayerWireBridge.cpp:704] PlayerWireBridge: SP2T snapshot received (24576 bytes)
[2026-07-19 09:05:13.126] [info] [PlayerWireBridge.cpp:655] PlayerWireBridge: SP2S SpriteRun seq=1 wire=469B runs=6 qdepth=2 cache=15 full=0 refs=12
[2026-07-19 09:05:13.126] [info] [PlayerWireBridge.cpp:655] PlayerWireBridge: SP2S SpriteRun seq=2 wire=469B runs=6 qdepth=3 cache=15 full=0 refs=12
[2026-07-19 09:05:13.126] [info] [player_core.cpp:367] SP2T: wrote durable snapshot /Users/marcelo/Library/Application Support/squz/spyder-player/games/tiltbuggy.db (24576 bytes, game=tiltbuggy)
[2026-07-19 09:05:13.618] [info] [PlayerWireBridge.cpp:704] PlayerWireBridge: SP2T snapshot received (24576 bytes)
[2026-07-19 09:05:13.618] [info] [player_core.cpp:367] SP2T: wrote durable snapshot /Users/marcelo/Library/Application Support/squz/spyder-player/games/tiltbuggy.db (24576 bytes, game=tiltbuggy)
[2026-07-19 09:05:14.001] [info] [player_core.cpp:553] PlayerFPS: 57.0 fps over 1.00s (57 frames) cmdstream=0 last_wire=0B last_seq=0
[2026-07-19 09:05:14.051] [info] [PlayerWireBridge.cpp:655] PlayerWireBridge: SP2S SpriteRun seq=60 wire=469B runs=6 qdepth=1 cache=15 full=0 refs=12
[2026-07-19 09:05:14.118] [info] [PlayerWireBridge.cpp:704] PlayerWireBridge: SP2T snapshot received (24576 bytes)
[2026-07-19 09:05:14.118] [info] [player_core.cpp:367] SP2T: wrote durable snapshot /Users/marcelo/Library/Application Support/squz/spyder-player/games/tiltbuggy.db (24576 bytes, game=tiltbuggy)
[2026-07-19 09:05:14.501] [info] [PlayerWireBridge.cpp:676] PlayerWireBridge: SP2A arm=1
[2026-07-19 09:05:14.635] [info] [PlayerWireBridge.cpp:704] PlayerWireBridge: SP2T snapshot received (24576 bytes)
[2026-07-19 09:05:14.635] [info] [player_core.cpp:367] SP2T: wrote durable snapshot /Users/marcelo/Library/Application Support/squz/spyder-player/games/tiltbuggy.db (24576 bytes, game=tiltbuggy)
[2026-07-19 09:05:15.001] [info] [player_core.cpp:553] PlayerFPS: 60.0 fps over 1.00s (60 frames) cmdstream=0 last_wire=0B last_seq=0
[2026-07-19 09:05:15.051] [info] [PlayerWireBridge.cpp:655] PlayerWireBridge: SP2S SpriteRun seq=120 wire=3569B runs=6 qdepth=1 cache=108 full=3 refs=9
[2026-07-19 09:05:15.151] [info] [PlayerWireBridge.cpp:704] PlayerWireBridge: SP2T snapshot received (24576 bytes)
[2026-07-19 09:05:15.152] [info] [player_core.cpp:367] SP2T: wrote durable snapshot /Users/marcelo/Library/Application Support/squz/spyder-player/games/tiltbuggy.db (24576 bytes, game=tiltbuggy)
[2026-07-19 09:05:15.652] [info] [PlayerWireBridge.cpp:704] PlayerWireBridge: SP2T snapshot received (24576 bytes)
[2026-07-19 09:05:15.652] [info] [player_core.cpp:367] SP2T: wrote durable snapshot /Users/marcelo/Library/Application Support/squz/spyder-player/games/tiltbuggy.db (24576 bytes, game=tiltbuggy)
[2026-07-19 09:05:15.801] [info] [PlayerWireBridge.cpp:676] PlayerWireBridge: SP2A arm=0
[2026-07-19 09:05:16.001] [info] [player_core.cpp:553] PlayerFPS: 60.0 fps over 1.00s (60 frames) cmdstream=0 last_wire=0B last_seq=0
[2026-07-19 09:05:16.052] [info] [PlayerWireBridge.cpp:655] PlayerWireBridge: SP2S SpriteRun seq=180 wire=5009B runs=6 qdepth=1 cache=288 full=3 refs=9
[2026-07-19 09:05:16.152] [info] [PlayerWireBridge.cpp:704] PlayerWireBridge: SP2T snapshot received (24576 bytes)
[2026-07-19 09:05:16.152] [info] [player_core.cpp:367] SP2T: wrote durable snapshot /Users/marcelo/Library/Application Support/squz/spyder-player/games/tiltbuggy.db (24576 bytes, game=tiltbuggy)
[2026-07-19 09:05:16.668] [info] [PlayerWireBridge.cpp:704] PlayerWireBridge: SP2T snapshot received (24576 bytes)
[2026-07-19 09:05:16.668] [info] [player_core.cpp:367] SP2T: wrote durable snapshot /Users/marcelo/Library/Application Support/squz/spyder-player/games/tiltbuggy.db (24576 bytes, game=tiltbuggy)
[2026-07-19 09:05:16.701] [info] [player_core.cpp:417] player: script complete — exiting
[2026-07-19 09:05:16.701] [info] [player_core.cpp:572] Player exited (219 frames decoded)
[2026-07-19 09:05:17.026] [info] [player_core.cpp:300] PlayerLog: 4455527 ticks, 118 decoded (4455412 empty), seq 3-117 (0 gaps), maxDrain=0.0ms maxRender=0.0ms maxGap=22.7ms pump avg=0.0/max=22.7ms ev avg=0.0/max=0.0ms upload avg=0.0/max=0.0ms
