[2026-07-19 09:05:00.437] [info] [iap.cpp:160] ge::iap: mode resolved to 'stub'
[2026-07-19 09:05:00.437] [info] [main.cpp:205] iap: restore complete ok=true error=
[2026-07-19 09:05:00.485] [ge] [info] [SessionHost_server.mm:98] runServer: 'tiltbuggy' streaming to relay 127.0.0.1:3131
[2026-07-19 09:05:00.485] [ge] [info] [SessionHost_server.mm:126] runServer: console stream host (not a desktop game window)
[2026-07-19 09:05:00.485] [ge] [info] [ServerSession.mm:619] ServerSession: connected to relay 127.0.0.1:3131 as 'tiltbuggy'
[2026-07-19 09:05:00.529] [ge] [info] [SokolContext.mm:180] SokolContext: 2048x1536 Metal (Apple M4 Max)
[2026-07-19 09:05:00.529] [ge] [info] [DirectRenderHost.mm:456] DirectRenderHost: gesture accelerometer synthesis enabled (armOnPrimary=false)
[2026-07-19 09:05:00.529] [ge] [info] [DirectRenderHost.mm:473] DirectRenderHost: GE_SENSOR_TRACE on (/Users/marcelo/work/github.com/squz/ge/verdicts/T156.6/20260718T230454Z/shift-stream.trace)
[2026-07-19 09:05:00.529] [ge] [info] [DirectRenderHost.mm:476] DirectRenderHost: 2048x1536
[2026-07-19 09:05:00.529] [ge] [info] [DirectRenderHost.mm:506] DirectRenderHost: stream server ephemeral db (:memory:)
[2026-07-19 09:05:00.529] [ge] [info] [Context.cpp:64] Context: opening db path=':memory:' schemaDdl=145B
[2026-07-19 09:05:00.531] [ge] [info] [Context.cpp:67] Context: db open ok
[2026-07-19 09:05:00.531] [ge] [info] [DirectRenderHost.mm:522] DirectRenderHost: Context ready — applying safe insets
[2026-07-19 09:05:00.531] [ge] [info] [DirectRenderHost.mm:524] DirectRenderHost: drawSafe insets applied
[2026-07-19 09:05:00.531] [ge] [info] [DirectRenderHost.mm:526] DirectRenderHost: uiSafe insets applied
[2026-07-19 09:05:00.531] [ge] [info] [DirectRenderHost.mm:586] DirectRenderHost: constructor complete
[2026-07-19 09:05:00.531] [ge] [info] [ServerSession.mm:733] ServerSession: SP2T working db bound (ok, schema=145 bytes)
[2026-07-19 09:05:00.550] [ge] [info] [main.cpp:411] onEvent type=0x305
[2026-07-19 09:05:00.550] [ge] [info] [main.cpp:411] onEvent type=0x404
[2026-07-19 09:05:00.550] [ge] [info] [main.cpp:411] onEvent type=0x214
[2026-07-19 09:05:01.031] [ge] [info] [main.cpp:354] tiltbuggy: pose → db [0.00,0.00,0.00] t=0.5
[2026-07-19 09:05:01.514] [ge] [info] [main.cpp:372] tick: dt=0.0167 g=[0.00,0.00] pose=[0.00,0.00,0.00] grip=[150,150] pro=false
[2026-07-19 09:05:01.548] [ge] [info] [main.cpp:354] tiltbuggy: pose → db [0.00,0.00,0.00] t=1.1
[2026-07-19 09:05:01.958] [ge] [info] [ServerSession.mm:350] ServerSession: spawned child pid 12267 for session s1 (own world/state)
[2026-07-19 09:05:01.964] [info] [iap.cpp:160] ge::iap: mode resolved to 'stub'
[2026-07-19 09:05:01.965] [info] [main.cpp:205] iap: restore complete ok=true error=
[2026-07-19 09:05:02.025] [ge] [info] [SessionHost_server.mm:98] runServer: 'tiltbuggy' streaming to relay 127.0.0.1:3131
[2026-07-19 09:05:02.025] [ge] [info] [SessionHost_server.mm:126] runServer: console stream host (not a desktop game window)
[2026-07-19 09:05:02.025] [ge] [info] [ServerSession.mm:247] ServerSession: SessionConfig sensors=0x1 orientation=254 transport=0 flags=0x3 (immersive=1 noSaver=1) session=s1
[2026-07-19 09:05:02.025] [ge] [info] [ServerSession.mm:259] ServerSession: player attached (session s1), wires=1 primary=1
[2026-07-19 09:05:02.025] [ge] [info] [ServerSession.mm:497] ServerSession: player DeviceInfo 2048x1536 @1x class=3 ui=(0,0 2048x1536) draw=(0,0 2048x1536) caps=0x3
[2026-07-19 09:05:02.025] [ge] [info] [ServerSession.mm:599] ServerSession: transport=cmdstream (player_cmdstream=true force_h264=false)
[2026-07-19 09:05:02.025] [ge] [info] [ServerSession.mm:604] ServerSession: cmdstream LiveCapture armed (sprite runs)
[2026-07-19 09:05:02.027] [ge] [warning] [ServerSession.mm:566] ServerSession: SP2T snapshot apply failed (db=0 n=24576)
[2026-07-19 09:05:02.028] [ge] [info] [ServerSession.mm:497] ServerSession: player DeviceInfo 2048x1536 @1x class=3 ui=(0,0 2048x1536) draw=(0,0 2048x1536) caps=0x3
[2026-07-19 09:05:02.028] [ge] [info] [ServerSession.mm:497] ServerSession: player DeviceInfo 2048x1536 @1x class=3 ui=(0,0 2048x1536) draw=(0,0 2048x1536) caps=0x3
[2026-07-19 09:05:02.064] [ge] [info] [main.cpp:354] tiltbuggy: pose → db [0.00,0.00,0.00] t=1.6
[2026-07-19 09:05:02.074] [ge] [info] [SokolContext.mm:180] SokolContext: 2048x1536 Metal (Apple M4 Max)
[2026-07-19 09:05:02.075] [ge] [info] [DirectRenderHost.mm:456] DirectRenderHost: gesture accelerometer synthesis enabled (armOnPrimary=false)
[2026-07-19 09:05:02.075] [ge] [info] [DirectRenderHost.mm:476] DirectRenderHost: 2048x1536
[2026-07-19 09:05:02.075] [ge] [info] [DirectRenderHost.mm:506] DirectRenderHost: stream server ephemeral db (:memory:)
[2026-07-19 09:05:02.075] [ge] [info] [Context.cpp:64] Context: opening db path=':memory:' schemaDdl=145B
[2026-07-19 09:05:02.075] [ge] [info] [Context.cpp:67] Context: db open ok
[2026-07-19 09:05:02.075] [ge] [info] [DirectRenderHost.mm:522] DirectRenderHost: Context ready — applying safe insets
[2026-07-19 09:05:02.075] [ge] [info] [DirectRenderHost.mm:524] DirectRenderHost: drawSafe insets applied
[2026-07-19 09:05:02.075] [ge] [info] [DirectRenderHost.mm:526] DirectRenderHost: uiSafe insets applied
[2026-07-19 09:05:02.075] [ge] [info] [DirectRenderHost.mm:586] DirectRenderHost: constructor complete
[2026-07-19 09:05:02.075] [ge] [info] [ServerSession.mm:733] ServerSession: SP2T working db bound (ok, schema=145 bytes)
[2026-07-19 09:05:02.117] [ge] [info] [main.cpp:411] onEvent type=0x305
[2026-07-19 09:05:02.117] [ge] [info] [main.cpp:411] onEvent type=0x404
[2026-07-19 09:05:02.117] [ge] [info] [main.cpp:411] onEvent type=0x214
[2026-07-19 09:05:02.117] [ge] [info] [DirectRenderHost.mm:1100] DirectRenderHost: seat sensor authority = host AccelSynth
[2026-07-19 09:05:02.117] [ge] [info] [ServerSession.mm:312] ServerSession: SP2A arm=0 → primary seat
[2026-07-19 09:05:02.117] [ge] [info] [ServerSession.mm:779] ServerSession: cold frame forced for late joiner
[2026-07-19 09:05:02.156] [ge] [info] [ServerSession.mm:820] ServerSession: SP2S frame#1 wire=2923657B runs=6 full_blobs=15 refs=4 full_blob_bytes=2922822
[2026-07-19 09:05:02.156] [ge] [info] [ServerSession.mm:188] ServerSession: SP2T snapshot pushed (24576 bytes, stream)
[2026-07-19 09:05:02.157] [ge] [info] [ServerSession.mm:820] ServerSession: SP2S frame#2 wire=469B runs=6 full_blobs=0 refs=12 full_blob_bytes=0
[2026-07-19 09:05:02.189] [ge] [info] [ServerSession.mm:820] ServerSession: SP2S frame#3 wire=469B runs=6 full_blobs=0 refs=12 full_blob_bytes=0
[2026-07-19 09:05:02.193] [ge] [info] [ServerSession.mm:820] ServerSession: SP2S frame#4 wire=469B runs=6 full_blobs=0 refs=12 full_blob_bytes=0
[2026-07-19 09:05:02.199] [ge] [info] [ServerSession.mm:820] ServerSession: SP2S frame#5 wire=469B runs=6 full_blobs=0 refs=12 full_blob_bytes=0
[2026-07-19 09:05:02.514] [ge] [info] [main.cpp:372] tick: dt=0.0167 g=[0.00,0.00] pose=[0.00,0.00,0.00] grip=[150,150] pro=false
[2026-07-19 09:05:02.564] [ge] [info] [main.cpp:354] tiltbuggy: pose → db [0.00,0.00,0.00] t=2.1
[2026-07-19 09:05:02.575] [ge] [info] [main.cpp:354] tiltbuggy: pose → db [0.00,0.00,0.00] t=0.6
[2026-07-19 09:05:02.659] [ge] [info] [ServerSession.mm:188] ServerSession: SP2T snapshot pushed (24576 bytes, stream)
[2026-07-19 09:05:03.059] [ge] [info] [main.cpp:372] tick: dt=0.0167 g=[0.00,0.00] pose=[0.00,0.00,0.00] grip=[150,150] pro=false
[2026-07-19 09:05:03.059] [ge] [info] [ServerSession.mm:820] ServerSession: SP2S frame#60 wire=469B runs=6 full_blobs=0 refs=12 full_blob_bytes=0
[2026-07-19 09:05:03.081] [ge] [info] [main.cpp:354] tiltbuggy: pose → db [0.00,0.00,0.00] t=2.6
[2026-07-19 09:05:03.092] [ge] [info] [main.cpp:354] tiltbuggy: pose → db [0.00,0.00,0.00] t=1.1
[2026-07-19 09:05:03.175] [ge] [info] [ServerSession.mm:188] ServerSession: SP2T snapshot pushed (24576 bytes, stream)
[2026-07-19 09:05:03.514] [ge] [info] [main.cpp:372] tick: dt=0.0167 g=[0.00,0.00] pose=[0.00,0.00,0.00] grip=[150,150] pro=false
[2026-07-19 09:05:03.542] [ge] [info] [main.cpp:411] onEvent type=0x1200
[2026-07-19 09:05:03.542] [ge] [info] [main.cpp:443] ACCEL accel=[+0.00,+0.00,+0.00] gravity=[-0.00,-0.00]
[2026-07-19 09:05:03.542] [ge] [info] [ServerSession.mm:312] ServerSession: SP2A arm=1 → primary seat
[2026-07-19 09:05:03.559] [ge] [info] [main.cpp:411] onEvent type=0x1200
[2026-07-19 09:05:03.559] [ge] [info] [main.cpp:443] ACCEL accel=[+0.00,+0.00,+0.00] gravity=[-0.00,-0.00]
[2026-07-19 09:05:03.575] [ge] [info] [main.cpp:411] onEvent type=0x1200
[2026-07-19 09:05:03.575] [ge] [info] [main.cpp:443] ACCEL accel=[+0.00,+0.00,+0.00] gravity=[-0.00,-0.00]
[2026-07-19 09:05:03.592] [ge] [info] [main.cpp:411] onEvent type=0x1200
[2026-07-19 09:05:03.592] [ge] [info] [main.cpp:443] ACCEL accel=[+1.27,+0.00,+0.00] gravity=[-12.72,-0.00]
[2026-07-19 09:05:03.592] [ge] [info] [main.cpp:354] tiltbuggy: pose → db [-0.00,0.00,0.00] t=1.6
[2026-07-19 09:05:03.592] [ge] [info] [main.cpp:411] onEvent type=0x1200
[2026-07-19 09:05:03.592] [ge] [info] [main.cpp:443] ACCEL accel=[+1.27,+0.00,+0.00] gravity=[-12.72,-0.00]
[2026-07-19 09:05:03.598] [ge] [info] [main.cpp:354] tiltbuggy: pose → db [0.00,0.00,0.00] t=3.1
[2026-07-19 09:05:03.609] [ge] [info] [main.cpp:411] onEvent type=0x1200
[2026-07-19 09:05:03.609] [ge] [info] [main.cpp:443] ACCEL accel=[+1.27,+0.00,+0.00] gravity=[-12.72,-0.00]
[2026-07-19 09:05:03.625] [ge] [info] [main.cpp:411] onEvent type=0x1200
[2026-07-19 09:05:03.625] [ge] [info] [main.cpp:443] ACCEL accel=[+1.27,+0.00,+0.00] gravity=[-12.72,-0.00]
[2026-07-19 09:05:03.642] [ge] [info] [main.cpp:411] onEvent type=0x1200
[2026-07-19 09:05:03.642] [ge] [info] [main.cpp:443] ACCEL accel=[+2.52,+0.00,+0.00] gravity=[-25.22,-0.00]
[2026-07-19 09:05:03.642] [ge] [info] [main.cpp:411] onEvent type=0x1200
[2026-07-19 09:05:03.642] [ge] [info] [main.cpp:443] ACCEL accel=[+2.52,+0.00,+0.00] gravity=[-25.22,-0.00]
[2026-07-19 09:05:03.659] [ge] [info] [main.cpp:411] onEvent type=0x1200
[2026-07-19 09:05:03.659] [ge] [info] [main.cpp:443] ACCEL accel=[+2.52,+0.00,+0.00] gravity=[-25.22,-0.00]
[2026-07-19 09:05:03.675] [ge] [info] [main.cpp:411] onEvent type=0x1200
[2026-07-19 09:05:03.675] [ge] [info] [main.cpp:443] ACCEL accel=[+2.52,+0.00,+0.00] gravity=[-25.22,-0.00]
[2026-07-19 09:05:03.675] [ge] [info] [ServerSession.mm:188] ServerSession: SP2T snapshot pushed (24576 bytes, stream)
[2026-07-19 09:05:03.692] [ge] [info] [main.cpp:411] onEvent type=0x1200
[2026-07-19 09:05:03.692] [ge] [info] [main.cpp:443] ACCEL accel=[+2.52,+0.00,+0.00] gravity=[-25.22,-0.00]
[2026-07-19 09:05:03.709] [ge] [info] [main.cpp:411] onEvent type=0x1200
[2026-07-19 09:05:03.709] [ge] [info] [main.cpp:443] ACCEL accel=[+2.52,+0.00,+0.00] gravity=[-25.22,-0.00]
[2026-07-19 09:05:03.725] [ge] [info] [main.cpp:411] onEvent type=0x1200
[2026-07-19 09:05:03.725] [ge] [info] [main.cpp:443] ACCEL accel=[+2.52,+0.00,+0.00] gravity=[-25.22,-0.00]
[2026-07-19 09:05:03.742] [ge] [info] [main.cpp:411] onEvent type=0x1200
[2026-07-19 09:05:03.742] [ge] [info] [main.cpp:443] ACCEL accel=[+2.52,+0.00,+0.00] gravity=[-25.22,-0.00]
[2026-07-19 09:05:03.759] [ge] [info] [main.cpp:411] onEvent type=0x1200
[2026-07-19 09:05:03.759] [ge] [info] [main.cpp:443] ACCEL accel=[+2.52,+0.00,+0.00] gravity=[-25.22,-0.00]
[2026-07-19 09:05:03.775] [ge] [info] [main.cpp:411] onEvent type=0x1200
[2026-07-19 09:05:03.775] [ge] [info] [main.cpp:443] ACCEL accel=[+2.52,+0.00,+0.00] gravity=[-25.22,-0.00]
[2026-07-19 09:05:03.792] [ge] [info] [main.cpp:411] onEvent type=0x1200
[2026-07-19 09:05:03.792] [ge] [info] [main.cpp:443] ACCEL accel=[+2.52,+0.00,+0.00] gravity=[-25.22,-0.00]
[2026-07-19 09:05:03.809] [ge] [info] [main.cpp:411] onEvent type=0x1200
[2026-07-19 09:05:03.809] [ge] [info] [main.cpp:443] ACCEL accel=[+2.52,+0.00,+0.00] gravity=[-25.22,-0.00]
[2026-07-19 09:05:03.825] [ge] [info] [main.cpp:411] onEvent type=0x1200
[2026-07-19 09:05:03.825] [ge] [info] [main.cpp:443] ACCEL accel=[+2.52,+0.00,+0.00] gravity=[-25.22,-0.00]
[2026-07-19 09:05:03.842] [ge] [info] [main.cpp:411] onEvent type=0x1200
[2026-07-19 09:05:03.842] [ge] [info] [main.cpp:443] ACCEL accel=[+2.52,+0.00,+0.00] gravity=[-25.22,-0.00]
[2026-07-19 09:05:03.859] [ge] [info] [main.cpp:411] onEvent type=0x1200
[2026-07-19 09:05:03.859] [ge] [info] [main.cpp:443] ACCEL accel=[+2.52,+0.00,+0.00] gravity=[-25.22,-0.00]
[2026-07-19 09:05:03.875] [ge] [info] [main.cpp:411] onEvent type=0x1200
[2026-07-19 09:05:03.875] [ge] [info] [main.cpp:443] ACCEL accel=[+2.52,+0.00,+0.00] gravity=[-25.22,-0.00]
[2026-07-19 09:05:03.892] [ge] [info] [main.cpp:411] onEvent type=0x1200
[2026-07-19 09:05:03.892] [ge] [info] [main.cpp:443] ACCEL accel=[+2.52,+0.00,+0.00] gravity=[-25.22,-0.00]
[2026-07-19 09:05:03.909] [ge] [info] [main.cpp:411] onEvent type=0x1200
[2026-07-19 09:05:03.909] [ge] [info] [main.cpp:443] ACCEL accel=[+2.52,+0.00,+0.00] gravity=[-25.22,-0.00]
[2026-07-19 09:05:03.925] [ge] [info] [main.cpp:411] onEvent type=0x1200
[2026-07-19 09:05:03.925] [ge] [info] [main.cpp:443] ACCEL accel=[+2.52,+0.00,+0.00] gravity=[-25.22,-0.00]
[2026-07-19 09:05:03.942] [ge] [info] [main.cpp:411] onEvent type=0x1200
[2026-07-19 09:05:03.942] [ge] [info] [main.cpp:443] ACCEL accel=[+2.52,+0.00,+0.00] gravity=[-25.22,-0.00]
[2026-07-19 09:05:03.959] [ge] [info] [main.cpp:411] onEvent type=0x1200
[2026-07-19 09:05:03.959] [ge] [info] [main.cpp:443] ACCEL accel=[+2.52,+0.00,+0.00] gravity=[-25.22,-0.00]
[2026-07-19 09:05:03.975] [ge] [info] [main.cpp:411] onEvent type=0x1200
[2026-07-19 09:05:03.975] [ge] [info] [main.cpp:443] ACCEL accel=[+2.52,+0.00,+0.00] gravity=[-25.22,-0.00]
[2026-07-19 09:05:03.992] [ge] [info] [main.cpp:411] onEvent type=0x1200
[2026-07-19 09:05:03.992] [ge] [info] [main.cpp:443] ACCEL accel=[+2.52,+0.00,+0.00] gravity=[-25.22,-0.00]
[2026-07-19 09:05:04.009] [ge] [info] [main.cpp:411] onEvent type=0x1200
[2026-07-19 09:05:04.009] [ge] [info] [main.cpp:443] ACCEL accel=[+2.52,+0.00,+0.00] gravity=[-25.22,-0.00]
[2026-07-19 09:05:04.025] [ge] [info] [main.cpp:411] onEvent type=0x1200
[2026-07-19 09:05:04.025] [ge] [info] [main.cpp:443] ACCEL accel=[+2.52,+0.00,+0.00] gravity=[-25.22,-0.00]
[2026-07-19 09:05:04.042] [ge] [info] [main.cpp:411] onEvent type=0x1200
[2026-07-19 09:05:04.042] [ge] [info] [main.cpp:443] ACCEL accel=[+2.52,+0.00,+0.00] gravity=[-25.22,-0.00]
[2026-07-19 09:05:04.059] [ge] [info] [main.cpp:372] tick: dt=0.0167 g=[-25.22,-0.00] pose=[-2.67,0.00,0.00] grip=[150,150] pro=false
[2026-07-19 09:05:04.059] [ge] [info] [main.cpp:411] onEvent type=0x1200
[2026-07-19 09:05:04.059] [ge] [info] [main.cpp:443] ACCEL accel=[+2.52,+0.00,+0.00] gravity=[-25.22,-0.00]
[2026-07-19 09:05:04.059] [ge] [info] [ServerSession.mm:820] ServerSession: SP2S frame#120 wire=617B runs=6 full_blobs=1 refs=11 full_blob_bytes=144
[2026-07-19 09:05:04.075] [ge] [info] [main.cpp:411] onEvent type=0x1200
[2026-07-19 09:05:04.075] [ge] [info] [main.cpp:443] ACCEL accel=[+2.52,+0.00,+0.00] gravity=[-25.22,-0.00]
[2026-07-19 09:05:04.092] [ge] [info] [main.cpp:411] onEvent type=0x1200
[2026-07-19 09:05:04.092] [ge] [info] [main.cpp:443] ACCEL accel=[+2.52,+0.00,+0.00] gravity=[-25.22,-0.00]
[2026-07-19 09:05:04.098] [ge] [info] [main.cpp:354] tiltbuggy: pose → db [0.00,0.00,0.00] t=3.6
[2026-07-19 09:05:04.109] [ge] [info] [main.cpp:354] tiltbuggy: pose → db [-3.28,0.00,0.00] t=2.1
[2026-07-19 09:05:04.109] [ge] [info] [main.cpp:411] onEvent type=0x1200
[2026-07-19 09:05:04.109] [ge] [info] [main.cpp:443] ACCEL accel=[+2.52,+0.00,+0.00] gravity=[-25.22,-0.00]
[2026-07-19 09:05:04.125] [ge] [info] [main.cpp:411] onEvent type=0x1200
[2026-07-19 09:05:04.125] [ge] [info] [main.cpp:443] ACCEL accel=[+2.52,+0.00,+0.00] gravity=[-25.22,-0.00]
[2026-07-19 09:05:04.142] [ge] [info] [main.cpp:411] onEvent type=0x1200
[2026-07-19 09:05:04.142] [ge] [info] [main.cpp:443] ACCEL accel=[+2.52,+0.00,+0.00] gravity=[-25.22,-0.00]
[2026-07-19 09:05:04.159] [ge] [info] [main.cpp:411] onEvent type=0x1200
[2026-07-19 09:05:04.159] [ge] [info] [main.cpp:443] ACCEL accel=[+2.52,+0.00,+0.00] gravity=[-25.22,-0.00]
[2026-07-19 09:05:04.175] [ge] [info] [main.cpp:411] onEvent type=0x1200
[2026-07-19 09:05:04.175] [ge] [info] [main.cpp:443] ACCEL accel=[+2.52,+0.00,+0.00] gravity=[-25.22,-0.00]
[2026-07-19 09:05:04.175] [ge] [info] [ServerSession.mm:188] ServerSession: SP2T snapshot pushed (24576 bytes, stream)
[2026-07-19 09:05:04.192] [ge] [info] [main.cpp:411] onEvent type=0x1200
[2026-07-19 09:05:04.192] [ge] [info] [main.cpp:443] ACCEL accel=[+2.52,+0.00,+0.00] gravity=[-25.22,-0.00]
[2026-07-19 09:05:04.209] [ge] [info] [main.cpp:411] onEvent type=0x1200
[2026-07-19 09:05:04.209] [ge] [info] [main.cpp:443] ACCEL accel=[+2.52,+0.00,+0.00] gravity=[-25.22,-0.00]
[2026-07-19 09:05:04.225] [ge] [info] [main.cpp:411] onEvent type=0x1200
[2026-07-19 09:05:04.225] [ge] [info] [main.cpp:443] ACCEL accel=[+2.52,+0.00,+0.00] gravity=[-25.22,-0.00]
[2026-07-19 09:05:04.242] [ge] [info] [main.cpp:411] onEvent type=0x1200
[2026-07-19 09:05:04.242] [ge] [info] [main.cpp:443] ACCEL accel=[+2.52,+0.00,+0.00] gravity=[-25.22,-0.00]
[2026-07-19 09:05:04.259] [ge] [info] [main.cpp:411] onEvent type=0x1200
[2026-07-19 09:05:04.259] [ge] [info] [main.cpp:443] ACCEL accel=[+2.52,+0.00,+0.00] gravity=[-25.22,-0.00]
[2026-07-19 09:05:04.275] [ge] [info] [main.cpp:411] onEvent type=0x1200
[2026-07-19 09:05:04.275] [ge] [info] [main.cpp:443] ACCEL accel=[+2.52,+0.00,+0.00] gravity=[-25.22,-0.00]
[2026-07-19 09:05:04.292] [ge] [info] [main.cpp:411] onEvent type=0x1200
[2026-07-19 09:05:04.292] [ge] [info] [main.cpp:443] ACCEL accel=[+2.52,+0.00,+0.00] gravity=[-25.22,-0.00]
[2026-07-19 09:05:04.309] [ge] [info] [main.cpp:411] onEvent type=0x1200
[2026-07-19 09:05:04.309] [ge] [info] [main.cpp:443] ACCEL accel=[+2.52,+0.00,+0.00] gravity=[-25.22,-0.00]
[2026-07-19 09:05:04.325] [ge] [info] [main.cpp:411] onEvent type=0x1200
[2026-07-19 09:05:04.325] [ge] [info] [main.cpp:443] ACCEL accel=[+2.52,+0.00,+0.00] gravity=[-25.22,-0.00]
[2026-07-19 09:05:04.342] [ge] [info] [main.cpp:411] onEvent type=0x1200
[2026-07-19 09:05:04.342] [ge] [info] [main.cpp:443] ACCEL accel=[+2.52,+0.00,+0.00] gravity=[-25.22,-0.00]
[2026-07-19 09:05:04.359] [ge] [info] [main.cpp:411] onEvent type=0x1200
[2026-07-19 09:05:04.359] [ge] [info] [main.cpp:443] ACCEL accel=[+2.52,+0.00,+0.00] gravity=[-25.22,-0.00]
[2026-07-19 09:05:04.375] [ge] [info] [main.cpp:411] onEvent type=0x1200
[2026-07-19 09:05:04.375] [ge] [info] [main.cpp:443] ACCEL accel=[+2.52,+0.00,+0.00] gravity=[-25.22,-0.00]
[2026-07-19 09:05:04.392] [ge] [info] [main.cpp:411] onEvent type=0x1200
[2026-07-19 09:05:04.392] [ge] [info] [main.cpp:443] ACCEL accel=[+2.52,+0.00,+0.00] gravity=[-25.22,-0.00]
[2026-07-19 09:05:04.409] [ge] [info] [main.cpp:411] onEvent type=0x1200
[2026-07-19 09:05:04.409] [ge] [info] [main.cpp:443] ACCEL accel=[+2.52,+0.00,+0.00] gravity=[-25.22,-0.00]
[2026-07-19 09:05:04.425] [ge] [info] [main.cpp:411] onEvent type=0x1200
[2026-07-19 09:05:04.425] [ge] [info] [main.cpp:443] ACCEL accel=[+2.52,+0.00,+0.00] gravity=[-25.22,-0.00]
[2026-07-19 09:05:04.442] [ge] [info] [main.cpp:411] onEvent type=0x1200
[2026-07-19 09:05:04.442] [ge] [info] [main.cpp:443] ACCEL accel=[+2.52,+0.00,+0.00] gravity=[-25.22,-0.00]
[2026-07-19 09:05:04.459] [ge] [info] [main.cpp:411] onEvent type=0x1200
[2026-07-19 09:05:04.459] [ge] [info] [main.cpp:443] ACCEL accel=[+2.52,+0.00,+0.00] gravity=[-25.22,-0.00]
[2026-07-19 09:05:04.475] [ge] [info] [main.cpp:411] onEvent type=0x1200
[2026-07-19 09:05:04.475] [ge] [info] [main.cpp:443] ACCEL accel=[+2.52,+0.00,+0.00] gravity=[-25.22,-0.00]
[2026-07-19 09:05:04.492] [ge] [info] [main.cpp:411] onEvent type=0x1200
[2026-07-19 09:05:04.492] [ge] [info] [main.cpp:443] ACCEL accel=[+2.52,+0.00,+0.00] gravity=[-25.22,-0.00]
[2026-07-19 09:05:04.509] [ge] [info] [main.cpp:411] onEvent type=0x1200
[2026-07-19 09:05:04.509] [ge] [info] [main.cpp:443] ACCEL accel=[+2.52,+0.00,+0.00] gravity=[-25.22,-0.00]
[2026-07-19 09:05:04.514] [ge] [info] [main.cpp:372] tick: dt=0.0167 g=[0.00,0.00] pose=[0.00,0.00,0.00] grip=[150,150] pro=false
[2026-07-19 09:05:04.525] [ge] [info] [main.cpp:411] onEvent type=0x1200
[2026-07-19 09:05:04.525] [ge] [info] [main.cpp:443] ACCEL accel=[+2.52,+0.00,+0.00] gravity=[-25.22,-0.00]
[2026-07-19 09:05:04.542] [ge] [info] [main.cpp:411] onEvent type=0x1200
[2026-07-19 09:05:04.542] [ge] [info] [main.cpp:443] ACCEL accel=[+2.52,+0.00,+0.00] gravity=[-25.22,-0.00]
[2026-07-19 09:05:04.559] [ge] [info] [main.cpp:411] onEvent type=0x1200
[2026-07-19 09:05:04.559] [ge] [info] [main.cpp:443] ACCEL accel=[+2.52,+0.00,+0.00] gravity=[-25.22,-0.00]
[2026-07-19 09:05:04.575] [ge] [info] [main.cpp:411] onEvent type=0x1200
[2026-07-19 09:05:04.575] [ge] [info] [main.cpp:443] ACCEL accel=[+2.52,+0.00,+0.00] gravity=[-25.22,-0.00]
[2026-07-19 09:05:04.592] [ge] [info] [main.cpp:411] onEvent type=0x1200
[2026-07-19 09:05:04.592] [ge] [info] [main.cpp:443] ACCEL accel=[+2.52,+0.00,+0.00] gravity=[-25.22,-0.00]
[2026-07-19 09:05:04.598] [ge] [info] [main.cpp:354] tiltbuggy: pose → db [0.00,0.00,0.00] t=4.1
[2026-07-19 09:05:04.609] [ge] [info] [main.cpp:354] tiltbuggy: pose → db [-11.90,-0.01,0.10] t=2.6
[2026-07-19 09:05:04.609] [ge] [info] [main.cpp:411] onEvent type=0x1200
[2026-07-19 09:05:04.609] [ge] [info] [main.cpp:443] ACCEL accel=[+2.52,+0.00,+0.00] gravity=[-25.22,-0.00]
[2026-07-19 09:05:04.625] [ge] [info] [main.cpp:411] onEvent type=0x1200
[2026-07-19 09:05:04.625] [ge] [info] [main.cpp:443] ACCEL accel=[+2.52,+0.00,+0.00] gravity=[-25.22,-0.00]
[2026-07-19 09:05:04.642] [ge] [info] [main.cpp:411] onEvent type=0x1200
[2026-07-19 09:05:04.642] [ge] [info] [main.cpp:443] ACCEL accel=[+2.52,+0.00,+0.00] gravity=[-25.22,-0.00]
[2026-07-19 09:05:04.659] [ge] [info] [main.cpp:411] onEvent type=0x1200
[2026-07-19 09:05:04.659] [ge] [info] [main.cpp:443] ACCEL accel=[+2.52,+0.00,+0.00] gravity=[-25.22,-0.00]
[2026-07-19 09:05:04.675] [ge] [info] [main.cpp:411] onEvent type=0x1200
[2026-07-19 09:05:04.675] [ge] [info] [main.cpp:443] ACCEL accel=[+2.52,+0.00,+0.00] gravity=[-25.22,-0.00]
[2026-07-19 09:05:04.675] [ge] [info] [ServerSession.mm:188] ServerSession: SP2T snapshot pushed (24576 bytes, stream)
[2026-07-19 09:05:04.692] [ge] [info] [main.cpp:411] onEvent type=0x1200
[2026-07-19 09:05:04.692] [ge] [info] [main.cpp:443] ACCEL accel=[+2.52,+0.00,+0.00] gravity=[-25.22,-0.00]
[2026-07-19 09:05:04.709] [ge] [info] [main.cpp:411] onEvent type=0x1200
[2026-07-19 09:05:04.709] [ge] [info] [main.cpp:443] ACCEL accel=[+2.52,+0.00,+0.00] gravity=[-25.22,-0.00]
[2026-07-19 09:05:04.725] [ge] [info] [main.cpp:411] onEvent type=0x1200
[2026-07-19 09:05:04.725] [ge] [info] [main.cpp:443] ACCEL accel=[+2.52,+0.00,+0.00] gravity=[-25.22,-0.00]
[2026-07-19 09:05:04.742] [ge] [info] [main.cpp:411] onEvent type=0x1200
[2026-07-19 09:05:04.742] [ge] [info] [main.cpp:443] ACCEL accel=[+2.52,+0.00,+0.00] gravity=[-25.22,-0.00]
[2026-07-19 09:05:04.759] [ge] [info] [main.cpp:411] onEvent type=0x1200
[2026-07-19 09:05:04.759] [ge] [info] [main.cpp:443] ACCEL accel=[+2.52,+0.00,+0.00] gravity=[-25.22,-0.00]
[2026-07-19 09:05:04.775] [ge] [info] [main.cpp:411] onEvent type=0x1200
[2026-07-19 09:05:04.775] [ge] [info] [main.cpp:443] ACCEL accel=[+2.52,+0.00,+0.00] gravity=[-25.22,-0.00]
[2026-07-19 09:05:04.792] [ge] [info] [main.cpp:411] onEvent type=0x1200
[2026-07-19 09:05:04.792] [ge] [info] [main.cpp:443] ACCEL accel=[+2.52,+0.00,+0.00] gravity=[-25.22,-0.00]
[2026-07-19 09:05:04.809] [ge] [info] [main.cpp:411] onEvent type=0x1200
[2026-07-19 09:05:04.809] [ge] [info] [main.cpp:443] ACCEL accel=[+2.52,+0.00,+0.00] gravity=[-25.22,-0.00]
[2026-07-19 09:05:04.825] [ge] [info] [main.cpp:411] onEvent type=0x1200
[2026-07-19 09:05:04.825] [ge] [info] [main.cpp:443] ACCEL accel=[+2.52,+0.00,+0.00] gravity=[-25.22,-0.00]
[2026-07-19 09:05:04.842] [ge] [info] [main.cpp:411] onEvent type=0x1200
[2026-07-19 09:05:04.842] [ge] [info] [main.cpp:443] ACCEL accel=[+2.52,+0.00,+0.00] gravity=[-25.22,-0.00]
[2026-07-19 09:05:04.842] [ge] [info] [ServerSession.mm:312] ServerSession: SP2A arm=0 → primary seat
[2026-07-19 09:05:04.859] [ge] [info] [main.cpp:411] onEvent type=0x1200
[2026-07-19 09:05:04.859] [ge] [info] [main.cpp:443] ACCEL accel=[+2.06,+0.00,+0.00] gravity=[-20.56,-0.00]
[2026-07-19 09:05:04.875] [ge] [info] [main.cpp:411] onEvent type=0x1200
[2026-07-19 09:05:04.875] [ge] [info] [main.cpp:443] ACCEL accel=[+1.67,+0.00,+0.00] gravity=[-16.73,-0.00]
[2026-07-19 09:05:04.892] [ge] [info] [main.cpp:411] onEvent type=0x1200
[2026-07-19 09:05:04.892] [ge] [info] [main.cpp:443] ACCEL accel=[+1.36,+0.00,+0.00] gravity=[-13.61,-0.00]
[2026-07-19 09:05:04.909] [ge] [info] [main.cpp:411] onEvent type=0x1200
[2026-07-19 09:05:04.909] [ge] [info] [main.cpp:443] ACCEL accel=[+1.11,+0.00,+0.00] gravity=[-11.06,-0.00]
[2026-07-19 09:05:04.925] [ge] [info] [main.cpp:411] onEvent type=0x1200
[2026-07-19 09:05:04.925] [ge] [info] [main.cpp:443] ACCEL accel=[+0.90,+0.00,+0.00] gravity=[-8.99,-0.00]
[2026-07-19 09:05:04.942] [ge] [info] [main.cpp:411] onEvent type=0x1200
[2026-07-19 09:05:04.942] [ge] [info] [main.cpp:443] ACCEL accel=[+0.73,+0.00,+0.00] gravity=[-7.30,-0.00]
[2026-07-19 09:05:04.959] [ge] [info] [main.cpp:411] onEvent type=0x1200
[2026-07-19 09:05:04.959] [ge] [info] [main.cpp:443] ACCEL accel=[+0.59,+0.00,+0.00] gravity=[-5.93,-0.00]
[2026-07-19 09:05:04.975] [ge] [info] [main.cpp:411] onEvent type=0x1200
[2026-07-19 09:05:04.975] [ge] [info] [main.cpp:443] ACCEL accel=[+0.48,+0.00,+0.00] gravity=[-4.82,-0.00]
[2026-07-19 09:05:04.992] [ge] [info] [main.cpp:411] onEvent type=0x1200
[2026-07-19 09:05:04.992] [ge] [info] [main.cpp:443] ACCEL accel=[+0.39,+0.00,+0.00] gravity=[-3.91,-0.00]
[2026-07-19 09:05:05.009] [ge] [info] [main.cpp:411] onEvent type=0x1200
[2026-07-19 09:05:05.009] [ge] [info] [main.cpp:443] ACCEL accel=[+0.32,+0.00,+0.00] gravity=[-3.18,-0.00]
[2026-07-19 09:05:05.025] [ge] [info] [main.cpp:411] onEvent type=0x1200
[2026-07-19 09:05:05.025] [ge] [info] [main.cpp:443] ACCEL accel=[+0.26,+0.00,+0.00] gravity=[-2.58,-0.00]
[2026-07-19 09:05:05.042] [ge] [info] [main.cpp:411] onEvent type=0x1200
[2026-07-19 09:05:05.042] [ge] [info] [main.cpp:443] ACCEL accel=[+0.21,+0.00,+0.00] gravity=[-2.09,-0.00]
[2026-07-19 09:05:05.059] [ge] [info] [main.cpp:372] tick: dt=0.0167 g=[-2.09,-0.00] pose=[-4.89,3.07,0.90] grip=[0,0] pro=false
[2026-07-19 09:05:05.059] [ge] [info] [main.cpp:411] onEvent type=0x1200
[2026-07-19 09:05:05.059] [ge] [info] [main.cpp:443] ACCEL accel=[+0.17,+0.00,+0.00] gravity=[-1.70,-0.00]
[2026-07-19 09:05:05.059] [ge] [info] [ServerSession.mm:820] ServerSession: SP2S frame#180 wire=685B runs=6 full_blobs=2 refs=10 full_blob_bytes=208
[2026-07-19 09:05:05.075] [ge] [info] [main.cpp:411] onEvent type=0x1200
[2026-07-19 09:05:05.075] [ge] [info] [main.cpp:443] ACCEL accel=[+0.14,+0.00,+0.00] gravity=[-1.38,-0.00]
[2026-07-19 09:05:05.092] [ge] [info] [main.cpp:411] onEvent type=0x1200
[2026-07-19 09:05:05.092] [ge] [info] [main.cpp:443] ACCEL accel=[+0.11,+0.00,+0.00] gravity=[-1.12,-0.00]
[2026-07-19 09:05:05.109] [ge] [info] [main.cpp:411] onEvent type=0x1200
[2026-07-19 09:05:05.109] [ge] [info] [main.cpp:443] ACCEL accel=[+0.09,+0.00,+0.00] gravity=[-0.91,-0.00]
[2026-07-19 09:05:05.114] [ge] [info] [main.cpp:354] tiltbuggy: pose → db [0.00,0.00,0.00] t=4.6
[2026-07-19 09:05:05.125] [ge] [info] [main.cpp:354] tiltbuggy: pose → db [-4.31,3.79,0.86] t=3.1
[2026-07-19 09:05:05.125] [ge] [info] [main.cpp:411] onEvent type=0x1200
[2026-07-19 09:05:05.125] [ge] [info] [main.cpp:443] ACCEL accel=[+0.07,+0.00,+0.00] gravity=[-0.74,-0.00]
[2026-07-19 09:05:05.142] [ge] [info] [main.cpp:411] onEvent type=0x1200
[2026-07-19 09:05:05.142] [ge] [info] [main.cpp:443] ACCEL accel=[+0.06,+0.00,+0.00] gravity=[-0.60,-0.00]
[2026-07-19 09:05:05.159] [ge] [info] [main.cpp:411] onEvent type=0x1200
[2026-07-19 09:05:05.159] [ge] [info] [main.cpp:443] ACCEL accel=[+0.05,+0.00,+0.00] gravity=[-0.49,-0.00]
[2026-07-19 09:05:05.175] [ge] [info] [main.cpp:411] onEvent type=0x1200
[2026-07-19 09:05:05.175] [ge] [info] [main.cpp:443] ACCEL accel=[+0.04,+0.00,+0.00] gravity=[-0.40,-0.00]
[2026-07-19 09:05:05.192] [ge] [info] [main.cpp:411] onEvent type=0x1200
[2026-07-19 09:05:05.192] [ge] [info] [main.cpp:443] ACCEL accel=[+0.03,+0.00,+0.00] gravity=[-0.32,-0.00]
[2026-07-19 09:05:05.192] [ge] [info] [ServerSession.mm:188] ServerSession: SP2T snapshot pushed (24576 bytes, stream)
[2026-07-19 09:05:05.209] [ge] [info] [main.cpp:411] onEvent type=0x1200
[2026-07-19 09:05:05.209] [ge] [info] [main.cpp:443] ACCEL accel=[+0.03,+0.00,+0.00] gravity=[-0.26,-0.00]
[2026-07-19 09:05:05.225] [ge] [info] [main.cpp:411] onEvent type=0x1200
[2026-07-19 09:05:05.225] [ge] [info] [main.cpp:443] ACCEL accel=[+0.02,+0.00,+0.00] gravity=[-0.21,-0.00]
[2026-07-19 09:05:05.242] [ge] [info] [main.cpp:411] onEvent type=0x1200
[2026-07-19 09:05:05.242] [ge] [info] [main.cpp:443] ACCEL accel=[+0.02,+0.00,+0.00] gravity=[-0.17,-0.00]
[2026-07-19 09:05:05.259] [ge] [info] [main.cpp:411] onEvent type=0x1200
[2026-07-19 09:05:05.259] [ge] [info] [main.cpp:443] ACCEL accel=[+0.01,+0.00,+0.00] gravity=[-0.14,-0.00]
[2026-07-19 09:05:05.275] [ge] [info] [main.cpp:411] onEvent type=0x1200
[2026-07-19 09:05:05.275] [ge] [info] [main.cpp:443] ACCEL accel=[+0.00,+0.00,+0.00] gravity=[-0.00,-0.00]
[2026-07-19 09:05:05.514] [ge] [info] [main.cpp:372] tick: dt=0.0167 g=[0.00,0.00] pose=[0.00,0.00,0.00] grip=[150,150] pro=false
[2026-07-19 09:05:05.614] [ge] [info] [main.cpp:354] tiltbuggy: pose → db [0.00,0.00,0.00] t=5.1
[2026-07-19 09:05:05.625] [ge] [info] [main.cpp:354] tiltbuggy: pose → db [0.54,8.53,0.69] t=3.6
[2026-07-19 09:05:05.709] [ge] [info] [ServerSession.mm:188] ServerSession: SP2T snapshot pushed (24576 bytes, stream)
[2026-07-19 09:05:05.727] [ge] [info] [ServerSession.mm:414] ServerSession: session s1 wire closed — child exiting
[2026-07-19 09:05:05.727] [ge] [info] [ServerSession.mm:644] ServerSession: detach s1 — child owns teardown
[2026-07-19 09:05:06.131] [ge] [info] [main.cpp:354] tiltbuggy: pose → db [0.00,0.00,0.00] t=5.6
[2026-07-19 09:05:06.514] [ge] [info] [main.cpp:372] tick: dt=0.0167 g=[0.00,0.00] pose=[0.00,0.00,0.00] grip=[150,150] pro=false
[2026-07-19 09:05:06.648] [ge] [info] [main.cpp:354] tiltbuggy: pose → db [0.00,0.00,0.00] t=6.2
[2026-07-19 09:05:07.148] [ge] [info] [main.cpp:354] tiltbuggy: pose → db [0.00,0.00,0.00] t=6.7
[2026-07-19 09:05:07.514] [ge] [info] [main.cpp:372] tick: dt=0.0167 g=[0.00,0.00] pose=[0.00,0.00,0.00] grip=[150,150] pro=false
[2026-07-19 09:05:07.664] [ge] [info] [main.cpp:354] tiltbuggy: pose → db [0.00,0.00,0.00] t=7.2
[2026-07-19 09:05:08.181] [ge] [info] [main.cpp:354] tiltbuggy: pose → db [0.00,0.00,0.00] t=7.7
[2026-07-19 09:05:08.514] [ge] [info] [main.cpp:372] tick: dt=0.0167 g=[0.00,0.00] pose=[0.00,0.00,0.00] grip=[150,150] pro=false
[2026-07-19 09:05:08.698] [ge] [info] [main.cpp:354] tiltbuggy: pose → db [0.00,0.00,0.00] t=8.2
[2026-07-19 09:05:09.214] [ge] [info] [main.cpp:354] tiltbuggy: pose → db [0.00,0.00,0.00] t=8.7
[2026-07-19 09:05:09.514] [ge] [info] [main.cpp:372] tick: dt=0.0167 g=[0.00,0.00] pose=[0.00,0.00,0.00] grip=[150,150] pro=false
[2026-07-19 09:05:09.714] [ge] [info] [main.cpp:354] tiltbuggy: pose → db [0.00,0.00,0.00] t=9.2
[2026-07-19 09:05:10.215] [ge] [info] [main.cpp:354] tiltbuggy: pose → db [0.00,0.00,0.00] t=9.7
[2026-07-19 09:05:10.514] [ge] [info] [main.cpp:372] tick: dt=0.0167 g=[0.00,0.00] pose=[0.00,0.00,0.00] grip=[150,150] pro=false
[2026-07-19 09:05:10.731] [ge] [info] [main.cpp:354] tiltbuggy: pose → db [0.00,0.00,0.00] t=10.2
[2026-07-19 09:05:10.999] [ge] [info] [ServerSession.mm:661] ServerSession: sideband closed (replaced or relay gone) — exiting superseded server process
