[2026-07-19 09:06:41.212] [info] [iap.cpp:160] ge::iap: mode resolved to 'stub'
[2026-07-19 09:06:41.212] [info] [main.cpp:205] iap: restore complete ok=true error=
[2026-07-19 09:06:41.258] [ge] [info] [SessionHost_server.mm:98] runServer: 'tiltbuggy' streaming to relay 127.0.0.1:3131
[2026-07-19 09:06:41.258] [ge] [info] [SessionHost_server.mm:126] runServer: console stream host (not a desktop game window)
[2026-07-19 09:06:41.258] [ge] [info] [ServerSession.mm:619] ServerSession: connected to relay 127.0.0.1:3131 as 'tiltbuggy'
[2026-07-19 09:06:41.345] [ge] [info] [SokolContext.mm:180] SokolContext: 2048x1536 Metal (Apple M4 Max)
[2026-07-19 09:06:41.345] [ge] [info] [DirectRenderHost.mm:456] DirectRenderHost: gesture accelerometer synthesis enabled (armOnPrimary=false)
[2026-07-19 09:06:41.345] [ge] [info] [DirectRenderHost.mm:476] DirectRenderHost: 2048x1536
[2026-07-19 09:06:41.345] [ge] [info] [DirectRenderHost.mm:506] DirectRenderHost: stream server ephemeral db (:memory:)
[2026-07-19 09:06:41.345] [ge] [info] [Context.cpp:64] Context: opening db path=':memory:' schemaDdl=145B
[2026-07-19 09:06:41.345] [ge] [info] [Context.cpp:67] Context: db open ok
[2026-07-19 09:06:41.345] [ge] [info] [DirectRenderHost.mm:522] DirectRenderHost: Context ready — applying safe insets
[2026-07-19 09:06:41.345] [ge] [info] [DirectRenderHost.mm:524] DirectRenderHost: drawSafe insets applied
[2026-07-19 09:06:41.345] [ge] [info] [DirectRenderHost.mm:526] DirectRenderHost: uiSafe insets applied
[2026-07-19 09:06:41.345] [ge] [info] [DirectRenderHost.mm:586] DirectRenderHost: constructor complete
[2026-07-19 09:06:41.345] [ge] [info] [ServerSession.mm:733] ServerSession: SP2T working db bound (ok, schema=145 bytes)
[2026-07-19 09:06:41.373] [ge] [info] [main.cpp:411] onEvent type=0x305
[2026-07-19 09:06:41.373] [ge] [info] [main.cpp:411] onEvent type=0x404
[2026-07-19 09:06:41.373] [ge] [info] [main.cpp:411] onEvent type=0x214
[2026-07-19 09:06:41.845] [ge] [info] [main.cpp:354] tiltbuggy: pose → db [0.00,0.00,0.00] t=0.6
[2026-07-19 09:06:42.329] [ge] [info] [main.cpp:372] tick: dt=0.0167 g=[0.00,0.00] pose=[0.00,0.00,0.00] grip=[150,150] pro=false
[2026-07-19 09:06:42.362] [ge] [info] [main.cpp:354] tiltbuggy: pose → db [0.00,0.00,0.00] t=1.1
[2026-07-19 09:06:42.862] [ge] [info] [main.cpp:354] tiltbuggy: pose → db [0.00,0.00,0.00] t=1.6
[2026-07-19 09:06:43.217] [ge] [info] [ServerSession.mm:350] ServerSession: spawned child pid 13229 for session s3 (own world/state)
[2026-07-19 09:06:43.223] [info] [iap.cpp:160] ge::iap: mode resolved to 'stub'
[2026-07-19 09:06:43.224] [info] [main.cpp:205] iap: restore complete ok=true error=
[2026-07-19 09:06:43.280] [ge] [info] [SessionHost_server.mm:98] runServer: 'tiltbuggy' streaming to relay 127.0.0.1:3131
[2026-07-19 09:06:43.280] [ge] [info] [SessionHost_server.mm:126] runServer: console stream host (not a desktop game window)
[2026-07-19 09:06:43.280] [ge] [info] [ServerSession.mm:247] ServerSession: SessionConfig sensors=0x1 orientation=254 transport=0 flags=0x3 (immersive=1 noSaver=1) session=s3
[2026-07-19 09:06:43.280] [ge] [info] [ServerSession.mm:259] ServerSession: player attached (session s3), wires=1 primary=1
[2026-07-19 09:06:43.280] [ge] [info] [ServerSession.mm:497] ServerSession: player DeviceInfo 2048x1536 @1x class=1 ui=(0,0 2048x1536) draw=(0,0 2048x1536) caps=0x7
[2026-07-19 09:06:43.280] [ge] [info] [ServerSession.mm:599] ServerSession: transport=cmdstream (player_cmdstream=true force_h264=false)
[2026-07-19 09:06:43.280] [ge] [info] [ServerSession.mm:604] ServerSession: cmdstream LiveCapture armed (sprite runs)
[2026-07-19 09:06:43.281] [ge] [warning] [ServerSession.mm:566] ServerSession: SP2T snapshot apply failed (db=0 n=24576)
[2026-07-19 09:06:43.281] [ge] [info] [ServerSession.mm:497] ServerSession: player DeviceInfo 2048x1536 @1x class=1 ui=(0,0 2048x1536) draw=(0,0 2048x1536) caps=0x7
[2026-07-19 09:06:43.281] [ge] [info] [ServerSession.mm:497] ServerSession: player DeviceInfo 2048x1536 @1x class=1 ui=(0,0 2048x1536) draw=(0,0 2048x1536) caps=0x7
[2026-07-19 09:06:43.329] [ge] [info] [main.cpp:372] tick: dt=0.0167 g=[0.00,0.00] pose=[0.00,0.00,0.00] grip=[150,150] pro=false
[2026-07-19 09:06:43.329] [ge] [info] [SokolContext.mm:180] SokolContext: 2048x1536 Metal (Apple M4 Max)
[2026-07-19 09:06:43.330] [ge] [info] [DirectRenderHost.mm:456] DirectRenderHost: gesture accelerometer synthesis enabled (armOnPrimary=false)
[2026-07-19 09:06:43.330] [ge] [info] [DirectRenderHost.mm:473] DirectRenderHost: GE_SENSOR_TRACE on (/Users/marcelo/work/github.com/squz/ge/verdicts/T156.6/20260718T230611Z/s3.trace)
[2026-07-19 09:06:43.330] [ge] [info] [DirectRenderHost.mm:476] DirectRenderHost: 2048x1536
[2026-07-19 09:06:43.330] [ge] [info] [DirectRenderHost.mm:506] DirectRenderHost: stream server ephemeral db (:memory:)
[2026-07-19 09:06:43.330] [ge] [info] [Context.cpp:64] Context: opening db path=':memory:' schemaDdl=145B
[2026-07-19 09:06:43.330] [ge] [info] [Context.cpp:67] Context: db open ok
[2026-07-19 09:06:43.330] [ge] [info] [DirectRenderHost.mm:522] DirectRenderHost: Context ready — applying safe insets
[2026-07-19 09:06:43.330] [ge] [info] [DirectRenderHost.mm:524] DirectRenderHost: drawSafe insets applied
[2026-07-19 09:06:43.330] [ge] [info] [DirectRenderHost.mm:526] DirectRenderHost: uiSafe insets applied
[2026-07-19 09:06:43.330] [ge] [info] [DirectRenderHost.mm:586] DirectRenderHost: constructor complete
[2026-07-19 09:06:43.330] [ge] [info] [ServerSession.mm:733] ServerSession: SP2T working db bound (ok, schema=145 bytes)
[2026-07-19 09:06:43.379] [ge] [info] [main.cpp:354] tiltbuggy: pose → db [0.00,0.00,0.00] t=2.1
[2026-07-19 09:06:43.385] [ge] [info] [main.cpp:411] onEvent type=0x305
[2026-07-19 09:06:43.385] [ge] [info] [main.cpp:411] onEvent type=0x404
[2026-07-19 09:06:43.385] [ge] [info] [main.cpp:411] onEvent type=0x214
[2026-07-19 09:06:43.385] [ge] [info] [DirectRenderHost.mm:1082] DirectRenderHost: seat declares a real accelerometer — synth destroyed; the glass is the sensor authority
[2026-07-19 09:06:43.385] [ge] [info] [DirectRenderHost.mm:1100] DirectRenderHost: seat sensor authority = glass accelerometer
[2026-07-19 09:06:43.385] [ge] [info] [ServerSession.mm:312] ServerSession: SP2A arm=0 → primary seat
[2026-07-19 09:06:43.385] [ge] [info] [ServerSession.mm:779] ServerSession: cold frame forced for late joiner
[2026-07-19 09:06:43.418] [ge] [info] [ServerSession.mm:820] ServerSession: SP2S frame#1 wire=2915593B runs=6 full_blobs=15 refs=4 full_blob_bytes=2914758
[2026-07-19 09:06:43.418] [ge] [info] [ServerSession.mm:188] ServerSession: SP2T snapshot pushed (24576 bytes, stream)
[2026-07-19 09:06:43.420] [ge] [info] [ServerSession.mm:820] ServerSession: SP2S frame#2 wire=469B runs=6 full_blobs=0 refs=12 full_blob_bytes=0
[2026-07-19 09:06:43.428] [ge] [info] [ServerSession.mm:820] ServerSession: SP2S frame#3 wire=469B runs=6 full_blobs=0 refs=12 full_blob_bytes=0
[2026-07-19 09:06:43.436] [ge] [info] [ServerSession.mm:820] ServerSession: SP2S frame#4 wire=469B runs=6 full_blobs=0 refs=12 full_blob_bytes=0
[2026-07-19 09:06:43.444] [ge] [info] [ServerSession.mm:820] ServerSession: SP2S frame#5 wire=469B runs=6 full_blobs=0 refs=12 full_blob_bytes=0
[2026-07-19 09:06:43.830] [ge] [info] [main.cpp:354] tiltbuggy: pose → db [0.00,0.00,0.00] t=0.6
[2026-07-19 09:06:43.895] [ge] [info] [main.cpp:354] tiltbuggy: pose → db [0.00,0.00,0.00] t=2.6
[2026-07-19 09:06:43.930] [ge] [info] [ServerSession.mm:188] ServerSession: SP2T snapshot pushed (24576 bytes, stream)
[2026-07-19 09:06:44.314] [ge] [info] [main.cpp:372] tick: dt=0.0167 g=[0.00,0.00] pose=[0.00,0.00,0.00] grip=[150,150] pro=false
[2026-07-19 09:06:44.314] [ge] [info] [ServerSession.mm:820] ServerSession: SP2S frame#60 wire=469B runs=6 full_blobs=0 refs=12 full_blob_bytes=0
[2026-07-19 09:06:44.329] [ge] [info] [main.cpp:372] tick: dt=0.0167 g=[0.00,0.00] pose=[0.00,0.00,0.00] grip=[150,150] pro=false
[2026-07-19 09:06:44.347] [ge] [info] [main.cpp:354] tiltbuggy: pose → db [0.00,0.00,0.00] t=1.1
[2026-07-19 09:06:44.412] [ge] [info] [main.cpp:354] tiltbuggy: pose → db [0.00,0.00,0.00] t=3.2
[2026-07-19 09:06:44.430] [ge] [info] [ServerSession.mm:188] ServerSession: SP2T snapshot pushed (24576 bytes, stream)
[2026-07-19 09:06:44.797] [ge] [info] [main.cpp:411] onEvent type=0x1200
[2026-07-19 09:06:44.797] [ge] [info] [main.cpp:443] ACCEL accel=[-3.00,+0.50,+0.00] gravity=[+29.59,-4.93]
[2026-07-19 09:06:44.864] [ge] [info] [main.cpp:354] tiltbuggy: pose → db [0.10,-0.00,-0.00] t=1.6
[2026-07-19 09:06:44.897] [ge] [info] [main.cpp:411] onEvent type=0x1200
[2026-07-19 09:06:44.897] [ge] [info] [main.cpp:443] ACCEL accel=[-3.00,+0.50,+0.00] gravity=[+29.59,-4.93]
[2026-07-19 09:06:44.929] [ge] [info] [main.cpp:354] tiltbuggy: pose → db [0.00,0.00,0.00] t=3.7
[2026-07-19 09:06:44.947] [ge] [info] [ServerSession.mm:188] ServerSession: SP2T snapshot pushed (24576 bytes, stream)
[2026-07-19 09:06:44.997] [ge] [info] [main.cpp:411] onEvent type=0x1200
[2026-07-19 09:06:44.997] [ge] [info] [main.cpp:443] ACCEL accel=[-3.00,+0.50,+0.00] gravity=[+29.59,-4.93]
[2026-07-19 09:06:45.097] [ge] [info] [main.cpp:411] onEvent type=0x1200
[2026-07-19 09:06:45.097] [ge] [info] [main.cpp:443] ACCEL accel=[-1.00,+0.20,+0.00] gravity=[+10.00,-2.00]
[2026-07-19 09:06:45.197] [ge] [info] [main.cpp:411] onEvent type=0x1200
[2026-07-19 09:06:45.197] [ge] [info] [main.cpp:443] ACCEL accel=[+0.00,+0.00,+0.00] gravity=[-0.00,-0.00]
[2026-07-19 09:06:45.314] [ge] [info] [main.cpp:372] tick: dt=0.0167 g=[-0.00,-0.00] pose=[3.59,-0.19,-0.07] grip=[150,150] pro=false
[2026-07-19 09:06:45.314] [ge] [info] [ServerSession.mm:820] ServerSession: SP2S frame#120 wire=3569B runs=6 full_blobs=3 refs=9 full_blob_bytes=3088
[2026-07-19 09:06:45.329] [ge] [info] [main.cpp:372] tick: dt=0.0167 g=[0.00,0.00] pose=[0.00,0.00,0.00] grip=[150,150] pro=false
[2026-07-19 09:06:45.364] [ge] [info] [main.cpp:354] tiltbuggy: pose → db [4.09,-0.24,-0.08] t=2.1
[2026-07-19 09:06:45.429] [ge] [info] [main.cpp:354] tiltbuggy: pose → db [0.00,0.00,0.00] t=4.2
[2026-07-19 09:06:45.447] [ge] [info] [ServerSession.mm:188] ServerSession: SP2T snapshot pushed (24576 bytes, stream)
[2026-07-19 09:06:45.681] [ge] [info] [ServerSession.mm:414] ServerSession: session s3 wire closed — child exiting
[2026-07-19 09:06:45.681] [ge] [info] [ServerSession.mm:644] ServerSession: detach s3 — child owns teardown
[2026-07-19 09:06:45.929] [ge] [info] [main.cpp:354] tiltbuggy: pose → db [0.00,0.00,0.00] t=4.7
[2026-07-19 09:06:46.329] [ge] [info] [main.cpp:372] tick: dt=0.0167 g=[0.00,0.00] pose=[0.00,0.00,0.00] grip=[150,150] pro=false
[2026-07-19 09:06:46.446] [ge] [info] [main.cpp:354] tiltbuggy: pose → db [0.00,0.00,0.00] t=5.2
[2026-07-19 09:06:46.962] [ge] [info] [main.cpp:354] tiltbuggy: pose → db [0.00,0.00,0.00] t=5.7
[2026-07-19 09:06:47.329] [ge] [info] [main.cpp:372] tick: dt=0.0167 g=[0.00,0.00] pose=[0.00,0.00,0.00] grip=[150,150] pro=false
[2026-07-19 09:06:47.479] [ge] [info] [main.cpp:354] tiltbuggy: pose → db [0.00,0.00,0.00] t=6.2
[2026-07-19 09:06:47.996] [ge] [info] [main.cpp:354] tiltbuggy: pose → db [0.00,0.00,0.00] t=6.7
[2026-07-19 09:06:48.329] [ge] [info] [main.cpp:372] tick: dt=0.0167 g=[0.00,0.00] pose=[0.00,0.00,0.00] grip=[150,150] pro=false
[2026-07-19 09:06:48.512] [ge] [info] [main.cpp:354] tiltbuggy: pose → db [0.00,0.00,0.00] t=7.3
[2026-07-19 09:06:49.029] [ge] [info] [main.cpp:354] tiltbuggy: pose → db [0.00,0.00,0.00] t=7.8
[2026-07-19 09:06:49.329] [ge] [info] [main.cpp:372] tick: dt=0.0167 g=[0.00,0.00] pose=[0.00,0.00,0.00] grip=[150,150] pro=false
[2026-07-19 09:06:49.529] [ge] [info] [main.cpp:354] tiltbuggy: pose → db [0.00,0.00,0.00] t=8.3
[2026-07-19 09:06:50.046] [ge] [info] [main.cpp:354] tiltbuggy: pose → db [0.00,0.00,0.00] t=8.8
[2026-07-19 09:06:50.329] [ge] [info] [main.cpp:372] tick: dt=0.0167 g=[0.00,0.00] pose=[0.00,0.00,0.00] grip=[150,150] pro=false
[2026-07-19 09:06:50.361] [ge] [info] [ServerSession.mm:661] ServerSession: sideband closed (replaced or relay gone) — exiting superseded server process
