[2026-07-19 09:06:31.533] [info] [player_core.cpp:45] spyder player starting (H.264 + SP2S cmdstream)
[2026-07-19 09:06:31.534] [info] [PlayerWireBridge.cpp:143] PlayerWireBridge: connected to stream relay
[2026-07-19 09:06:31.597] [info] [player_core.cpp:71] SessionConfig: sensors=0x1 orientation=254 transport=0 flags=0x3
[2026-07-19 09:06:31.597] [info] [PlayerRender.cpp:147] PlayerRender: window 2048x1536 for orientation=254
[2026-07-19 09:06:31.597] [info] [PlayerRender.cpp:155] PlayerRender: headless — no renderer/decoder
[2026-07-19 09:06:31.597] [info] [PlayerRender.cpp:229] PlayerRender: no local accelerometer — tilt gestures (Shift+drag) forward to the server's synthesizer
[2026-07-19 09:06:31.597] [info] [player_core.cpp:150] orientation settle: window 2048x1536 after 0ms
[2026-07-19 09:06:31.597] [info] [player_core.cpp:183] DeviceInfo 2048x1536 @1x class=1 safe=(0,0 2048x1536) draw=(0,0 2048x1536)
[2026-07-19 09:06:31.598] [info] [player_core.cpp:211] SP2T: opened durable db /Users/marcelo/Library/Application Support/squz/spyder-player/games/tiltbuggy.db
[2026-07-19 09:06:31.598] [info] [PlayerWireBridge.cpp:225] PlayerWireBridge: SP2T snapshot sent (24576 bytes)
[2026-07-19 09:06:31.598] [info] [player_core.cpp:235] SP2T: seeded server from player durable db /Users/marcelo/Library/Application Support/squz/spyder-player/games/tiltbuggy.db (24576 bytes, game=tiltbuggy)
[2026-07-19 09:06:31.598] [info] [player_core.cpp:245] player: entering main loop (wire open=true)
[2026-07-19 09:06:31.598] [info] [player_core.cpp:312] player: input script loaded (/Users/marcelo/work/github.com/squz/ge/verdicts/T156.6/20260718T230611Z/gesture-finger.txt)
[2026-07-19 09:06:31.598] [info] [PlayerWireBridge.cpp:689] PlayerWireBridge: SessionConfig update transport=cmdstream
[2026-07-19 09:06:31.598] [info] [player_core.cpp:258] player: SessionConfig mid-session — re-sending DeviceInfo
[2026-07-19 09:06:31.656] [info] [PlayerWireBridge.cpp:676] PlayerWireBridge: SP2A arm=0
[2026-07-19 09:06:31.717] [info] [PlayerWireBridge.cpp:655] PlayerWireBridge: SP2S SpriteRun seq=0 wire=2915593B runs=6 qdepth=1 cache=15 full=15 refs=4
[2026-07-19 09:06:31.717] [info] [PlayerWireBridge.cpp:704] PlayerWireBridge: SP2T snapshot received (24576 bytes)
[2026-07-19 09:06:31.717] [info] [PlayerWireBridge.cpp:655] PlayerWireBridge: SP2S SpriteRun seq=1 wire=469B runs=6 qdepth=2 cache=15 full=0 refs=12
[2026-07-19 09:06:31.717] [info] [PlayerWireBridge.cpp:655] PlayerWireBridge: SP2S SpriteRun seq=2 wire=469B runs=6 qdepth=3 cache=15 full=0 refs=12
[2026-07-19 09:06:31.717] [info] [player_core.cpp:367] SP2T: wrote durable snapshot /Users/marcelo/Library/Application Support/squz/spyder-player/games/tiltbuggy.db (24576 bytes, game=tiltbuggy)
[2026-07-19 09:06:32.208] [info] [PlayerWireBridge.cpp:704] PlayerWireBridge: SP2T snapshot received (24576 bytes)
[2026-07-19 09:06:32.208] [info] [player_core.cpp:367] SP2T: wrote durable snapshot /Users/marcelo/Library/Application Support/squz/spyder-player/games/tiltbuggy.db (24576 bytes, game=tiltbuggy)
[2026-07-19 09:06:32.598] [info] [player_core.cpp:553] PlayerFPS: 58.0 fps over 1.00s (58 frames) cmdstream=0 last_wire=0B last_seq=0
[2026-07-19 09:06:32.641] [info] [PlayerWireBridge.cpp:655] PlayerWireBridge: SP2S SpriteRun seq=60 wire=469B runs=6 qdepth=1 cache=15 full=0 refs=12
[2026-07-19 09:06:32.708] [info] [PlayerWireBridge.cpp:704] PlayerWireBridge: SP2T snapshot received (24576 bytes)
[2026-07-19 09:06:32.708] [info] [player_core.cpp:367] SP2T: wrote durable snapshot /Users/marcelo/Library/Application Support/squz/spyder-player/games/tiltbuggy.db (24576 bytes, game=tiltbuggy)
[2026-07-19 09:06:33.108] [info] [PlayerWireBridge.cpp:676] PlayerWireBridge: SP2A arm=1
[2026-07-19 09:06:33.225] [info] [PlayerWireBridge.cpp:704] PlayerWireBridge: SP2T snapshot received (24576 bytes)
[2026-07-19 09:06:33.225] [info] [player_core.cpp:367] SP2T: wrote durable snapshot /Users/marcelo/Library/Application Support/squz/spyder-player/games/tiltbuggy.db (24576 bytes, game=tiltbuggy)
[2026-07-19 09:06:33.598] [info] [player_core.cpp:553] PlayerFPS: 60.0 fps over 1.00s (60 frames) cmdstream=0 last_wire=0B last_seq=0
[2026-07-19 09:06:33.641] [info] [PlayerWireBridge.cpp:655] PlayerWireBridge: SP2S SpriteRun seq=120 wire=3569B runs=6 qdepth=1 cache=105 full=3 refs=9
[2026-07-19 09:06:33.741] [info] [PlayerWireBridge.cpp:704] PlayerWireBridge: SP2T snapshot received (24576 bytes)
[2026-07-19 09:06:33.741] [info] [player_core.cpp:367] SP2T: wrote durable snapshot /Users/marcelo/Library/Application Support/squz/spyder-player/games/tiltbuggy.db (24576 bytes, game=tiltbuggy)
[2026-07-19 09:06:34.241] [info] [PlayerWireBridge.cpp:704] PlayerWireBridge: SP2T snapshot received (24576 bytes)
[2026-07-19 09:06:34.241] [info] [player_core.cpp:367] SP2T: wrote durable snapshot /Users/marcelo/Library/Application Support/squz/spyder-player/games/tiltbuggy.db (24576 bytes, game=tiltbuggy)
[2026-07-19 09:06:34.408] [info] [PlayerWireBridge.cpp:676] PlayerWireBridge: SP2A arm=0
[2026-07-19 09:06:34.598] [info] [player_core.cpp:553] PlayerFPS: 60.0 fps over 1.00s (60 frames) cmdstream=0 last_wire=0B last_seq=0
[2026-07-19 09:06:34.641] [info] [PlayerWireBridge.cpp:655] PlayerWireBridge: SP2S SpriteRun seq=180 wire=5009B runs=6 qdepth=1 cache=285 full=3 refs=9
[2026-07-19 09:06:34.741] [info] [PlayerWireBridge.cpp:704] PlayerWireBridge: SP2T snapshot received (24576 bytes)
[2026-07-19 09:06:34.742] [info] [player_core.cpp:367] SP2T: wrote durable snapshot /Users/marcelo/Library/Application Support/squz/spyder-player/games/tiltbuggy.db (24576 bytes, game=tiltbuggy)
[2026-07-19 09:06:35.258] [info] [PlayerWireBridge.cpp:704] PlayerWireBridge: SP2T snapshot received (24576 bytes)
[2026-07-19 09:06:35.258] [info] [player_core.cpp:367] SP2T: wrote durable snapshot /Users/marcelo/Library/Application Support/squz/spyder-player/games/tiltbuggy.db (24576 bytes, game=tiltbuggy)
[2026-07-19 09:06:35.297] [info] [player_core.cpp:417] player: script complete — exiting
[2026-07-19 09:06:35.298] [info] [player_core.cpp:572] Player exited (220 frames decoded)
[2026-07-19 09:06:35.624] [info] [player_core.cpp:300] PlayerLog: 4457006 ticks, 118 decoded (4456891 empty), seq 3-117 (0 gaps), maxDrain=0.0ms maxRender=0.0ms maxGap=24.0ms pump avg=0.0/max=24.0ms ev avg=0.0/max=0.0ms upload avg=0.0/max=0.0ms
