[2026-07-19 09:08:54.157] [info] [iap.cpp:160] ge::iap: mode resolved to 'stub'
[2026-07-19 09:08:54.157] [info] [main.cpp:205] iap: restore complete ok=true error=
[2026-07-19 09:08:54.217] [ge] [info] [SessionHost_server.mm:98] runServer: 'tiltbuggy' streaming to relay 127.0.0.1:3131
[2026-07-19 09:08:54.217] [ge] [info] [SessionHost_server.mm:126] runServer: console stream host (not a desktop game window)
[2026-07-19 09:08:54.217] [ge] [info] [ServerSession.mm:619] ServerSession: connected to relay 127.0.0.1:3131 as 'tiltbuggy'
[2026-07-19 09:08:54.314] [ge] [info] [SokolContext.mm:180] SokolContext: 2048x1536 Metal (Apple M4 Max)
[2026-07-19 09:08:54.314] [ge] [info] [DirectRenderHost.mm:456] DirectRenderHost: gesture accelerometer synthesis enabled (armOnPrimary=false)
[2026-07-19 09:08:54.314] [ge] [info] [DirectRenderHost.mm:476] DirectRenderHost: 2048x1536
[2026-07-19 09:08:54.314] [ge] [info] [DirectRenderHost.mm:506] DirectRenderHost: stream server ephemeral db (:memory:)
[2026-07-19 09:08:54.314] [ge] [info] [Context.cpp:64] Context: opening db path=':memory:' schemaDdl=145B
[2026-07-19 09:08:54.314] [ge] [info] [Context.cpp:67] Context: db open ok
[2026-07-19 09:08:54.314] [ge] [info] [DirectRenderHost.mm:522] DirectRenderHost: Context ready — applying safe insets
[2026-07-19 09:08:54.314] [ge] [info] [DirectRenderHost.mm:524] DirectRenderHost: drawSafe insets applied
[2026-07-19 09:08:54.314] [ge] [info] [DirectRenderHost.mm:526] DirectRenderHost: uiSafe insets applied
[2026-07-19 09:08:54.314] [ge] [info] [DirectRenderHost.mm:586] DirectRenderHost: constructor complete
[2026-07-19 09:08:54.314] [ge] [info] [ServerSession.mm:733] ServerSession: SP2T working db bound (ok, schema=145 bytes)
[2026-07-19 09:08:54.338] [ge] [info] [main.cpp:411] onEvent type=0x305
[2026-07-19 09:08:54.338] [ge] [info] [main.cpp:411] onEvent type=0x404
[2026-07-19 09:08:54.338] [ge] [info] [main.cpp:411] onEvent type=0x214
[2026-07-19 09:08:54.814] [ge] [info] [main.cpp:354] tiltbuggy: pose → db [0.00,0.00,0.00] t=0.6
[2026-07-19 09:08:55.298] [ge] [info] [main.cpp:372] tick: dt=0.0167 g=[0.00,0.00] pose=[0.00,0.00,0.00] grip=[150,150] pro=false
[2026-07-19 09:08:55.331] [ge] [info] [main.cpp:354] tiltbuggy: pose → db [0.00,0.00,0.00] t=1.1
[2026-07-19 09:08:55.831] [ge] [info] [main.cpp:354] tiltbuggy: pose → db [0.00,0.00,0.00] t=1.6
[2026-07-19 09:08:56.180] [ge] [info] [ServerSession.mm:350] ServerSession: spawned child pid 15849 for session s2 (own world/state)
[2026-07-19 09:08:56.187] [info] [iap.cpp:160] ge::iap: mode resolved to 'stub'
[2026-07-19 09:08:56.187] [info] [main.cpp:205] iap: restore complete ok=true error=
[2026-07-19 09:08:56.243] [ge] [info] [SessionHost_server.mm:98] runServer: 'tiltbuggy' streaming to relay 127.0.0.1:3131
[2026-07-19 09:08:56.243] [ge] [info] [SessionHost_server.mm:126] runServer: console stream host (not a desktop game window)
[2026-07-19 09:08:56.243] [ge] [info] [ServerSession.mm:247] ServerSession: SessionConfig sensors=0x1 orientation=254 transport=0 flags=0x3 (immersive=1 noSaver=1) session=s2
[2026-07-19 09:08:56.243] [ge] [info] [ServerSession.mm:259] ServerSession: player attached (session s2), wires=1 primary=1
[2026-07-19 09:08:56.244] [ge] [info] [ServerSession.mm:497] ServerSession: player DeviceInfo 2048x1536 @1x class=1 ui=(0,0 2048x1536) draw=(0,0 2048x1536) caps=0x3
[2026-07-19 09:08:56.244] [ge] [info] [ServerSession.mm:599] ServerSession: transport=cmdstream (player_cmdstream=true force_h264=false)
[2026-07-19 09:08:56.244] [ge] [info] [ServerSession.mm:604] ServerSession: cmdstream LiveCapture armed (sprite runs)
[2026-07-19 09:08:56.248] [ge] [warning] [ServerSession.mm:566] ServerSession: SP2T snapshot apply failed (db=0 n=24576)
[2026-07-19 09:08:56.249] [ge] [info] [ServerSession.mm:497] ServerSession: player DeviceInfo 2048x1536 @1x class=1 ui=(0,0 2048x1536) draw=(0,0 2048x1536) caps=0x3
[2026-07-19 09:08:56.249] [ge] [info] [ServerSession.mm:497] ServerSession: player DeviceInfo 2048x1536 @1x class=1 ui=(0,0 2048x1536) draw=(0,0 2048x1536) caps=0x3
[2026-07-19 09:08:56.298] [ge] [info] [main.cpp:372] tick: dt=0.0167 g=[0.00,0.00] pose=[0.00,0.00,0.00] grip=[150,150] pro=false
[2026-07-19 09:08:56.299] [ge] [info] [SokolContext.mm:180] SokolContext: 2048x1536 Metal (Apple M4 Max)
[2026-07-19 09:08:56.299] [ge] [info] [DirectRenderHost.mm:456] DirectRenderHost: gesture accelerometer synthesis enabled (armOnPrimary=false)
[2026-07-19 09:08:56.299] [ge] [info] [DirectRenderHost.mm:473] DirectRenderHost: GE_SENSOR_TRACE on (/Users/marcelo/work/github.com/squz/ge/verdicts/T156.6/20260718T230836Z/s2.trace)
[2026-07-19 09:08:56.299] [ge] [info] [DirectRenderHost.mm:476] DirectRenderHost: 2048x1536
[2026-07-19 09:08:56.299] [ge] [info] [DirectRenderHost.mm:506] DirectRenderHost: stream server ephemeral db (:memory:)
[2026-07-19 09:08:56.299] [ge] [info] [Context.cpp:64] Context: opening db path=':memory:' schemaDdl=145B
[2026-07-19 09:08:56.299] [ge] [info] [Context.cpp:67] Context: db open ok
[2026-07-19 09:08:56.299] [ge] [info] [DirectRenderHost.mm:522] DirectRenderHost: Context ready — applying safe insets
[2026-07-19 09:08:56.299] [ge] [info] [DirectRenderHost.mm:524] DirectRenderHost: drawSafe insets applied
[2026-07-19 09:08:56.299] [ge] [info] [DirectRenderHost.mm:526] DirectRenderHost: uiSafe insets applied
[2026-07-19 09:08:56.299] [ge] [info] [DirectRenderHost.mm:586] DirectRenderHost: constructor complete
[2026-07-19 09:08:56.299] [ge] [info] [ServerSession.mm:733] ServerSession: SP2T working db bound (ok, schema=145 bytes)
[2026-07-19 09:08:56.345] [ge] [info] [main.cpp:411] onEvent type=0x305
[2026-07-19 09:08:56.345] [ge] [info] [main.cpp:411] onEvent type=0x404
[2026-07-19 09:08:56.345] [ge] [info] [main.cpp:411] onEvent type=0x214
[2026-07-19 09:08:56.345] [ge] [info] [DirectRenderHost.mm:1100] DirectRenderHost: seat sensor authority = host AccelSynth
[2026-07-19 09:08:56.345] [ge] [info] [ServerSession.mm:312] ServerSession: SP2A arm=0 → primary seat
[2026-07-19 09:08:56.345] [ge] [info] [ServerSession.mm:779] ServerSession: cold frame forced for late joiner
[2026-07-19 09:08:56.348] [ge] [info] [main.cpp:354] tiltbuggy: pose → db [0.00,0.00,0.00] t=2.1
[2026-07-19 09:08:56.383] [ge] [info] [ServerSession.mm:820] ServerSession: SP2S frame#1 wire=2915593B runs=6 full_blobs=15 refs=4 full_blob_bytes=2914758
[2026-07-19 09:08:56.383] [ge] [info] [ServerSession.mm:188] ServerSession: SP2T snapshot pushed (24576 bytes, stream)
[2026-07-19 09:08:56.388] [ge] [info] [ServerSession.mm:820] ServerSession: SP2S frame#2 wire=469B runs=6 full_blobs=0 refs=12 full_blob_bytes=0
[2026-07-19 09:08:56.396] [ge] [info] [ServerSession.mm:820] ServerSession: SP2S frame#3 wire=469B runs=6 full_blobs=0 refs=12 full_blob_bytes=0
[2026-07-19 09:08:56.405] [ge] [info] [ServerSession.mm:820] ServerSession: SP2S frame#4 wire=469B runs=6 full_blobs=0 refs=12 full_blob_bytes=0
[2026-07-19 09:08:56.413] [ge] [info] [ServerSession.mm:820] ServerSession: SP2S frame#5 wire=469B runs=6 full_blobs=0 refs=12 full_blob_bytes=0
[2026-07-19 09:08:56.800] [ge] [info] [main.cpp:354] tiltbuggy: pose → db [0.00,0.00,0.00] t=0.6
[2026-07-19 09:08:56.848] [ge] [info] [main.cpp:354] tiltbuggy: pose → db [0.00,0.00,0.00] t=2.6
[2026-07-19 09:08:56.900] [ge] [info] [ServerSession.mm:188] ServerSession: SP2T snapshot pushed (24576 bytes, stream)
[2026-07-19 09:08:57.283] [ge] [info] [main.cpp:372] tick: dt=0.0167 g=[0.00,0.00] pose=[0.00,0.00,0.00] grip=[150,150] pro=false
[2026-07-19 09:08:57.283] [ge] [info] [ServerSession.mm:820] ServerSession: SP2S frame#60 wire=469B runs=6 full_blobs=0 refs=12 full_blob_bytes=0
[2026-07-19 09:08:57.298] [ge] [info] [main.cpp:372] tick: dt=0.0167 g=[0.00,0.00] pose=[0.00,0.00,0.00] grip=[150,150] pro=false
[2026-07-19 09:08:57.316] [ge] [info] [main.cpp:354] tiltbuggy: pose → db [0.00,0.00,0.00] t=1.1
[2026-07-19 09:08:57.348] [ge] [info] [main.cpp:354] tiltbuggy: pose → db [0.00,0.00,0.00] t=3.1
[2026-07-19 09:08:57.400] [ge] [info] [ServerSession.mm:188] ServerSession: SP2T snapshot pushed (24576 bytes, stream)
[2026-07-19 09:08:57.750] [ge] [info] [main.cpp:411] onEvent type=0x700
[2026-07-19 09:08:57.750] [ge] [info] [main.cpp:411] onEvent type=0x1200
[2026-07-19 09:08:57.750] [ge] [info] [main.cpp:443] ACCEL accel=[+0.00,+0.00,+0.00] gravity=[-0.00,-0.00]
[2026-07-19 09:08:57.750] [ge] [info] [ServerSession.mm:312] ServerSession: SP2A arm=1 → primary seat
[2026-07-19 09:08:57.766] [ge] [info] [main.cpp:411] onEvent type=0x1200
[2026-07-19 09:08:57.766] [ge] [info] [main.cpp:443] ACCEL accel=[+0.00,+0.00,+0.00] gravity=[-0.00,-0.00]
[2026-07-19 09:08:57.783] [ge] [info] [main.cpp:411] onEvent type=0x1200
[2026-07-19 09:08:57.783] [ge] [info] [main.cpp:443] ACCEL accel=[+0.00,+0.00,+0.00] gravity=[-0.00,-0.00]
[2026-07-19 09:08:57.800] [ge] [info] [main.cpp:411] onEvent type=0x1200
[2026-07-19 09:08:57.800] [ge] [info] [main.cpp:443] ACCEL accel=[+2.58,+0.00,+0.00] gravity=[-25.81,-0.00]
[2026-07-19 09:08:57.800] [ge] [info] [main.cpp:411] onEvent type=0x1200
[2026-07-19 09:08:57.800] [ge] [info] [main.cpp:443] ACCEL accel=[+2.58,+0.00,+0.00] gravity=[-25.81,-0.00]
[2026-07-19 09:08:57.816] [ge] [info] [main.cpp:354] tiltbuggy: pose → db [-0.01,0.00,0.00] t=1.6
[2026-07-19 09:08:57.816] [ge] [info] [main.cpp:411] onEvent type=0x1200
[2026-07-19 09:08:57.816] [ge] [info] [main.cpp:443] ACCEL accel=[+2.58,+0.00,+0.00] gravity=[-25.81,-0.00]
[2026-07-19 09:08:57.833] [ge] [info] [main.cpp:411] onEvent type=0x1200
[2026-07-19 09:08:57.833] [ge] [info] [main.cpp:443] ACCEL accel=[+2.58,+0.00,+0.00] gravity=[-25.81,-0.00]
[2026-07-19 09:08:57.848] [ge] [info] [main.cpp:354] tiltbuggy: pose → db [0.00,0.00,0.00] t=3.6
[2026-07-19 09:08:57.850] [ge] [info] [main.cpp:411] onEvent type=0x1200
[2026-07-19 09:08:57.850] [ge] [info] [main.cpp:443] ACCEL accel=[+4.98,+0.00,+0.00] gravity=[-30.00,-0.00]
[2026-07-19 09:08:57.850] [ge] [info] [main.cpp:411] onEvent type=0x1200
[2026-07-19 09:08:57.850] [ge] [info] [main.cpp:443] ACCEL accel=[+4.98,+0.00,+0.00] gravity=[-30.00,-0.00]
[2026-07-19 09:08:57.866] [ge] [info] [main.cpp:411] onEvent type=0x1200
[2026-07-19 09:08:57.866] [ge] [info] [main.cpp:443] ACCEL accel=[+4.98,+0.00,+0.00] gravity=[-30.00,-0.00]
[2026-07-19 09:08:57.883] [ge] [info] [main.cpp:411] onEvent type=0x1200
[2026-07-19 09:08:57.883] [ge] [info] [main.cpp:443] ACCEL accel=[+4.98,+0.00,+0.00] gravity=[-30.00,-0.00]
[2026-07-19 09:08:57.900] [ge] [info] [main.cpp:411] onEvent type=0x1200
[2026-07-19 09:08:57.900] [ge] [info] [main.cpp:443] ACCEL accel=[+4.98,+0.00,+0.00] gravity=[-30.00,-0.00]
[2026-07-19 09:08:57.900] [ge] [info] [ServerSession.mm:188] ServerSession: SP2T snapshot pushed (24576 bytes, stream)
[2026-07-19 09:08:57.916] [ge] [info] [main.cpp:411] onEvent type=0x1200
[2026-07-19 09:08:57.916] [ge] [info] [main.cpp:443] ACCEL accel=[+4.98,+0.00,+0.00] gravity=[-30.00,-0.00]
[2026-07-19 09:08:57.933] [ge] [info] [main.cpp:411] onEvent type=0x1200
[2026-07-19 09:08:57.933] [ge] [info] [main.cpp:443] ACCEL accel=[+4.98,+0.00,+0.00] gravity=[-30.00,-0.00]
[2026-07-19 09:08:57.950] [ge] [info] [main.cpp:411] onEvent type=0x1200
[2026-07-19 09:08:57.950] [ge] [info] [main.cpp:443] ACCEL accel=[+4.98,+0.00,+0.00] gravity=[-30.00,-0.00]
[2026-07-19 09:08:57.966] [ge] [info] [main.cpp:411] onEvent type=0x1200
[2026-07-19 09:08:57.966] [ge] [info] [main.cpp:443] ACCEL accel=[+4.98,+0.00,+0.00] gravity=[-30.00,-0.00]
[2026-07-19 09:08:57.983] [ge] [info] [main.cpp:411] onEvent type=0x1200
[2026-07-19 09:08:57.983] [ge] [info] [main.cpp:443] ACCEL accel=[+4.98,+0.00,+0.00] gravity=[-30.00,-0.00]
[2026-07-19 09:08:58.000] [ge] [info] [main.cpp:411] onEvent type=0x1200
[2026-07-19 09:08:58.000] [ge] [info] [main.cpp:443] ACCEL accel=[+4.98,+0.00,+0.00] gravity=[-30.00,-0.00]
[2026-07-19 09:08:58.016] [ge] [info] [main.cpp:411] onEvent type=0x1200
[2026-07-19 09:08:58.016] [ge] [info] [main.cpp:443] ACCEL accel=[+4.98,+0.00,+0.00] gravity=[-30.00,-0.00]
[2026-07-19 09:08:58.033] [ge] [info] [main.cpp:411] onEvent type=0x1200
[2026-07-19 09:08:58.033] [ge] [info] [main.cpp:443] ACCEL accel=[+4.98,+0.00,+0.00] gravity=[-30.00,-0.00]
[2026-07-19 09:08:58.050] [ge] [info] [main.cpp:411] onEvent type=0x1200
[2026-07-19 09:08:58.050] [ge] [info] [main.cpp:443] ACCEL accel=[+4.98,+0.00,+0.00] gravity=[-30.00,-0.00]
[2026-07-19 09:08:58.066] [ge] [info] [main.cpp:411] onEvent type=0x1200
[2026-07-19 09:08:58.066] [ge] [info] [main.cpp:443] ACCEL accel=[+4.98,+0.00,+0.00] gravity=[-30.00,-0.00]
[2026-07-19 09:08:58.083] [ge] [info] [main.cpp:411] onEvent type=0x1200
[2026-07-19 09:08:58.083] [ge] [info] [main.cpp:443] ACCEL accel=[+4.98,+0.00,+0.00] gravity=[-30.00,-0.00]
[2026-07-19 09:08:58.100] [ge] [info] [main.cpp:411] onEvent type=0x1200
[2026-07-19 09:08:58.100] [ge] [info] [main.cpp:443] ACCEL accel=[+4.98,+0.00,+0.00] gravity=[-30.00,-0.00]
[2026-07-19 09:08:58.116] [ge] [info] [main.cpp:411] onEvent type=0x1200
[2026-07-19 09:08:58.116] [ge] [info] [main.cpp:443] ACCEL accel=[+4.98,+0.00,+0.00] gravity=[-30.00,-0.00]
[2026-07-19 09:08:58.133] [ge] [info] [main.cpp:411] onEvent type=0x1200
[2026-07-19 09:08:58.133] [ge] [info] [main.cpp:443] ACCEL accel=[+4.98,+0.00,+0.00] gravity=[-30.00,-0.00]
[2026-07-19 09:08:58.150] [ge] [info] [main.cpp:411] onEvent type=0x1200
[2026-07-19 09:08:58.150] [ge] [info] [main.cpp:443] ACCEL accel=[+4.98,+0.00,+0.00] gravity=[-30.00,-0.00]
[2026-07-19 09:08:58.166] [ge] [info] [main.cpp:411] onEvent type=0x1200
[2026-07-19 09:08:58.166] [ge] [info] [main.cpp:443] ACCEL accel=[+4.98,+0.00,+0.00] gravity=[-30.00,-0.00]
[2026-07-19 09:08:58.183] [ge] [info] [main.cpp:411] onEvent type=0x1200
[2026-07-19 09:08:58.183] [ge] [info] [main.cpp:443] ACCEL accel=[+4.98,+0.00,+0.00] gravity=[-30.00,-0.00]
[2026-07-19 09:08:58.200] [ge] [info] [main.cpp:411] onEvent type=0x1200
[2026-07-19 09:08:58.200] [ge] [info] [main.cpp:443] ACCEL accel=[+4.98,+0.00,+0.00] gravity=[-30.00,-0.00]
[2026-07-19 09:08:58.216] [ge] [info] [main.cpp:411] onEvent type=0x1200
[2026-07-19 09:08:58.216] [ge] [info] [main.cpp:443] ACCEL accel=[+4.98,+0.00,+0.00] gravity=[-30.00,-0.00]
[2026-07-19 09:08:58.233] [ge] [info] [main.cpp:411] onEvent type=0x1200
[2026-07-19 09:08:58.233] [ge] [info] [main.cpp:443] ACCEL accel=[+4.98,+0.00,+0.00] gravity=[-30.00,-0.00]
[2026-07-19 09:08:58.250] [ge] [info] [main.cpp:411] onEvent type=0x1200
[2026-07-19 09:08:58.250] [ge] [info] [main.cpp:443] ACCEL accel=[+4.98,+0.00,+0.00] gravity=[-30.00,-0.00]
[2026-07-19 09:08:58.266] [ge] [info] [main.cpp:411] onEvent type=0x1200
[2026-07-19 09:08:58.266] [ge] [info] [main.cpp:443] ACCEL accel=[+4.98,+0.00,+0.00] gravity=[-30.00,-0.00]
[2026-07-19 09:08:58.283] [ge] [info] [main.cpp:372] tick: dt=0.0167 g=[-30.00,-0.00] pose=[-3.66,0.00,0.00] grip=[150,150] pro=false
[2026-07-19 09:08:58.283] [ge] [info] [main.cpp:411] onEvent type=0x1200
[2026-07-19 09:08:58.283] [ge] [info] [main.cpp:443] ACCEL accel=[+4.98,+0.00,+0.00] gravity=[-30.00,-0.00]
[2026-07-19 09:08:58.283] [ge] [info] [ServerSession.mm:820] ServerSession: SP2S frame#120 wire=3569B runs=6 full_blobs=3 refs=9 full_blob_bytes=3088
[2026-07-19 09:08:58.298] [ge] [info] [main.cpp:372] tick: dt=0.0167 g=[0.00,0.00] pose=[0.00,0.00,0.00] grip=[150,150] pro=false
[2026-07-19 09:08:58.300] [ge] [info] [main.cpp:411] onEvent type=0x1200
[2026-07-19 09:08:58.300] [ge] [info] [main.cpp:443] ACCEL accel=[+4.98,+0.00,+0.00] gravity=[-30.00,-0.00]
[2026-07-19 09:08:58.316] [ge] [info] [main.cpp:411] onEvent type=0x1200
[2026-07-19 09:08:58.316] [ge] [info] [main.cpp:443] ACCEL accel=[+4.98,+0.00,+0.00] gravity=[-30.00,-0.00]
[2026-07-19 09:08:58.333] [ge] [info] [main.cpp:354] tiltbuggy: pose → db [-4.44,0.00,0.00] t=2.1
[2026-07-19 09:08:58.333] [ge] [info] [main.cpp:411] onEvent type=0x1200
[2026-07-19 09:08:58.333] [ge] [info] [main.cpp:443] ACCEL accel=[+4.98,+0.00,+0.00] gravity=[-30.00,-0.00]
[2026-07-19 09:08:58.350] [ge] [info] [main.cpp:411] onEvent type=0x1200
[2026-07-19 09:08:58.350] [ge] [info] [main.cpp:443] ACCEL accel=[+4.98,+0.00,+0.00] gravity=[-30.00,-0.00]
[2026-07-19 09:08:58.364] [ge] [info] [main.cpp:354] tiltbuggy: pose → db [0.00,0.00,0.00] t=4.1
[2026-07-19 09:08:58.366] [ge] [info] [main.cpp:411] onEvent type=0x1200
[2026-07-19 09:08:58.366] [ge] [info] [main.cpp:443] ACCEL accel=[+4.98,+0.00,+0.00] gravity=[-30.00,-0.00]
[2026-07-19 09:08:58.383] [ge] [info] [main.cpp:411] onEvent type=0x1200
[2026-07-19 09:08:58.383] [ge] [info] [main.cpp:443] ACCEL accel=[+4.98,+0.00,+0.00] gravity=[-30.00,-0.00]
[2026-07-19 09:08:58.400] [ge] [info] [main.cpp:411] onEvent type=0x1200
[2026-07-19 09:08:58.400] [ge] [info] [main.cpp:443] ACCEL accel=[+4.98,+0.00,+0.00] gravity=[-30.00,-0.00]
[2026-07-19 09:08:58.416] [ge] [info] [main.cpp:411] onEvent type=0x1200
[2026-07-19 09:08:58.416] [ge] [info] [main.cpp:443] ACCEL accel=[+4.98,+0.00,+0.00] gravity=[-30.00,-0.00]
[2026-07-19 09:08:58.416] [ge] [info] [ServerSession.mm:188] ServerSession: SP2T snapshot pushed (24576 bytes, stream)
[2026-07-19 09:08:58.433] [ge] [info] [main.cpp:411] onEvent type=0x1200
[2026-07-19 09:08:58.433] [ge] [info] [main.cpp:443] ACCEL accel=[+4.98,+0.00,+0.00] gravity=[-30.00,-0.00]
[2026-07-19 09:08:58.450] [ge] [info] [main.cpp:411] onEvent type=0x1200
[2026-07-19 09:08:58.450] [ge] [info] [main.cpp:443] ACCEL accel=[+4.98,+0.00,+0.00] gravity=[-30.00,-0.00]
[2026-07-19 09:08:58.466] [ge] [info] [main.cpp:411] onEvent type=0x1200
[2026-07-19 09:08:58.466] [ge] [info] [main.cpp:443] ACCEL accel=[+4.98,+0.00,+0.00] gravity=[-30.00,-0.00]
[2026-07-19 09:08:58.483] [ge] [info] [main.cpp:411] onEvent type=0x1200
[2026-07-19 09:08:58.483] [ge] [info] [main.cpp:443] ACCEL accel=[+4.98,+0.00,+0.00] gravity=[-30.00,-0.00]
[2026-07-19 09:08:58.500] [ge] [info] [main.cpp:411] onEvent type=0x1200
[2026-07-19 09:08:58.500] [ge] [info] [main.cpp:443] ACCEL accel=[+4.98,+0.00,+0.00] gravity=[-30.00,-0.00]
[2026-07-19 09:08:58.516] [ge] [info] [main.cpp:411] onEvent type=0x1200
[2026-07-19 09:08:58.516] [ge] [info] [main.cpp:443] ACCEL accel=[+4.98,+0.00,+0.00] gravity=[-30.00,-0.00]
[2026-07-19 09:08:58.533] [ge] [info] [main.cpp:411] onEvent type=0x1200
[2026-07-19 09:08:58.533] [ge] [info] [main.cpp:443] ACCEL accel=[+4.98,+0.00,+0.00] gravity=[-30.00,-0.00]
[2026-07-19 09:08:58.550] [ge] [info] [main.cpp:411] onEvent type=0x1200
[2026-07-19 09:08:58.550] [ge] [info] [main.cpp:443] ACCEL accel=[+4.98,+0.00,+0.00] gravity=[-30.00,-0.00]
[2026-07-19 09:08:58.566] [ge] [info] [main.cpp:411] onEvent type=0x1200
[2026-07-19 09:08:58.566] [ge] [info] [main.cpp:443] ACCEL accel=[+4.98,+0.00,+0.00] gravity=[-30.00,-0.00]
[2026-07-19 09:08:58.583] [ge] [info] [main.cpp:411] onEvent type=0x1200
[2026-07-19 09:08:58.583] [ge] [info] [main.cpp:443] ACCEL accel=[+4.98,+0.00,+0.00] gravity=[-30.00,-0.00]
[2026-07-19 09:08:58.600] [ge] [info] [main.cpp:411] onEvent type=0x1200
[2026-07-19 09:08:58.600] [ge] [info] [main.cpp:443] ACCEL accel=[+4.98,+0.00,+0.00] gravity=[-30.00,-0.00]
[2026-07-19 09:08:58.616] [ge] [info] [main.cpp:411] onEvent type=0x1200
[2026-07-19 09:08:58.616] [ge] [info] [main.cpp:443] ACCEL accel=[+4.98,+0.00,+0.00] gravity=[-30.00,-0.00]
[2026-07-19 09:08:58.633] [ge] [info] [main.cpp:411] onEvent type=0x1200
[2026-07-19 09:08:58.633] [ge] [info] [main.cpp:443] ACCEL accel=[+4.98,+0.00,+0.00] gravity=[-30.00,-0.00]
[2026-07-19 09:08:58.650] [ge] [info] [main.cpp:411] onEvent type=0x1200
[2026-07-19 09:08:58.650] [ge] [info] [main.cpp:443] ACCEL accel=[+4.98,+0.00,+0.00] gravity=[-30.00,-0.00]
[2026-07-19 09:08:58.666] [ge] [info] [main.cpp:411] onEvent type=0x1200
[2026-07-19 09:08:58.666] [ge] [info] [main.cpp:443] ACCEL accel=[+4.98,+0.00,+0.00] gravity=[-30.00,-0.00]
[2026-07-19 09:08:58.683] [ge] [info] [main.cpp:411] onEvent type=0x1200
[2026-07-19 09:08:58.683] [ge] [info] [main.cpp:443] ACCEL accel=[+4.98,+0.00,+0.00] gravity=[-30.00,-0.00]
[2026-07-19 09:08:58.700] [ge] [info] [main.cpp:411] onEvent type=0x1200
[2026-07-19 09:08:58.700] [ge] [info] [main.cpp:443] ACCEL accel=[+4.98,+0.00,+0.00] gravity=[-30.00,-0.00]
[2026-07-19 09:08:58.716] [ge] [info] [main.cpp:411] onEvent type=0x1200
[2026-07-19 09:08:58.716] [ge] [info] [main.cpp:443] ACCEL accel=[+4.98,+0.00,+0.00] gravity=[-30.00,-0.00]
[2026-07-19 09:08:58.733] [ge] [info] [main.cpp:411] onEvent type=0x1200
[2026-07-19 09:08:58.733] [ge] [info] [main.cpp:443] ACCEL accel=[+4.98,+0.00,+0.00] gravity=[-30.00,-0.00]
[2026-07-19 09:08:58.750] [ge] [info] [main.cpp:411] onEvent type=0x1200
[2026-07-19 09:08:58.750] [ge] [info] [main.cpp:443] ACCEL accel=[+4.98,+0.00,+0.00] gravity=[-30.00,-0.00]
[2026-07-19 09:08:58.766] [ge] [info] [main.cpp:411] onEvent type=0x1200
[2026-07-19 09:08:58.766] [ge] [info] [main.cpp:443] ACCEL accel=[+4.98,+0.00,+0.00] gravity=[-30.00,-0.00]
[2026-07-19 09:08:58.783] [ge] [info] [main.cpp:411] onEvent type=0x1200
[2026-07-19 09:08:58.783] [ge] [info] [main.cpp:443] ACCEL accel=[+4.98,+0.00,+0.00] gravity=[-30.00,-0.00]
[2026-07-19 09:08:58.800] [ge] [info] [main.cpp:411] onEvent type=0x1200
[2026-07-19 09:08:58.800] [ge] [info] [main.cpp:443] ACCEL accel=[+4.98,+0.00,+0.00] gravity=[-30.00,-0.00]
[2026-07-19 09:08:58.816] [ge] [info] [main.cpp:411] onEvent type=0x1200
[2026-07-19 09:08:58.816] [ge] [info] [main.cpp:443] ACCEL accel=[+4.98,+0.00,+0.00] gravity=[-30.00,-0.00]
[2026-07-19 09:08:58.833] [ge] [info] [main.cpp:411] onEvent type=0x1200
[2026-07-19 09:08:58.833] [ge] [info] [main.cpp:443] ACCEL accel=[+4.98,+0.00,+0.00] gravity=[-30.00,-0.00]
[2026-07-19 09:08:58.850] [ge] [info] [main.cpp:354] tiltbuggy: pose → db [-8.53,0.20,0.76] t=2.6
[2026-07-19 09:08:58.850] [ge] [info] [main.cpp:411] onEvent type=0x1200
[2026-07-19 09:08:58.850] [ge] [info] [main.cpp:443] ACCEL accel=[+4.98,+0.00,+0.00] gravity=[-30.00,-0.00]
[2026-07-19 09:08:58.864] [ge] [info] [main.cpp:354] tiltbuggy: pose → db [0.00,0.00,0.00] t=4.6
[2026-07-19 09:08:58.866] [ge] [info] [main.cpp:411] onEvent type=0x1200
[2026-07-19 09:08:58.866] [ge] [info] [main.cpp:443] ACCEL accel=[+4.98,+0.00,+0.00] gravity=[-30.00,-0.00]
[2026-07-19 09:08:58.883] [ge] [info] [main.cpp:411] onEvent type=0x1200
[2026-07-19 09:08:58.883] [ge] [info] [main.cpp:443] ACCEL accel=[+4.98,+0.00,+0.00] gravity=[-30.00,-0.00]
[2026-07-19 09:08:58.900] [ge] [info] [main.cpp:411] onEvent type=0x1200
[2026-07-19 09:08:58.900] [ge] [info] [main.cpp:443] ACCEL accel=[+4.98,+0.00,+0.00] gravity=[-30.00,-0.00]
[2026-07-19 09:08:58.916] [ge] [info] [main.cpp:411] onEvent type=0x1200
[2026-07-19 09:08:58.916] [ge] [info] [main.cpp:443] ACCEL accel=[+4.98,+0.00,+0.00] gravity=[-30.00,-0.00]
[2026-07-19 09:08:58.933] [ge] [info] [main.cpp:411] onEvent type=0x1200
[2026-07-19 09:08:58.933] [ge] [info] [main.cpp:443] ACCEL accel=[+4.98,+0.00,+0.00] gravity=[-30.00,-0.00]
[2026-07-19 09:08:58.933] [ge] [info] [ServerSession.mm:188] ServerSession: SP2T snapshot pushed (24576 bytes, stream)
[2026-07-19 09:08:58.950] [ge] [info] [main.cpp:411] onEvent type=0x1200
[2026-07-19 09:08:58.950] [ge] [info] [main.cpp:443] ACCEL accel=[+4.98,+0.00,+0.00] gravity=[-30.00,-0.00]
[2026-07-19 09:08:58.966] [ge] [info] [main.cpp:411] onEvent type=0x1200
[2026-07-19 09:08:58.966] [ge] [info] [main.cpp:443] ACCEL accel=[+4.98,+0.00,+0.00] gravity=[-30.00,-0.00]
[2026-07-19 09:08:58.983] [ge] [info] [main.cpp:411] onEvent type=0x1200
[2026-07-19 09:08:58.983] [ge] [info] [main.cpp:443] ACCEL accel=[+4.98,+0.00,+0.00] gravity=[-30.00,-0.00]
[2026-07-19 09:08:59.000] [ge] [info] [main.cpp:411] onEvent type=0x1200
[2026-07-19 09:08:59.000] [ge] [info] [main.cpp:443] ACCEL accel=[+4.98,+0.00,+0.00] gravity=[-30.00,-0.00]
[2026-07-19 09:08:59.016] [ge] [info] [main.cpp:411] onEvent type=0x1200
[2026-07-19 09:08:59.016] [ge] [info] [main.cpp:443] ACCEL accel=[+4.98,+0.00,+0.00] gravity=[-30.00,-0.00]
[2026-07-19 09:08:59.033] [ge] [info] [main.cpp:411] onEvent type=0x1200
[2026-07-19 09:08:59.033] [ge] [info] [main.cpp:443] ACCEL accel=[+4.98,+0.00,+0.00] gravity=[-30.00,-0.00]
[2026-07-19 09:08:59.050] [ge] [info] [main.cpp:411] onEvent type=0x701
[2026-07-19 09:08:59.050] [ge] [info] [main.cpp:411] onEvent type=0x1200
[2026-07-19 09:08:59.050] [ge] [info] [main.cpp:443] ACCEL accel=[+4.98,+0.00,+0.00] gravity=[-30.00,-0.00]
[2026-07-19 09:08:59.050] [ge] [info] [ServerSession.mm:312] ServerSession: SP2A arm=0 → primary seat
[2026-07-19 09:08:59.066] [ge] [info] [main.cpp:411] onEvent type=0x1200
[2026-07-19 09:08:59.066] [ge] [info] [main.cpp:443] ACCEL accel=[+4.11,+0.00,+0.00] gravity=[-30.00,-0.00]
[2026-07-19 09:08:59.083] [ge] [info] [main.cpp:411] onEvent type=0x1200
[2026-07-19 09:08:59.083] [ge] [info] [main.cpp:443] ACCEL accel=[+3.37,+0.00,+0.00] gravity=[-30.00,-0.00]
[2026-07-19 09:08:59.100] [ge] [info] [main.cpp:411] onEvent type=0x1200
[2026-07-19 09:08:59.100] [ge] [info] [main.cpp:443] ACCEL accel=[+2.76,+0.00,+0.00] gravity=[-27.59,-0.00]
[2026-07-19 09:08:59.116] [ge] [info] [main.cpp:411] onEvent type=0x1200
[2026-07-19 09:08:59.116] [ge] [info] [main.cpp:443] ACCEL accel=[+2.25,+0.00,+0.00] gravity=[-22.51,-0.00]
[2026-07-19 09:08:59.133] [ge] [info] [main.cpp:411] onEvent type=0x1200
[2026-07-19 09:08:59.133] [ge] [info] [main.cpp:443] ACCEL accel=[+1.83,+0.00,+0.00] gravity=[-18.33,-0.00]
[2026-07-19 09:08:59.150] [ge] [info] [main.cpp:411] onEvent type=0x1200
[2026-07-19 09:08:59.150] [ge] [info] [main.cpp:443] ACCEL accel=[+1.49,+0.00,+0.00] gravity=[-14.91,-0.00]
[2026-07-19 09:08:59.166] [ge] [info] [main.cpp:411] onEvent type=0x1200
[2026-07-19 09:08:59.166] [ge] [info] [main.cpp:443] ACCEL accel=[+1.21,+0.00,+0.00] gravity=[-12.12,-0.00]
[2026-07-19 09:08:59.183] [ge] [info] [main.cpp:411] onEvent type=0x1200
[2026-07-19 09:08:59.183] [ge] [info] [main.cpp:443] ACCEL accel=[+0.99,+0.00,+0.00] gravity=[-9.85,-0.00]
[2026-07-19 09:08:59.200] [ge] [info] [main.cpp:411] onEvent type=0x1200
[2026-07-19 09:08:59.200] [ge] [info] [main.cpp:443] ACCEL accel=[+0.80,+0.00,+0.00] gravity=[-8.00,-0.00]
[2026-07-19 09:08:59.216] [ge] [info] [main.cpp:411] onEvent type=0x1200
[2026-07-19 09:08:59.216] [ge] [info] [main.cpp:443] ACCEL accel=[+0.65,+0.00,+0.00] gravity=[-6.50,-0.00]
[2026-07-19 09:08:59.233] [ge] [info] [main.cpp:411] onEvent type=0x1200
[2026-07-19 09:08:59.233] [ge] [info] [main.cpp:443] ACCEL accel=[+0.53,+0.00,+0.00] gravity=[-5.28,-0.00]
[2026-07-19 09:08:59.250] [ge] [info] [main.cpp:411] onEvent type=0x1200
[2026-07-19 09:08:59.250] [ge] [info] [main.cpp:443] ACCEL accel=[+0.43,+0.00,+0.00] gravity=[-4.29,-0.00]
[2026-07-19 09:08:59.266] [ge] [info] [main.cpp:411] onEvent type=0x1200
[2026-07-19 09:08:59.266] [ge] [info] [main.cpp:443] ACCEL accel=[+0.35,+0.00,+0.00] gravity=[-3.48,-0.00]
[2026-07-19 09:08:59.283] [ge] [info] [main.cpp:372] tick: dt=0.0167 g=[-3.48,-0.00] pose=[-5.52,4.64,1.43] grip=[0,75] pro=false
[2026-07-19 09:08:59.283] [ge] [info] [main.cpp:411] onEvent type=0x1200
[2026-07-19 09:08:59.283] [ge] [info] [main.cpp:443] ACCEL accel=[+0.28,+0.00,+0.00] gravity=[-2.83,-0.00]
[2026-07-19 09:08:59.283] [ge] [info] [ServerSession.mm:820] ServerSession: SP2S frame#180 wire=5009B runs=6 full_blobs=3 refs=9 full_blob_bytes=4528
[2026-07-19 09:08:59.298] [ge] [info] [main.cpp:372] tick: dt=0.0167 g=[0.00,0.00] pose=[0.00,0.00,0.00] grip=[150,150] pro=false
[2026-07-19 09:08:59.300] [ge] [info] [main.cpp:411] onEvent type=0x1200
[2026-07-19 09:08:59.300] [ge] [info] [main.cpp:443] ACCEL accel=[+0.23,+0.00,+0.00] gravity=[-2.30,-0.00]
[2026-07-19 09:08:59.316] [ge] [info] [main.cpp:411] onEvent type=0x1200
[2026-07-19 09:08:59.316] [ge] [info] [main.cpp:443] ACCEL accel=[+0.19,+0.00,+0.00] gravity=[-1.86,-0.00]
[2026-07-19 09:08:59.333] [ge] [info] [main.cpp:411] onEvent type=0x1200
[2026-07-19 09:08:59.333] [ge] [info] [main.cpp:443] ACCEL accel=[+0.15,+0.00,+0.00] gravity=[-1.51,-0.00]
[2026-07-19 09:08:59.350] [ge] [info] [main.cpp:411] onEvent type=0x1200
[2026-07-19 09:08:59.350] [ge] [info] [main.cpp:443] ACCEL accel=[+0.12,+0.00,+0.00] gravity=[-1.23,-0.00]
[2026-07-19 09:08:59.366] [ge] [info] [main.cpp:354] tiltbuggy: pose → db [-5.43,5.58,1.48] t=3.1
[2026-07-19 09:08:59.366] [ge] [info] [main.cpp:411] onEvent type=0x1200
[2026-07-19 09:08:59.366] [ge] [info] [main.cpp:443] ACCEL accel=[+0.10,+0.00,+0.00] gravity=[-1.00,-0.00]
[2026-07-19 09:08:59.381] [ge] [info] [main.cpp:354] tiltbuggy: pose → db [0.00,0.00,0.00] t=5.2
[2026-07-19 09:08:59.383] [ge] [info] [main.cpp:411] onEvent type=0x1200
[2026-07-19 09:08:59.383] [ge] [info] [main.cpp:443] ACCEL accel=[+0.08,+0.00,+0.00] gravity=[-0.81,-0.00]
[2026-07-19 09:08:59.400] [ge] [info] [main.cpp:411] onEvent type=0x1200
[2026-07-19 09:08:59.400] [ge] [info] [main.cpp:443] ACCEL accel=[+0.07,+0.00,+0.00] gravity=[-0.66,-0.00]
[2026-07-19 09:08:59.416] [ge] [info] [main.cpp:411] onEvent type=0x1200
[2026-07-19 09:08:59.416] [ge] [info] [main.cpp:443] ACCEL accel=[+0.05,+0.00,+0.00] gravity=[-0.53,-0.00]
[2026-07-19 09:08:59.433] [ge] [info] [main.cpp:411] onEvent type=0x1200
[2026-07-19 09:08:59.433] [ge] [info] [main.cpp:443] ACCEL accel=[+0.04,+0.00,+0.00] gravity=[-0.43,-0.00]
[2026-07-19 09:08:59.433] [ge] [info] [ServerSession.mm:188] ServerSession: SP2T snapshot pushed (24576 bytes, stream)
[2026-07-19 09:08:59.450] [ge] [info] [main.cpp:411] onEvent type=0x1200
[2026-07-19 09:08:59.450] [ge] [info] [main.cpp:443] ACCEL accel=[+0.04,+0.00,+0.00] gravity=[-0.35,-0.00]
[2026-07-19 09:08:59.466] [ge] [info] [main.cpp:411] onEvent type=0x1200
[2026-07-19 09:08:59.466] [ge] [info] [main.cpp:443] ACCEL accel=[+0.03,+0.00,+0.00] gravity=[-0.29,-0.00]
[2026-07-19 09:08:59.483] [ge] [info] [main.cpp:411] onEvent type=0x1200
[2026-07-19 09:08:59.483] [ge] [info] [main.cpp:443] ACCEL accel=[+0.02,+0.00,+0.00] gravity=[-0.23,-0.00]
[2026-07-19 09:08:59.500] [ge] [info] [main.cpp:411] onEvent type=0x1200
[2026-07-19 09:08:59.500] [ge] [info] [main.cpp:443] ACCEL accel=[+0.02,+0.00,+0.00] gravity=[-0.19,-0.00]
[2026-07-19 09:08:59.516] [ge] [info] [main.cpp:411] onEvent type=0x1200
[2026-07-19 09:08:59.516] [ge] [info] [main.cpp:443] ACCEL accel=[+0.02,+0.00,+0.00] gravity=[-0.15,-0.00]
[2026-07-19 09:08:59.533] [ge] [info] [main.cpp:411] onEvent type=0x1200
[2026-07-19 09:08:59.533] [ge] [info] [main.cpp:443] ACCEL accel=[+0.00,+0.00,+0.00] gravity=[-0.00,-0.00]
[2026-07-19 09:08:59.866] [ge] [info] [main.cpp:354] tiltbuggy: pose → db [-5.65,7.63,1.27] t=3.6
[2026-07-19 09:08:59.898] [ge] [info] [main.cpp:354] tiltbuggy: pose → db [0.00,0.00,0.00] t=5.7
[2026-07-19 09:08:59.948] [ge] [info] [ServerSession.mm:414] ServerSession: session s2 wire closed — child exiting
[2026-07-19 09:08:59.948] [ge] [info] [ServerSession.mm:644] ServerSession: detach s2 — child owns teardown
[2026-07-19 09:09:00.298] [ge] [info] [main.cpp:372] tick: dt=0.0167 g=[0.00,0.00] pose=[0.00,0.00,0.00] grip=[150,150] pro=false
[2026-07-19 09:09:00.398] [ge] [info] [main.cpp:354] tiltbuggy: pose → db [0.00,0.00,0.00] t=6.2
[2026-07-19 09:09:00.898] [ge] [info] [main.cpp:354] tiltbuggy: pose → db [0.00,0.00,0.00] t=6.7
[2026-07-19 09:09:01.298] [ge] [info] [main.cpp:372] tick: dt=0.0167 g=[0.00,0.00] pose=[0.00,0.00,0.00] grip=[150,150] pro=false
[2026-07-19 09:09:01.414] [ge] [info] [main.cpp:354] tiltbuggy: pose → db [0.00,0.00,0.00] t=7.2
[2026-07-19 09:09:01.931] [ge] [info] [main.cpp:354] tiltbuggy: pose → db [0.00,0.00,0.00] t=7.7
[2026-07-19 09:09:02.298] [ge] [info] [main.cpp:372] tick: dt=0.0167 g=[0.00,0.00] pose=[0.00,0.00,0.00] grip=[150,150] pro=false
[2026-07-19 09:09:02.431] [ge] [info] [main.cpp:354] tiltbuggy: pose → db [0.00,0.00,0.00] t=8.2
[2026-07-19 09:09:02.948] [ge] [info] [main.cpp:354] tiltbuggy: pose → db [0.00,0.00,0.00] t=8.7
[2026-07-19 09:09:03.298] [ge] [info] [main.cpp:372] tick: dt=0.0167 g=[0.00,0.00] pose=[0.00,0.00,0.00] grip=[150,150] pro=false
[2026-07-19 09:09:03.465] [ge] [info] [main.cpp:354] tiltbuggy: pose → db [0.00,0.00,0.00] t=9.2
[2026-07-19 09:09:03.981] [ge] [info] [main.cpp:354] tiltbuggy: pose → db [0.00,0.00,0.00] t=9.8
[2026-07-19 09:09:04.298] [ge] [info] [main.cpp:372] tick: dt=0.0167 g=[0.00,0.00] pose=[0.00,0.00,0.00] grip=[150,150] pro=false
[2026-07-19 09:09:04.481] [ge] [info] [main.cpp:354] tiltbuggy: pose → db [0.00,0.00,0.00] t=10.3
[2026-07-19 09:09:04.981] [ge] [info] [main.cpp:354] tiltbuggy: pose → db [0.00,0.00,0.00] t=10.8
[2026-07-19 09:09:05.298] [ge] [info] [main.cpp:372] tick: dt=0.0167 g=[0.00,0.00] pose=[0.00,0.00,0.00] grip=[150,150] pro=false
[2026-07-19 09:09:05.498] [ge] [info] [main.cpp:354] tiltbuggy: pose → db [0.00,0.00,0.00] t=11.3
[2026-07-19 09:09:05.945] [ge] [info] [ServerSession.mm:661] ServerSession: sideband closed (replaced or relay gone) — exiting superseded server process
