[2026-07-19 09:08:50.286] [info] [iap.cpp:160] ge::iap: mode resolved to 'stub'
[2026-07-19 09:08:50.286] [info] [main.cpp:198] iap: restore complete ok=true error=
[2026-07-19 09:08:50.412] [ge] [info] [SokolContext.mm:180] SokolContext: 2048x1536 Metal (Apple M4 Max)
[2026-07-19 09:08:50.412] [ge] [info] [DirectRenderHost.mm:456] DirectRenderHost: gesture accelerometer synthesis enabled (armOnPrimary=true)
[2026-07-19 09:08:50.413] [ge] [info] [DirectRenderHost.mm:464] DirectRenderHost: GE_INPUT_SCRIPT loaded (/Users/marcelo/work/github.com/squz/ge/verdicts/T156.6/20260718T230836Z/gesture-finger.txt)
[2026-07-19 09:08:50.413] [ge] [info] [DirectRenderHost.mm:473] DirectRenderHost: GE_SENSOR_TRACE on (/Users/marcelo/work/github.com/squz/ge/verdicts/T156.6/20260718T230836Z/finger-direct.trace)
[2026-07-19 09:08:50.413] [ge] [info] [DirectRenderHost.mm:476] DirectRenderHost: 2048x1536
[2026-07-19 09:08:50.415] [ge] [info] [DirectRenderHost.mm:516] DirectRenderHost: persistent DB at /Users/marcelo/Library/Application Support/squz/tiltbuggy/game.db
[2026-07-19 09:08:50.415] [ge] [info] [Context.cpp:64] Context: opening db path='/Users/marcelo/Library/Application Support/squz/tiltbuggy/game.db' schemaDdl=145B
[2026-07-19 09:08:50.417] [ge] [info] [Context.cpp:67] Context: db open ok
[2026-07-19 09:08:50.417] [ge] [info] [DirectRenderHost.mm:522] DirectRenderHost: Context ready — applying safe insets
[2026-07-19 09:08:50.417] [ge] [info] [DirectRenderHost.mm:524] DirectRenderHost: drawSafe insets applied
[2026-07-19 09:08:50.417] [ge] [info] [DirectRenderHost.mm:526] DirectRenderHost: uiSafe insets applied
[2026-07-19 09:08:50.417] [ge] [info] [DirectRenderHost.mm:586] DirectRenderHost: constructor complete
[2026-07-19 09:08:50.419] [ge] [info] [main.cpp:305] tiltbuggy: restored pose from db [-12.83,5.80,1.57]
[2026-07-19 09:08:50.472] [ge] [info] [main.cpp:397] onEvent type=0x305
[2026-07-19 09:08:50.472] [ge] [info] [main.cpp:397] onEvent type=0x404
[2026-07-19 09:08:50.472] [ge] [info] [audio.cpp:146] ge::audio: foregrounded — resuming 0 device(s)
[2026-07-19 09:08:50.472] [ge] [info] [main.cpp:397] onEvent type=0x214
[2026-07-19 09:08:50.620] [ge] [info] [main.cpp:397] onEvent type=0x204
[2026-07-19 09:08:50.620] [ge] [info] [audio.cpp:146] ge::audio: foregrounded — resuming 0 device(s)
[2026-07-19 09:08:50.620] [ge] [info] [main.cpp:397] onEvent type=0x20c
[2026-07-19 09:08:50.620] [ge] [info] [main.cpp:397] onEvent type=0x900
[2026-07-19 09:08:50.976] [ge] [info] [main.cpp:347] tiltbuggy: pose → db [-12.83,5.80,1.57] t=0.7
[2026-07-19 09:08:51.192] [ge] [info] [main.cpp:358] tick: dt=0.0082 g=[0.00,0.00] pose=[-12.83,5.80,1.57] grip=[30,30] pro=false
[2026-07-19 09:08:51.485] [ge] [info] [main.cpp:347] tiltbuggy: pose → db [-12.83,5.80,1.57] t=1.2
[2026-07-19 09:08:51.692] [ge] [info] [main.cpp:358] tick: dt=0.0082 g=[0.00,0.00] pose=[-12.83,5.80,1.57] grip=[30,30] pro=false
[2026-07-19 09:08:51.928] [ge] [info] [main.cpp:397] onEvent type=0x700
[2026-07-19 09:08:51.929] [ge] [info] [main.cpp:397] onEvent type=0x1200
[2026-07-19 09:08:51.929] [ge] [info] [main.cpp:423] ACCEL accel=[+0.00,+0.00,+0.00] gravity=[-0.00,-0.00]
[2026-07-19 09:08:51.934] [ge] [info] [main.cpp:397] onEvent type=0x1200
[2026-07-19 09:08:51.934] [ge] [info] [main.cpp:423] ACCEL accel=[+0.00,+0.00,+0.00] gravity=[-0.00,-0.00]
[2026-07-19 09:08:51.942] [ge] [info] [main.cpp:397] onEvent type=0x1200
[2026-07-19 09:08:51.942] [ge] [info] [main.cpp:423] ACCEL accel=[+0.00,+0.00,+0.00] gravity=[-0.00,-0.00]
[2026-07-19 09:08:51.951] [ge] [info] [main.cpp:397] onEvent type=0x1200
[2026-07-19 09:08:51.951] [ge] [info] [main.cpp:423] ACCEL accel=[+0.00,+0.00,+0.00] gravity=[-0.00,-0.00]
[2026-07-19 09:08:51.959] [ge] [info] [main.cpp:397] onEvent type=0x1200
[2026-07-19 09:08:51.959] [ge] [info] [main.cpp:423] ACCEL accel=[+0.00,+0.00,+0.00] gravity=[-0.00,-0.00]
[2026-07-19 09:08:51.967] [ge] [info] [main.cpp:397] onEvent type=0x1200
[2026-07-19 09:08:51.967] [ge] [info] [main.cpp:423] ACCEL accel=[+0.00,+0.00,+0.00] gravity=[-0.00,-0.00]
[2026-07-19 09:08:51.976] [ge] [info] [main.cpp:397] onEvent type=0x1200
[2026-07-19 09:08:51.976] [ge] [info] [main.cpp:423] ACCEL accel=[+2.58,+0.00,+0.00] gravity=[-25.81,-0.00]
[2026-07-19 09:08:51.976] [ge] [info] [main.cpp:397] onEvent type=0x1200
[2026-07-19 09:08:51.976] [ge] [info] [main.cpp:423] ACCEL accel=[+2.58,+0.00,+0.00] gravity=[-25.81,-0.00]
[2026-07-19 09:08:51.984] [ge] [info] [main.cpp:397] onEvent type=0x1200
[2026-07-19 09:08:51.984] [ge] [info] [main.cpp:423] ACCEL accel=[+2.58,+0.00,+0.00] gravity=[-25.81,-0.00]
[2026-07-19 09:08:51.993] [ge] [info] [main.cpp:347] tiltbuggy: pose → db [-12.83,5.80,1.57] t=1.7
[2026-07-19 09:08:51.993] [ge] [info] [main.cpp:397] onEvent type=0x1200
[2026-07-19 09:08:51.993] [ge] [info] [main.cpp:423] ACCEL accel=[+2.58,+0.00,+0.00] gravity=[-25.81,-0.00]
[2026-07-19 09:08:52.001] [ge] [info] [main.cpp:397] onEvent type=0x1200
[2026-07-19 09:08:52.001] [ge] [info] [main.cpp:423] ACCEL accel=[+2.58,+0.00,+0.00] gravity=[-25.81,-0.00]
[2026-07-19 09:08:52.009] [ge] [info] [main.cpp:397] onEvent type=0x1200
[2026-07-19 09:08:52.009] [ge] [info] [main.cpp:423] ACCEL accel=[+2.58,+0.00,+0.00] gravity=[-25.81,-0.00]
[2026-07-19 09:08:52.017] [ge] [info] [main.cpp:397] onEvent type=0x1200
[2026-07-19 09:08:52.017] [ge] [info] [main.cpp:423] ACCEL accel=[+2.58,+0.00,+0.00] gravity=[-25.81,-0.00]
[2026-07-19 09:08:52.026] [ge] [info] [main.cpp:397] onEvent type=0x1200
[2026-07-19 09:08:52.026] [ge] [info] [main.cpp:423] ACCEL accel=[+4.98,+0.00,+0.00] gravity=[-49.80,-0.00]
[2026-07-19 09:08:52.026] [ge] [info] [main.cpp:397] onEvent type=0x1200
[2026-07-19 09:08:52.026] [ge] [info] [main.cpp:423] ACCEL accel=[+4.98,+0.00,+0.00] gravity=[-49.80,-0.00]
[2026-07-19 09:08:52.034] [ge] [info] [main.cpp:397] onEvent type=0x1200
[2026-07-19 09:08:52.034] [ge] [info] [main.cpp:423] ACCEL accel=[+4.98,+0.00,+0.00] gravity=[-49.80,-0.00]
[2026-07-19 09:08:52.042] [ge] [info] [main.cpp:397] onEvent type=0x1200
[2026-07-19 09:08:52.042] [ge] [info] [main.cpp:423] ACCEL accel=[+4.98,+0.00,+0.00] gravity=[-49.80,-0.00]
[2026-07-19 09:08:52.051] [ge] [info] [main.cpp:397] onEvent type=0x1200
[2026-07-19 09:08:52.051] [ge] [info] [main.cpp:423] ACCEL accel=[+4.98,+0.00,+0.00] gravity=[-49.80,-0.00]
[2026-07-19 09:08:52.059] [ge] [info] [main.cpp:397] onEvent type=0x1200
[2026-07-19 09:08:52.059] [ge] [info] [main.cpp:423] ACCEL accel=[+4.98,+0.00,+0.00] gravity=[-49.80,-0.00]
[2026-07-19 09:08:52.067] [ge] [info] [main.cpp:397] onEvent type=0x1200
[2026-07-19 09:08:52.067] [ge] [info] [main.cpp:423] ACCEL accel=[+4.98,+0.00,+0.00] gravity=[-49.80,-0.00]
[2026-07-19 09:08:52.076] [ge] [info] [main.cpp:397] onEvent type=0x1200
[2026-07-19 09:08:52.076] [ge] [info] [main.cpp:423] ACCEL accel=[+4.98,+0.00,+0.00] gravity=[-49.80,-0.00]
[2026-07-19 09:08:52.084] [ge] [info] [main.cpp:397] onEvent type=0x1200
[2026-07-19 09:08:52.084] [ge] [info] [main.cpp:423] ACCEL accel=[+4.98,+0.00,+0.00] gravity=[-49.80,-0.00]
[2026-07-19 09:08:52.092] [ge] [info] [main.cpp:397] onEvent type=0x1200
[2026-07-19 09:08:52.092] [ge] [info] [main.cpp:423] ACCEL accel=[+4.98,+0.00,+0.00] gravity=[-49.80,-0.00]
[2026-07-19 09:08:52.101] [ge] [info] [main.cpp:397] onEvent type=0x1200
[2026-07-19 09:08:52.101] [ge] [info] [main.cpp:423] ACCEL accel=[+4.98,+0.00,+0.00] gravity=[-49.80,-0.00]
[2026-07-19 09:08:52.109] [ge] [info] [main.cpp:397] onEvent type=0x1200
[2026-07-19 09:08:52.109] [ge] [info] [main.cpp:423] ACCEL accel=[+4.98,+0.00,+0.00] gravity=[-49.80,-0.00]
[2026-07-19 09:08:52.117] [ge] [info] [main.cpp:397] onEvent type=0x1200
[2026-07-19 09:08:52.117] [ge] [info] [main.cpp:423] ACCEL accel=[+4.98,+0.00,+0.00] gravity=[-49.80,-0.00]
[2026-07-19 09:08:52.126] [ge] [info] [main.cpp:397] onEvent type=0x1200
[2026-07-19 09:08:52.126] [ge] [info] [main.cpp:423] ACCEL accel=[+4.98,+0.00,+0.00] gravity=[-49.80,-0.00]
[2026-07-19 09:08:52.134] [ge] [info] [main.cpp:397] onEvent type=0x1200
[2026-07-19 09:08:52.134] [ge] [info] [main.cpp:423] ACCEL accel=[+4.98,+0.00,+0.00] gravity=[-49.80,-0.00]
[2026-07-19 09:08:52.142] [ge] [info] [main.cpp:397] onEvent type=0x1200
[2026-07-19 09:08:52.142] [ge] [info] [main.cpp:423] ACCEL accel=[+4.98,+0.00,+0.00] gravity=[-49.80,-0.00]
[2026-07-19 09:08:52.151] [ge] [info] [main.cpp:397] onEvent type=0x1200
[2026-07-19 09:08:52.151] [ge] [info] [main.cpp:423] ACCEL accel=[+4.98,+0.00,+0.00] gravity=[-49.80,-0.00]
[2026-07-19 09:08:52.159] [ge] [info] [main.cpp:397] onEvent type=0x1200
[2026-07-19 09:08:52.159] [ge] [info] [main.cpp:423] ACCEL accel=[+4.98,+0.00,+0.00] gravity=[-49.80,-0.00]
[2026-07-19 09:08:52.167] [ge] [info] [main.cpp:397] onEvent type=0x1200
[2026-07-19 09:08:52.167] [ge] [info] [main.cpp:423] ACCEL accel=[+4.98,+0.00,+0.00] gravity=[-49.80,-0.00]
[2026-07-19 09:08:52.176] [ge] [info] [main.cpp:397] onEvent type=0x1200
[2026-07-19 09:08:52.176] [ge] [info] [main.cpp:423] ACCEL accel=[+4.98,+0.00,+0.00] gravity=[-49.80,-0.00]
[2026-07-19 09:08:52.184] [ge] [info] [main.cpp:397] onEvent type=0x1200
[2026-07-19 09:08:52.184] [ge] [info] [main.cpp:423] ACCEL accel=[+4.98,+0.00,+0.00] gravity=[-49.80,-0.00]
[2026-07-19 09:08:52.192] [ge] [info] [main.cpp:358] tick: dt=0.0084 g=[-49.80,-0.00] pose=[-12.83,5.80,1.57] grip=[30,30] pro=false
[2026-07-19 09:08:52.192] [ge] [info] [main.cpp:397] onEvent type=0x1200
[2026-07-19 09:08:52.192] [ge] [info] [main.cpp:423] ACCEL accel=[+4.98,+0.00,+0.00] gravity=[-49.80,-0.00]
[2026-07-19 09:08:52.201] [ge] [info] [main.cpp:397] onEvent type=0x1200
[2026-07-19 09:08:52.201] [ge] [info] [main.cpp:423] ACCEL accel=[+4.98,+0.00,+0.00] gravity=[-49.80,-0.00]
[2026-07-19 09:08:52.209] [ge] [info] [main.cpp:397] onEvent type=0x1200
[2026-07-19 09:08:52.209] [ge] [info] [main.cpp:423] ACCEL accel=[+4.98,+0.00,+0.00] gravity=[-49.80,-0.00]
[2026-07-19 09:08:52.217] [ge] [info] [main.cpp:397] onEvent type=0x1200
[2026-07-19 09:08:52.217] [ge] [info] [main.cpp:423] ACCEL accel=[+4.98,+0.00,+0.00] gravity=[-49.80,-0.00]
[2026-07-19 09:08:52.227] [ge] [info] [main.cpp:397] onEvent type=0x1200
[2026-07-19 09:08:52.227] [ge] [info] [main.cpp:423] ACCEL accel=[+4.98,+0.00,+0.00] gravity=[-49.80,-0.00]
[2026-07-19 09:08:52.234] [ge] [info] [main.cpp:397] onEvent type=0x1200
[2026-07-19 09:08:52.234] [ge] [info] [main.cpp:423] ACCEL accel=[+4.98,+0.00,+0.00] gravity=[-49.80,-0.00]
[2026-07-19 09:08:52.242] [ge] [info] [main.cpp:397] onEvent type=0x1200
[2026-07-19 09:08:52.242] [ge] [info] [main.cpp:423] ACCEL accel=[+4.98,+0.00,+0.00] gravity=[-49.80,-0.00]
[2026-07-19 09:08:52.251] [ge] [info] [main.cpp:397] onEvent type=0x1200
[2026-07-19 09:08:52.251] [ge] [info] [main.cpp:423] ACCEL accel=[+4.98,+0.00,+0.00] gravity=[-49.80,-0.00]
[2026-07-19 09:08:52.259] [ge] [info] [main.cpp:397] onEvent type=0x1200
[2026-07-19 09:08:52.259] [ge] [info] [main.cpp:423] ACCEL accel=[+4.98,+0.00,+0.00] gravity=[-49.80,-0.00]
[2026-07-19 09:08:52.267] [ge] [info] [main.cpp:397] onEvent type=0x1200
[2026-07-19 09:08:52.267] [ge] [info] [main.cpp:423] ACCEL accel=[+4.98,+0.00,+0.00] gravity=[-49.80,-0.00]
[2026-07-19 09:08:52.276] [ge] [info] [main.cpp:397] onEvent type=0x1200
[2026-07-19 09:08:52.276] [ge] [info] [main.cpp:423] ACCEL accel=[+4.98,+0.00,+0.00] gravity=[-49.80,-0.00]
[2026-07-19 09:08:52.284] [ge] [info] [main.cpp:397] onEvent type=0x1200
[2026-07-19 09:08:52.284] [ge] [info] [main.cpp:423] ACCEL accel=[+4.98,+0.00,+0.00] gravity=[-49.80,-0.00]
[2026-07-19 09:08:52.293] [ge] [info] [main.cpp:397] onEvent type=0x1200
[2026-07-19 09:08:52.293] [ge] [info] [main.cpp:423] ACCEL accel=[+4.98,+0.00,+0.00] gravity=[-49.80,-0.00]
[2026-07-19 09:08:52.301] [ge] [info] [main.cpp:397] onEvent type=0x1200
[2026-07-19 09:08:52.301] [ge] [info] [main.cpp:423] ACCEL accel=[+4.98,+0.00,+0.00] gravity=[-49.80,-0.00]
[2026-07-19 09:08:52.309] [ge] [info] [main.cpp:397] onEvent type=0x1200
[2026-07-19 09:08:52.309] [ge] [info] [main.cpp:423] ACCEL accel=[+4.98,+0.00,+0.00] gravity=[-49.80,-0.00]
[2026-07-19 09:08:52.317] [ge] [info] [main.cpp:397] onEvent type=0x1200
[2026-07-19 09:08:52.317] [ge] [info] [main.cpp:423] ACCEL accel=[+4.98,+0.00,+0.00] gravity=[-49.80,-0.00]
[2026-07-19 09:08:52.326] [ge] [info] [main.cpp:397] onEvent type=0x1200
[2026-07-19 09:08:52.326] [ge] [info] [main.cpp:423] ACCEL accel=[+4.98,+0.00,+0.00] gravity=[-49.80,-0.00]
[2026-07-19 09:08:52.334] [ge] [info] [main.cpp:397] onEvent type=0x1200
[2026-07-19 09:08:52.334] [ge] [info] [main.cpp:423] ACCEL accel=[+4.98,+0.00,+0.00] gravity=[-49.80,-0.00]
[2026-07-19 09:08:52.342] [ge] [info] [main.cpp:397] onEvent type=0x1200
[2026-07-19 09:08:52.342] [ge] [info] [main.cpp:423] ACCEL accel=[+4.98,+0.00,+0.00] gravity=[-49.80,-0.00]
[2026-07-19 09:08:52.351] [ge] [info] [main.cpp:397] onEvent type=0x1200
[2026-07-19 09:08:52.351] [ge] [info] [main.cpp:423] ACCEL accel=[+4.98,+0.00,+0.00] gravity=[-49.80,-0.00]
[2026-07-19 09:08:52.359] [ge] [info] [main.cpp:397] onEvent type=0x1200
[2026-07-19 09:08:52.359] [ge] [info] [main.cpp:423] ACCEL accel=[+4.98,+0.00,+0.00] gravity=[-49.80,-0.00]
[2026-07-19 09:08:52.367] [ge] [info] [main.cpp:397] onEvent type=0x1200
[2026-07-19 09:08:52.367] [ge] [info] [main.cpp:423] ACCEL accel=[+4.98,+0.00,+0.00] gravity=[-49.80,-0.00]
[2026-07-19 09:08:52.376] [ge] [info] [main.cpp:397] onEvent type=0x1200
[2026-07-19 09:08:52.376] [ge] [info] [main.cpp:423] ACCEL accel=[+4.98,+0.00,+0.00] gravity=[-49.80,-0.00]
[2026-07-19 09:08:52.384] [ge] [info] [main.cpp:397] onEvent type=0x1200
[2026-07-19 09:08:52.384] [ge] [info] [main.cpp:423] ACCEL accel=[+4.98,+0.00,+0.00] gravity=[-49.80,-0.00]
[2026-07-19 09:08:52.392] [ge] [info] [main.cpp:397] onEvent type=0x1200
[2026-07-19 09:08:52.392] [ge] [info] [main.cpp:423] ACCEL accel=[+4.98,+0.00,+0.00] gravity=[-49.80,-0.00]
[2026-07-19 09:08:52.401] [ge] [info] [main.cpp:397] onEvent type=0x1200
[2026-07-19 09:08:52.401] [ge] [info] [main.cpp:423] ACCEL accel=[+4.98,+0.00,+0.00] gravity=[-49.80,-0.00]
[2026-07-19 09:08:52.409] [ge] [info] [main.cpp:397] onEvent type=0x1200
[2026-07-19 09:08:52.409] [ge] [info] [main.cpp:423] ACCEL accel=[+4.98,+0.00,+0.00] gravity=[-49.80,-0.00]
[2026-07-19 09:08:52.417] [ge] [info] [main.cpp:397] onEvent type=0x1200
[2026-07-19 09:08:52.417] [ge] [info] [main.cpp:423] ACCEL accel=[+4.98,+0.00,+0.00] gravity=[-49.80,-0.00]
[2026-07-19 09:08:52.426] [ge] [info] [main.cpp:397] onEvent type=0x1200
[2026-07-19 09:08:52.426] [ge] [info] [main.cpp:423] ACCEL accel=[+4.98,+0.00,+0.00] gravity=[-49.80,-0.00]
[2026-07-19 09:08:52.434] [ge] [info] [main.cpp:397] onEvent type=0x1200
[2026-07-19 09:08:52.434] [ge] [info] [main.cpp:423] ACCEL accel=[+4.98,+0.00,+0.00] gravity=[-49.80,-0.00]
[2026-07-19 09:08:52.442] [ge] [info] [main.cpp:397] onEvent type=0x1200
[2026-07-19 09:08:52.442] [ge] [info] [main.cpp:423] ACCEL accel=[+4.98,+0.00,+0.00] gravity=[-49.80,-0.00]
[2026-07-19 09:08:52.451] [ge] [info] [main.cpp:397] onEvent type=0x1200
[2026-07-19 09:08:52.451] [ge] [info] [main.cpp:423] ACCEL accel=[+4.98,+0.00,+0.00] gravity=[-49.80,-0.00]
[2026-07-19 09:08:52.459] [ge] [info] [main.cpp:397] onEvent type=0x1200
[2026-07-19 09:08:52.459] [ge] [info] [main.cpp:423] ACCEL accel=[+4.98,+0.00,+0.00] gravity=[-49.80,-0.00]
[2026-07-19 09:08:52.467] [ge] [info] [main.cpp:397] onEvent type=0x1200
[2026-07-19 09:08:52.467] [ge] [info] [main.cpp:423] ACCEL accel=[+4.98,+0.00,+0.00] gravity=[-49.80,-0.00]
[2026-07-19 09:08:52.476] [ge] [info] [main.cpp:397] onEvent type=0x1200
[2026-07-19 09:08:52.476] [ge] [info] [main.cpp:423] ACCEL accel=[+4.98,+0.00,+0.00] gravity=[-49.80,-0.00]
[2026-07-19 09:08:52.484] [ge] [info] [main.cpp:397] onEvent type=0x1200
[2026-07-19 09:08:52.484] [ge] [info] [main.cpp:423] ACCEL accel=[+4.98,+0.00,+0.00] gravity=[-49.80,-0.00]
[2026-07-19 09:08:52.492] [ge] [info] [main.cpp:397] onEvent type=0x1200
[2026-07-19 09:08:52.492] [ge] [info] [main.cpp:423] ACCEL accel=[+4.98,+0.00,+0.00] gravity=[-49.80,-0.00]
[2026-07-19 09:08:52.501] [ge] [info] [main.cpp:347] tiltbuggy: pose → db [-12.83,5.80,1.57] t=2.2
[2026-07-19 09:08:52.501] [ge] [info] [main.cpp:397] onEvent type=0x1200
[2026-07-19 09:08:52.501] [ge] [info] [main.cpp:423] ACCEL accel=[+4.98,+0.00,+0.00] gravity=[-49.80,-0.00]
[2026-07-19 09:08:52.509] [ge] [info] [main.cpp:397] onEvent type=0x1200
[2026-07-19 09:08:52.509] [ge] [info] [main.cpp:423] ACCEL accel=[+4.98,+0.00,+0.00] gravity=[-49.80,-0.00]
[2026-07-19 09:08:52.517] [ge] [info] [main.cpp:397] onEvent type=0x1200
[2026-07-19 09:08:52.517] [ge] [info] [main.cpp:423] ACCEL accel=[+4.98,+0.00,+0.00] gravity=[-49.80,-0.00]
[2026-07-19 09:08:52.526] [ge] [info] [main.cpp:397] onEvent type=0x1200
[2026-07-19 09:08:52.526] [ge] [info] [main.cpp:423] ACCEL accel=[+4.98,+0.00,+0.00] gravity=[-49.80,-0.00]
[2026-07-19 09:08:52.534] [ge] [info] [main.cpp:397] onEvent type=0x1200
[2026-07-19 09:08:52.534] [ge] [info] [main.cpp:423] ACCEL accel=[+4.98,+0.00,+0.00] gravity=[-49.80,-0.00]
[2026-07-19 09:08:52.542] [ge] [info] [main.cpp:397] onEvent type=0x1200
[2026-07-19 09:08:52.542] [ge] [info] [main.cpp:423] ACCEL accel=[+4.98,+0.00,+0.00] gravity=[-49.80,-0.00]
[2026-07-19 09:08:52.551] [ge] [info] [main.cpp:397] onEvent type=0x1200
[2026-07-19 09:08:52.551] [ge] [info] [main.cpp:423] ACCEL accel=[+4.98,+0.00,+0.00] gravity=[-49.80,-0.00]
[2026-07-19 09:08:52.559] [ge] [info] [main.cpp:397] onEvent type=0x1200
[2026-07-19 09:08:52.559] [ge] [info] [main.cpp:423] ACCEL accel=[+4.98,+0.00,+0.00] gravity=[-49.80,-0.00]
[2026-07-19 09:08:52.567] [ge] [info] [main.cpp:397] onEvent type=0x1200
[2026-07-19 09:08:52.567] [ge] [info] [main.cpp:423] ACCEL accel=[+4.98,+0.00,+0.00] gravity=[-49.80,-0.00]
[2026-07-19 09:08:52.576] [ge] [info] [main.cpp:397] onEvent type=0x1200
[2026-07-19 09:08:52.576] [ge] [info] [main.cpp:423] ACCEL accel=[+4.98,+0.00,+0.00] gravity=[-49.80,-0.00]
[2026-07-19 09:08:52.584] [ge] [info] [main.cpp:397] onEvent type=0x1200
[2026-07-19 09:08:52.584] [ge] [info] [main.cpp:423] ACCEL accel=[+4.98,+0.00,+0.00] gravity=[-49.80,-0.00]
[2026-07-19 09:08:52.592] [ge] [info] [main.cpp:397] onEvent type=0x1200
[2026-07-19 09:08:52.592] [ge] [info] [main.cpp:423] ACCEL accel=[+4.98,+0.00,+0.00] gravity=[-49.80,-0.00]
[2026-07-19 09:08:52.601] [ge] [info] [main.cpp:397] onEvent type=0x1200
[2026-07-19 09:08:52.601] [ge] [info] [main.cpp:423] ACCEL accel=[+4.98,+0.00,+0.00] gravity=[-49.80,-0.00]
[2026-07-19 09:08:52.609] [ge] [info] [main.cpp:397] onEvent type=0x1200
[2026-07-19 09:08:52.609] [ge] [info] [main.cpp:423] ACCEL accel=[+4.98,+0.00,+0.00] gravity=[-49.80,-0.00]
[2026-07-19 09:08:52.617] [ge] [info] [main.cpp:397] onEvent type=0x1200
[2026-07-19 09:08:52.617] [ge] [info] [main.cpp:423] ACCEL accel=[+4.98,+0.00,+0.00] gravity=[-49.80,-0.00]
[2026-07-19 09:08:52.626] [ge] [info] [main.cpp:397] onEvent type=0x1200
[2026-07-19 09:08:52.626] [ge] [info] [main.cpp:423] ACCEL accel=[+4.98,+0.00,+0.00] gravity=[-49.80,-0.00]
[2026-07-19 09:08:52.634] [ge] [info] [main.cpp:397] onEvent type=0x1200
[2026-07-19 09:08:52.634] [ge] [info] [main.cpp:423] ACCEL accel=[+4.98,+0.00,+0.00] gravity=[-49.80,-0.00]
[2026-07-19 09:08:52.642] [ge] [info] [main.cpp:397] onEvent type=0x1200
[2026-07-19 09:08:52.642] [ge] [info] [main.cpp:423] ACCEL accel=[+4.98,+0.00,+0.00] gravity=[-49.80,-0.00]
[2026-07-19 09:08:52.651] [ge] [info] [main.cpp:397] onEvent type=0x1200
[2026-07-19 09:08:52.651] [ge] [info] [main.cpp:423] ACCEL accel=[+4.98,+0.00,+0.00] gravity=[-49.80,-0.00]
[2026-07-19 09:08:52.659] [ge] [info] [main.cpp:397] onEvent type=0x1200
[2026-07-19 09:08:52.659] [ge] [info] [main.cpp:423] ACCEL accel=[+4.98,+0.00,+0.00] gravity=[-49.80,-0.00]
[2026-07-19 09:08:52.667] [ge] [info] [main.cpp:397] onEvent type=0x1200
[2026-07-19 09:08:52.667] [ge] [info] [main.cpp:423] ACCEL accel=[+4.98,+0.00,+0.00] gravity=[-49.80,-0.00]
[2026-07-19 09:08:52.676] [ge] [info] [main.cpp:397] onEvent type=0x1200
[2026-07-19 09:08:52.676] [ge] [info] [main.cpp:423] ACCEL accel=[+4.98,+0.00,+0.00] gravity=[-49.80,-0.00]
[2026-07-19 09:08:52.684] [ge] [info] [main.cpp:397] onEvent type=0x1200
[2026-07-19 09:08:52.684] [ge] [info] [main.cpp:423] ACCEL accel=[+4.98,+0.00,+0.00] gravity=[-49.80,-0.00]
[2026-07-19 09:08:52.692] [ge] [info] [main.cpp:358] tick: dt=0.0083 g=[-49.80,-0.00] pose=[-12.83,5.80,1.57] grip=[30,30] pro=false
[2026-07-19 09:08:52.692] [ge] [info] [main.cpp:397] onEvent type=0x1200
[2026-07-19 09:08:52.692] [ge] [info] [main.cpp:423] ACCEL accel=[+4.98,+0.00,+0.00] gravity=[-49.80,-0.00]
[2026-07-19 09:08:52.701] [ge] [info] [main.cpp:397] onEvent type=0x1200
[2026-07-19 09:08:52.701] [ge] [info] [main.cpp:423] ACCEL accel=[+4.98,+0.00,+0.00] gravity=[-49.80,-0.00]
[2026-07-19 09:08:52.709] [ge] [info] [main.cpp:397] onEvent type=0x1200
[2026-07-19 09:08:52.709] [ge] [info] [main.cpp:423] ACCEL accel=[+4.98,+0.00,+0.00] gravity=[-49.80,-0.00]
[2026-07-19 09:08:52.717] [ge] [info] [main.cpp:397] onEvent type=0x1200
[2026-07-19 09:08:52.717] [ge] [info] [main.cpp:423] ACCEL accel=[+4.98,+0.00,+0.00] gravity=[-49.80,-0.00]
[2026-07-19 09:08:52.726] [ge] [info] [main.cpp:397] onEvent type=0x1200
[2026-07-19 09:08:52.726] [ge] [info] [main.cpp:423] ACCEL accel=[+4.98,+0.00,+0.00] gravity=[-49.80,-0.00]
[2026-07-19 09:08:52.734] [ge] [info] [main.cpp:397] onEvent type=0x1200
[2026-07-19 09:08:52.734] [ge] [info] [main.cpp:423] ACCEL accel=[+4.98,+0.00,+0.00] gravity=[-49.80,-0.00]
[2026-07-19 09:08:52.742] [ge] [info] [main.cpp:397] onEvent type=0x1200
[2026-07-19 09:08:52.742] [ge] [info] [main.cpp:423] ACCEL accel=[+4.98,+0.00,+0.00] gravity=[-49.80,-0.00]
[2026-07-19 09:08:52.751] [ge] [info] [main.cpp:397] onEvent type=0x1200
[2026-07-19 09:08:52.751] [ge] [info] [main.cpp:423] ACCEL accel=[+4.98,+0.00,+0.00] gravity=[-49.80,-0.00]
[2026-07-19 09:08:52.759] [ge] [info] [main.cpp:397] onEvent type=0x1200
[2026-07-19 09:08:52.759] [ge] [info] [main.cpp:423] ACCEL accel=[+4.98,+0.00,+0.00] gravity=[-49.80,-0.00]
[2026-07-19 09:08:52.767] [ge] [info] [main.cpp:397] onEvent type=0x1200
[2026-07-19 09:08:52.767] [ge] [info] [main.cpp:423] ACCEL accel=[+4.98,+0.00,+0.00] gravity=[-49.80,-0.00]
[2026-07-19 09:08:52.776] [ge] [info] [main.cpp:397] onEvent type=0x1200
[2026-07-19 09:08:52.776] [ge] [info] [main.cpp:423] ACCEL accel=[+4.98,+0.00,+0.00] gravity=[-49.80,-0.00]
[2026-07-19 09:08:52.784] [ge] [info] [main.cpp:397] onEvent type=0x1200
[2026-07-19 09:08:52.784] [ge] [info] [main.cpp:423] ACCEL accel=[+4.98,+0.00,+0.00] gravity=[-49.80,-0.00]
[2026-07-19 09:08:52.792] [ge] [info] [main.cpp:397] onEvent type=0x1200
[2026-07-19 09:08:52.792] [ge] [info] [main.cpp:423] ACCEL accel=[+4.98,+0.00,+0.00] gravity=[-49.80,-0.00]
[2026-07-19 09:08:52.801] [ge] [info] [main.cpp:397] onEvent type=0x1200
[2026-07-19 09:08:52.801] [ge] [info] [main.cpp:423] ACCEL accel=[+4.98,+0.00,+0.00] gravity=[-49.80,-0.00]
[2026-07-19 09:08:52.809] [ge] [info] [main.cpp:397] onEvent type=0x1200
[2026-07-19 09:08:52.809] [ge] [info] [main.cpp:423] ACCEL accel=[+4.98,+0.00,+0.00] gravity=[-49.80,-0.00]
[2026-07-19 09:08:52.817] [ge] [info] [main.cpp:397] onEvent type=0x1200
[2026-07-19 09:08:52.817] [ge] [info] [main.cpp:423] ACCEL accel=[+4.98,+0.00,+0.00] gravity=[-49.80,-0.00]
[2026-07-19 09:08:52.826] [ge] [info] [main.cpp:397] onEvent type=0x1200
[2026-07-19 09:08:52.826] [ge] [info] [main.cpp:423] ACCEL accel=[+4.98,+0.00,+0.00] gravity=[-49.80,-0.00]
[2026-07-19 09:08:52.834] [ge] [info] [main.cpp:397] onEvent type=0x1200
[2026-07-19 09:08:52.834] [ge] [info] [main.cpp:423] ACCEL accel=[+4.98,+0.00,+0.00] gravity=[-49.80,-0.00]
[2026-07-19 09:08:52.842] [ge] [info] [main.cpp:397] onEvent type=0x1200
[2026-07-19 09:08:52.842] [ge] [info] [main.cpp:423] ACCEL accel=[+4.98,+0.00,+0.00] gravity=[-49.80,-0.00]
[2026-07-19 09:08:52.851] [ge] [info] [main.cpp:397] onEvent type=0x1200
[2026-07-19 09:08:52.851] [ge] [info] [main.cpp:423] ACCEL accel=[+4.98,+0.00,+0.00] gravity=[-49.80,-0.00]
[2026-07-19 09:08:52.859] [ge] [info] [main.cpp:397] onEvent type=0x1200
[2026-07-19 09:08:52.859] [ge] [info] [main.cpp:423] ACCEL accel=[+4.98,+0.00,+0.00] gravity=[-49.80,-0.00]
[2026-07-19 09:08:52.867] [ge] [info] [main.cpp:397] onEvent type=0x1200
[2026-07-19 09:08:52.867] [ge] [info] [main.cpp:423] ACCEL accel=[+4.98,+0.00,+0.00] gravity=[-49.80,-0.00]
[2026-07-19 09:08:52.876] [ge] [info] [main.cpp:397] onEvent type=0x1200
[2026-07-19 09:08:52.876] [ge] [info] [main.cpp:423] ACCEL accel=[+4.98,+0.00,+0.00] gravity=[-49.80,-0.00]
[2026-07-19 09:08:52.884] [ge] [info] [main.cpp:397] onEvent type=0x1200
[2026-07-19 09:08:52.884] [ge] [info] [main.cpp:423] ACCEL accel=[+4.98,+0.00,+0.00] gravity=[-49.80,-0.00]
[2026-07-19 09:08:52.892] [ge] [info] [main.cpp:397] onEvent type=0x1200
[2026-07-19 09:08:52.892] [ge] [info] [main.cpp:423] ACCEL accel=[+4.98,+0.00,+0.00] gravity=[-49.80,-0.00]
[2026-07-19 09:08:52.901] [ge] [info] [main.cpp:397] onEvent type=0x1200
[2026-07-19 09:08:52.901] [ge] [info] [main.cpp:423] ACCEL accel=[+4.98,+0.00,+0.00] gravity=[-49.80,-0.00]
[2026-07-19 09:08:52.909] [ge] [info] [main.cpp:397] onEvent type=0x1200
[2026-07-19 09:08:52.909] [ge] [info] [main.cpp:423] ACCEL accel=[+4.98,+0.00,+0.00] gravity=[-49.80,-0.00]
[2026-07-19 09:08:52.917] [ge] [info] [main.cpp:397] onEvent type=0x1200
[2026-07-19 09:08:52.917] [ge] [info] [main.cpp:423] ACCEL accel=[+4.98,+0.00,+0.00] gravity=[-49.80,-0.00]
[2026-07-19 09:08:52.926] [ge] [info] [main.cpp:397] onEvent type=0x1200
[2026-07-19 09:08:52.926] [ge] [info] [main.cpp:423] ACCEL accel=[+4.98,+0.00,+0.00] gravity=[-49.80,-0.00]
[2026-07-19 09:08:52.934] [ge] [info] [main.cpp:397] onEvent type=0x1200
[2026-07-19 09:08:52.934] [ge] [info] [main.cpp:423] ACCEL accel=[+4.98,+0.00,+0.00] gravity=[-49.80,-0.00]
[2026-07-19 09:08:52.942] [ge] [info] [main.cpp:397] onEvent type=0x1200
[2026-07-19 09:08:52.942] [ge] [info] [main.cpp:423] ACCEL accel=[+4.98,+0.00,+0.00] gravity=[-49.80,-0.00]
[2026-07-19 09:08:52.951] [ge] [info] [main.cpp:397] onEvent type=0x1200
[2026-07-19 09:08:52.951] [ge] [info] [main.cpp:423] ACCEL accel=[+4.98,+0.00,+0.00] gravity=[-49.80,-0.00]
[2026-07-19 09:08:52.959] [ge] [info] [main.cpp:397] onEvent type=0x1200
[2026-07-19 09:08:52.959] [ge] [info] [main.cpp:423] ACCEL accel=[+4.98,+0.00,+0.00] gravity=[-49.80,-0.00]
[2026-07-19 09:08:52.967] [ge] [info] [main.cpp:397] onEvent type=0x1200
[2026-07-19 09:08:52.967] [ge] [info] [main.cpp:423] ACCEL accel=[+4.98,+0.00,+0.00] gravity=[-49.80,-0.00]
[2026-07-19 09:08:52.976] [ge] [info] [main.cpp:397] onEvent type=0x1200
[2026-07-19 09:08:52.976] [ge] [info] [main.cpp:423] ACCEL accel=[+4.98,+0.00,+0.00] gravity=[-49.80,-0.00]
[2026-07-19 09:08:52.984] [ge] [info] [main.cpp:397] onEvent type=0x1200
[2026-07-19 09:08:52.984] [ge] [info] [main.cpp:423] ACCEL accel=[+4.98,+0.00,+0.00] gravity=[-49.80,-0.00]
[2026-07-19 09:08:52.992] [ge] [info] [main.cpp:397] onEvent type=0x1200
[2026-07-19 09:08:52.992] [ge] [info] [main.cpp:423] ACCEL accel=[+4.98,+0.00,+0.00] gravity=[-49.80,-0.00]
[2026-07-19 09:08:53.001] [ge] [info] [main.cpp:347] tiltbuggy: pose → db [-12.83,5.80,1.57] t=2.7
[2026-07-19 09:08:53.001] [ge] [info] [main.cpp:397] onEvent type=0x1200
[2026-07-19 09:08:53.001] [ge] [info] [main.cpp:423] ACCEL accel=[+4.98,+0.00,+0.00] gravity=[-49.80,-0.00]
[2026-07-19 09:08:53.009] [ge] [info] [main.cpp:397] onEvent type=0x1200
[2026-07-19 09:08:53.009] [ge] [info] [main.cpp:423] ACCEL accel=[+4.98,+0.00,+0.00] gravity=[-49.80,-0.00]
[2026-07-19 09:08:53.017] [ge] [info] [main.cpp:397] onEvent type=0x1200
[2026-07-19 09:08:53.017] [ge] [info] [main.cpp:423] ACCEL accel=[+4.98,+0.00,+0.00] gravity=[-49.80,-0.00]
[2026-07-19 09:08:53.026] [ge] [info] [main.cpp:397] onEvent type=0x1200
[2026-07-19 09:08:53.026] [ge] [info] [main.cpp:423] ACCEL accel=[+4.98,+0.00,+0.00] gravity=[-49.80,-0.00]
[2026-07-19 09:08:53.034] [ge] [info] [main.cpp:397] onEvent type=0x1200
[2026-07-19 09:08:53.034] [ge] [info] [main.cpp:423] ACCEL accel=[+4.98,+0.00,+0.00] gravity=[-49.80,-0.00]
[2026-07-19 09:08:53.042] [ge] [info] [main.cpp:397] onEvent type=0x1200
[2026-07-19 09:08:53.042] [ge] [info] [main.cpp:423] ACCEL accel=[+4.98,+0.00,+0.00] gravity=[-49.80,-0.00]
[2026-07-19 09:08:53.051] [ge] [info] [main.cpp:397] onEvent type=0x1200
[2026-07-19 09:08:53.051] [ge] [info] [main.cpp:423] ACCEL accel=[+4.98,+0.00,+0.00] gravity=[-49.80,-0.00]
[2026-07-19 09:08:53.059] [ge] [info] [main.cpp:397] onEvent type=0x1200
[2026-07-19 09:08:53.059] [ge] [info] [main.cpp:423] ACCEL accel=[+4.98,+0.00,+0.00] gravity=[-49.80,-0.00]
[2026-07-19 09:08:53.067] [ge] [info] [main.cpp:397] onEvent type=0x1200
[2026-07-19 09:08:53.067] [ge] [info] [main.cpp:423] ACCEL accel=[+4.98,+0.00,+0.00] gravity=[-49.80,-0.00]
[2026-07-19 09:08:53.076] [ge] [info] [main.cpp:397] onEvent type=0x1200
[2026-07-19 09:08:53.076] [ge] [info] [main.cpp:423] ACCEL accel=[+4.98,+0.00,+0.00] gravity=[-49.80,-0.00]
[2026-07-19 09:08:53.084] [ge] [info] [main.cpp:397] onEvent type=0x1200
[2026-07-19 09:08:53.084] [ge] [info] [main.cpp:423] ACCEL accel=[+4.98,+0.00,+0.00] gravity=[-49.80,-0.00]
[2026-07-19 09:08:53.092] [ge] [info] [main.cpp:397] onEvent type=0x1200
[2026-07-19 09:08:53.092] [ge] [info] [main.cpp:423] ACCEL accel=[+4.98,+0.00,+0.00] gravity=[-49.80,-0.00]
[2026-07-19 09:08:53.101] [ge] [info] [main.cpp:397] onEvent type=0x1200
[2026-07-19 09:08:53.101] [ge] [info] [main.cpp:423] ACCEL accel=[+4.98,+0.00,+0.00] gravity=[-49.80,-0.00]
[2026-07-19 09:08:53.109] [ge] [info] [main.cpp:397] onEvent type=0x1200
[2026-07-19 09:08:53.109] [ge] [info] [main.cpp:423] ACCEL accel=[+4.98,+0.00,+0.00] gravity=[-49.80,-0.00]
[2026-07-19 09:08:53.117] [ge] [info] [main.cpp:397] onEvent type=0x1200
[2026-07-19 09:08:53.117] [ge] [info] [main.cpp:423] ACCEL accel=[+4.98,+0.00,+0.00] gravity=[-49.80,-0.00]
[2026-07-19 09:08:53.126] [ge] [info] [main.cpp:397] onEvent type=0x1200
[2026-07-19 09:08:53.126] [ge] [info] [main.cpp:423] ACCEL accel=[+4.98,+0.00,+0.00] gravity=[-49.80,-0.00]
[2026-07-19 09:08:53.134] [ge] [info] [main.cpp:397] onEvent type=0x1200
[2026-07-19 09:08:53.134] [ge] [info] [main.cpp:423] ACCEL accel=[+4.98,+0.00,+0.00] gravity=[-49.80,-0.00]
[2026-07-19 09:08:53.142] [ge] [info] [main.cpp:397] onEvent type=0x1200
[2026-07-19 09:08:53.142] [ge] [info] [main.cpp:423] ACCEL accel=[+4.98,+0.00,+0.00] gravity=[-49.80,-0.00]
[2026-07-19 09:08:53.151] [ge] [info] [main.cpp:397] onEvent type=0x1200
[2026-07-19 09:08:53.151] [ge] [info] [main.cpp:423] ACCEL accel=[+4.98,+0.00,+0.00] gravity=[-49.80,-0.00]
[2026-07-19 09:08:53.159] [ge] [info] [main.cpp:397] onEvent type=0x1200
[2026-07-19 09:08:53.159] [ge] [info] [main.cpp:423] ACCEL accel=[+4.98,+0.00,+0.00] gravity=[-49.80,-0.00]
[2026-07-19 09:08:53.167] [ge] [info] [main.cpp:397] onEvent type=0x1200
[2026-07-19 09:08:53.167] [ge] [info] [main.cpp:423] ACCEL accel=[+4.98,+0.00,+0.00] gravity=[-49.80,-0.00]
[2026-07-19 09:08:53.176] [ge] [info] [main.cpp:397] onEvent type=0x1200
[2026-07-19 09:08:53.176] [ge] [info] [main.cpp:423] ACCEL accel=[+4.98,+0.00,+0.00] gravity=[-49.80,-0.00]
[2026-07-19 09:08:53.184] [ge] [info] [main.cpp:397] onEvent type=0x1200
[2026-07-19 09:08:53.184] [ge] [info] [main.cpp:423] ACCEL accel=[+4.98,+0.00,+0.00] gravity=[-49.80,-0.00]
[2026-07-19 09:08:53.192] [ge] [info] [main.cpp:358] tick: dt=0.0084 g=[-49.80,-0.00] pose=[-12.83,5.80,1.57] grip=[30,30] pro=false
[2026-07-19 09:08:53.193] [ge] [info] [main.cpp:397] onEvent type=0x1200
[2026-07-19 09:08:53.193] [ge] [info] [main.cpp:423] ACCEL accel=[+4.98,+0.00,+0.00] gravity=[-49.80,-0.00]
[2026-07-19 09:08:53.201] [ge] [info] [main.cpp:397] onEvent type=0x1200
[2026-07-19 09:08:53.201] [ge] [info] [main.cpp:423] ACCEL accel=[+4.98,+0.00,+0.00] gravity=[-49.80,-0.00]
[2026-07-19 09:08:53.209] [ge] [info] [main.cpp:397] onEvent type=0x1200
[2026-07-19 09:08:53.209] [ge] [info] [main.cpp:423] ACCEL accel=[+4.98,+0.00,+0.00] gravity=[-49.80,-0.00]
[2026-07-19 09:08:53.217] [ge] [info] [main.cpp:397] onEvent type=0x1200
[2026-07-19 09:08:53.217] [ge] [info] [main.cpp:423] ACCEL accel=[+4.98,+0.00,+0.00] gravity=[-49.80,-0.00]
[2026-07-19 09:08:53.228] [ge] [info] [main.cpp:397] onEvent type=0x701
[2026-07-19 09:08:53.229] [ge] [info] [main.cpp:397] onEvent type=0x1200
[2026-07-19 09:08:53.229] [ge] [info] [main.cpp:423] ACCEL accel=[+4.98,+0.00,+0.00] gravity=[-49.80,-0.00]
[2026-07-19 09:08:53.234] [ge] [info] [main.cpp:397] onEvent type=0x1200
[2026-07-19 09:08:53.234] [ge] [info] [main.cpp:423] ACCEL accel=[+4.69,+0.00,+0.00] gravity=[-46.93,-0.00]
[2026-07-19 09:08:53.242] [ge] [info] [main.cpp:397] onEvent type=0x1200
[2026-07-19 09:08:53.242] [ge] [info] [main.cpp:423] ACCEL accel=[+4.27,+0.00,+0.00] gravity=[-42.73,-0.00]
[2026-07-19 09:08:53.251] [ge] [info] [main.cpp:397] onEvent type=0x1200
[2026-07-19 09:08:53.251] [ge] [info] [main.cpp:423] ACCEL accel=[+3.87,+0.00,+0.00] gravity=[-38.71,-0.00]
[2026-07-19 09:08:53.259] [ge] [info] [main.cpp:397] onEvent type=0x1200
[2026-07-19 09:08:53.259] [ge] [info] [main.cpp:423] ACCEL accel=[+3.51,+0.00,+0.00] gravity=[-35.09,-0.00]
[2026-07-19 09:08:53.267] [ge] [info] [main.cpp:397] onEvent type=0x1200
[2026-07-19 09:08:53.267] [ge] [info] [main.cpp:423] ACCEL accel=[+3.17,+0.00,+0.00] gravity=[-31.75,-0.00]
[2026-07-19 09:08:53.276] [ge] [info] [main.cpp:397] onEvent type=0x1200
[2026-07-19 09:08:53.276] [ge] [info] [main.cpp:423] ACCEL accel=[+2.87,+0.00,+0.00] gravity=[-28.69,-0.00]
[2026-07-19 09:08:53.284] [ge] [info] [main.cpp:397] onEvent type=0x1200
[2026-07-19 09:08:53.284] [ge] [info] [main.cpp:423] ACCEL accel=[+2.60,+0.00,+0.00] gravity=[-25.95,-0.00]
[2026-07-19 09:08:53.292] [ge] [info] [main.cpp:397] onEvent type=0x1200
[2026-07-19 09:08:53.292] [ge] [info] [main.cpp:423] ACCEL accel=[+2.34,+0.00,+0.00] gravity=[-23.44,-0.00]
[2026-07-19 09:08:53.301] [ge] [info] [main.cpp:397] onEvent type=0x1200
[2026-07-19 09:08:53.301] [ge] [info] [main.cpp:423] ACCEL accel=[+2.11,+0.00,+0.00] gravity=[-21.09,-0.00]
[2026-07-19 09:08:53.309] [ge] [info] [main.cpp:397] onEvent type=0x1200
[2026-07-19 09:08:53.309] [ge] [info] [main.cpp:423] ACCEL accel=[+1.91,+0.00,+0.00] gravity=[-19.08,-0.00]
[2026-07-19 09:08:53.317] [ge] [info] [main.cpp:397] onEvent type=0x1200
[2026-07-19 09:08:53.317] [ge] [info] [main.cpp:423] ACCEL accel=[+1.72,+0.00,+0.00] gravity=[-17.20,-0.00]
[2026-07-19 09:08:53.326] [ge] [info] [main.cpp:397] onEvent type=0x1200
[2026-07-19 09:08:53.326] [ge] [info] [main.cpp:423] ACCEL accel=[+1.55,+0.00,+0.00] gravity=[-15.54,-0.00]
[2026-07-19 09:08:53.334] [ge] [info] [main.cpp:397] onEvent type=0x1200
[2026-07-19 09:08:53.334] [ge] [info] [main.cpp:423] ACCEL accel=[+1.40,+0.00,+0.00] gravity=[-14.00,-0.00]
[2026-07-19 09:08:53.342] [ge] [info] [main.cpp:397] onEvent type=0x1200
[2026-07-19 09:08:53.342] [ge] [info] [main.cpp:423] ACCEL accel=[+1.26,+0.00,+0.00] gravity=[-12.63,-0.00]
[2026-07-19 09:08:53.351] [ge] [info] [main.cpp:397] onEvent type=0x1200
[2026-07-19 09:08:53.351] [ge] [info] [main.cpp:423] ACCEL accel=[+1.14,+0.00,+0.00] gravity=[-11.38,-0.00]
[2026-07-19 09:08:53.359] [ge] [info] [main.cpp:397] onEvent type=0x1200
[2026-07-19 09:08:53.359] [ge] [info] [main.cpp:423] ACCEL accel=[+1.03,+0.00,+0.00] gravity=[-10.27,-0.00]
[2026-07-19 09:08:53.367] [ge] [info] [main.cpp:397] onEvent type=0x1200
[2026-07-19 09:08:53.367] [ge] [info] [main.cpp:423] ACCEL accel=[+0.92,+0.00,+0.00] gravity=[-9.25,-0.00]
[2026-07-19 09:08:53.376] [ge] [info] [main.cpp:397] onEvent type=0x1200
[2026-07-19 09:08:53.376] [ge] [info] [main.cpp:423] ACCEL accel=[+0.83,+0.00,+0.00] gravity=[-8.34,-0.00]
[2026-07-19 09:08:53.384] [ge] [info] [main.cpp:397] onEvent type=0x1200
[2026-07-19 09:08:53.384] [ge] [info] [main.cpp:423] ACCEL accel=[+0.75,+0.00,+0.00] gravity=[-7.52,-0.00]
[2026-07-19 09:08:53.392] [ge] [info] [main.cpp:397] onEvent type=0x1200
[2026-07-19 09:08:53.392] [ge] [info] [main.cpp:423] ACCEL accel=[+0.68,+0.00,+0.00] gravity=[-6.78,-0.00]
[2026-07-19 09:08:53.401] [ge] [info] [main.cpp:397] onEvent type=0x1200
[2026-07-19 09:08:53.401] [ge] [info] [main.cpp:423] ACCEL accel=[+0.61,+0.00,+0.00] gravity=[-6.10,-0.00]
[2026-07-19 09:08:53.409] [ge] [info] [main.cpp:397] onEvent type=0x1200
[2026-07-19 09:08:53.409] [ge] [info] [main.cpp:423] ACCEL accel=[+0.55,+0.00,+0.00] gravity=[-5.50,-0.00]
[2026-07-19 09:08:53.417] [ge] [info] [main.cpp:397] onEvent type=0x1200
[2026-07-19 09:08:53.417] [ge] [info] [main.cpp:423] ACCEL accel=[+0.49,+0.00,+0.00] gravity=[-4.95,-0.00]
[2026-07-19 09:08:53.426] [ge] [info] [main.cpp:397] onEvent type=0x1200
[2026-07-19 09:08:53.426] [ge] [info] [main.cpp:423] ACCEL accel=[+0.45,+0.00,+0.00] gravity=[-4.47,-0.00]
[2026-07-19 09:08:53.434] [ge] [info] [main.cpp:397] onEvent type=0x1200
[2026-07-19 09:08:53.434] [ge] [info] [main.cpp:423] ACCEL accel=[+0.40,+0.00,+0.00] gravity=[-4.03,-0.00]
[2026-07-19 09:08:53.442] [ge] [info] [main.cpp:397] onEvent type=0x1200
[2026-07-19 09:08:53.442] [ge] [info] [main.cpp:423] ACCEL accel=[+0.36,+0.00,+0.00] gravity=[-3.63,-0.00]
[2026-07-19 09:08:53.451] [ge] [info] [main.cpp:397] onEvent type=0x1200
[2026-07-19 09:08:53.451] [ge] [info] [main.cpp:423] ACCEL accel=[+0.33,+0.00,+0.00] gravity=[-3.27,-0.00]
[2026-07-19 09:08:53.459] [ge] [info] [main.cpp:397] onEvent type=0x1200
[2026-07-19 09:08:53.459] [ge] [info] [main.cpp:423] ACCEL accel=[+0.29,+0.00,+0.00] gravity=[-2.95,-0.00]
[2026-07-19 09:08:53.467] [ge] [info] [main.cpp:397] onEvent type=0x1200
[2026-07-19 09:08:53.468] [ge] [info] [main.cpp:423] ACCEL accel=[+0.26,+0.00,+0.00] gravity=[-2.65,-0.00]
[2026-07-19 09:08:53.476] [ge] [info] [main.cpp:397] onEvent type=0x1200
[2026-07-19 09:08:53.476] [ge] [info] [main.cpp:423] ACCEL accel=[+0.24,+0.00,+0.00] gravity=[-2.39,-0.00]
[2026-07-19 09:08:53.484] [ge] [info] [main.cpp:397] onEvent type=0x1200
[2026-07-19 09:08:53.484] [ge] [info] [main.cpp:423] ACCEL accel=[+0.22,+0.00,+0.00] gravity=[-2.15,-0.00]
[2026-07-19 09:08:53.492] [ge] [info] [main.cpp:397] onEvent type=0x1200
[2026-07-19 09:08:53.492] [ge] [info] [main.cpp:423] ACCEL accel=[+0.19,+0.00,+0.00] gravity=[-1.94,-0.00]
[2026-07-19 09:08:53.501] [ge] [info] [main.cpp:397] onEvent type=0x1200
[2026-07-19 09:08:53.501] [ge] [info] [main.cpp:423] ACCEL accel=[+0.17,+0.00,+0.00] gravity=[-1.75,-0.00]
[2026-07-19 09:08:53.509] [ge] [info] [main.cpp:347] tiltbuggy: pose → db [-12.83,5.80,1.57] t=3.2
[2026-07-19 09:08:53.509] [ge] [info] [main.cpp:397] onEvent type=0x1200
[2026-07-19 09:08:53.509] [ge] [info] [main.cpp:423] ACCEL accel=[+0.16,+0.00,+0.00] gravity=[-1.57,-0.00]
[2026-07-19 09:08:53.517] [ge] [info] [main.cpp:397] onEvent type=0x1200
[2026-07-19 09:08:53.517] [ge] [info] [main.cpp:423] ACCEL accel=[+0.14,+0.00,+0.00] gravity=[-1.42,-0.00]
[2026-07-19 09:08:53.526] [ge] [info] [main.cpp:397] onEvent type=0x1200
[2026-07-19 09:08:53.526] [ge] [info] [main.cpp:423] ACCEL accel=[+0.13,+0.00,+0.00] gravity=[-1.28,-0.00]
[2026-07-19 09:08:53.534] [ge] [info] [main.cpp:397] onEvent type=0x1200
[2026-07-19 09:08:53.534] [ge] [info] [main.cpp:423] ACCEL accel=[+0.12,+0.00,+0.00] gravity=[-1.15,-0.00]
[2026-07-19 09:08:53.542] [ge] [info] [main.cpp:397] onEvent type=0x1200
[2026-07-19 09:08:53.542] [ge] [info] [main.cpp:423] ACCEL accel=[+0.10,+0.00,+0.00] gravity=[-1.04,-0.00]
[2026-07-19 09:08:53.551] [ge] [info] [main.cpp:397] onEvent type=0x1200
[2026-07-19 09:08:53.551] [ge] [info] [main.cpp:423] ACCEL accel=[+0.09,+0.00,+0.00] gravity=[-0.94,-0.00]
[2026-07-19 09:08:53.559] [ge] [info] [main.cpp:397] onEvent type=0x1200
[2026-07-19 09:08:53.559] [ge] [info] [main.cpp:423] ACCEL accel=[+0.08,+0.00,+0.00] gravity=[-0.84,-0.00]
[2026-07-19 09:08:53.567] [ge] [info] [main.cpp:397] onEvent type=0x1200
[2026-07-19 09:08:53.567] [ge] [info] [main.cpp:423] ACCEL accel=[+0.08,+0.00,+0.00] gravity=[-0.76,-0.00]
[2026-07-19 09:08:53.576] [ge] [info] [main.cpp:397] onEvent type=0x1200
[2026-07-19 09:08:53.576] [ge] [info] [main.cpp:423] ACCEL accel=[+0.07,+0.00,+0.00] gravity=[-0.68,-0.00]
[2026-07-19 09:08:53.584] [ge] [info] [main.cpp:397] onEvent type=0x1200
[2026-07-19 09:08:53.584] [ge] [info] [main.cpp:423] ACCEL accel=[+0.06,+0.00,+0.00] gravity=[-0.62,-0.00]
[2026-07-19 09:08:53.592] [ge] [info] [main.cpp:397] onEvent type=0x1200
[2026-07-19 09:08:53.592] [ge] [info] [main.cpp:423] ACCEL accel=[+0.06,+0.00,+0.00] gravity=[-0.56,-0.00]
[2026-07-19 09:08:53.601] [ge] [info] [main.cpp:397] onEvent type=0x1200
[2026-07-19 09:08:53.601] [ge] [info] [main.cpp:423] ACCEL accel=[+0.05,+0.00,+0.00] gravity=[-0.50,-0.00]
[2026-07-19 09:08:53.609] [ge] [info] [main.cpp:397] onEvent type=0x1200
[2026-07-19 09:08:53.609] [ge] [info] [main.cpp:423] ACCEL accel=[+0.05,+0.00,+0.00] gravity=[-0.45,-0.00]
[2026-07-19 09:08:53.617] [ge] [info] [main.cpp:397] onEvent type=0x1200
[2026-07-19 09:08:53.617] [ge] [info] [main.cpp:423] ACCEL accel=[+0.04,+0.00,+0.00] gravity=[-0.41,-0.00]
[2026-07-19 09:08:53.626] [ge] [info] [main.cpp:397] onEvent type=0x1200
[2026-07-19 09:08:53.626] [ge] [info] [main.cpp:423] ACCEL accel=[+0.04,+0.00,+0.00] gravity=[-0.37,-0.00]
[2026-07-19 09:08:53.634] [ge] [info] [main.cpp:397] onEvent type=0x1200
[2026-07-19 09:08:53.634] [ge] [info] [main.cpp:423] ACCEL accel=[+0.03,+0.00,+0.00] gravity=[-0.33,-0.00]
[2026-07-19 09:08:53.642] [ge] [info] [main.cpp:397] onEvent type=0x1200
[2026-07-19 09:08:53.642] [ge] [info] [main.cpp:423] ACCEL accel=[+0.03,+0.00,+0.00] gravity=[-0.30,-0.00]
[2026-07-19 09:08:53.651] [ge] [info] [main.cpp:397] onEvent type=0x1200
[2026-07-19 09:08:53.651] [ge] [info] [main.cpp:423] ACCEL accel=[+0.03,+0.00,+0.00] gravity=[-0.27,-0.00]
[2026-07-19 09:08:53.659] [ge] [info] [main.cpp:397] onEvent type=0x1200
[2026-07-19 09:08:53.659] [ge] [info] [main.cpp:423] ACCEL accel=[+0.02,+0.00,+0.00] gravity=[-0.24,-0.00]
[2026-07-19 09:08:53.667] [ge] [info] [main.cpp:397] onEvent type=0x1200
[2026-07-19 09:08:53.667] [ge] [info] [main.cpp:423] ACCEL accel=[+0.02,+0.00,+0.00] gravity=[-0.22,-0.00]
[2026-07-19 09:08:53.676] [ge] [info] [main.cpp:397] onEvent type=0x1200
[2026-07-19 09:08:53.676] [ge] [info] [main.cpp:423] ACCEL accel=[+0.02,+0.00,+0.00] gravity=[-0.20,-0.00]
[2026-07-19 09:08:53.684] [ge] [info] [main.cpp:397] onEvent type=0x1200
[2026-07-19 09:08:53.684] [ge] [info] [main.cpp:423] ACCEL accel=[+0.02,+0.00,+0.00] gravity=[-0.18,-0.00]
[2026-07-19 09:08:53.692] [ge] [info] [main.cpp:358] tick: dt=0.0084 g=[-0.18,-0.00] pose=[-12.83,5.80,1.57] grip=[30,30] pro=false
[2026-07-19 09:08:53.692] [ge] [info] [main.cpp:397] onEvent type=0x1200
[2026-07-19 09:08:53.692] [ge] [info] [main.cpp:423] ACCEL accel=[+0.02,+0.00,+0.00] gravity=[-0.16,-0.00]
[2026-07-19 09:08:53.701] [ge] [info] [main.cpp:397] onEvent type=0x1200
[2026-07-19 09:08:53.701] [ge] [info] [main.cpp:423] ACCEL accel=[+0.01,+0.00,+0.00] gravity=[-0.14,-0.00]
[2026-07-19 09:08:53.709] [ge] [info] [main.cpp:397] onEvent type=0x1200
[2026-07-19 09:08:53.709] [ge] [info] [main.cpp:423] ACCEL accel=[+0.01,+0.00,+0.00] gravity=[-0.13,-0.00]
[2026-07-19 09:08:53.717] [ge] [info] [main.cpp:397] onEvent type=0x1200
[2026-07-19 09:08:53.717] [ge] [info] [main.cpp:423] ACCEL accel=[+0.00,+0.00,+0.00] gravity=[-0.00,-0.00]
[2026-07-19 09:08:54.009] [ge] [info] [main.cpp:347] tiltbuggy: pose → db [-12.83,5.80,1.57] t=3.7
[2026-07-19 09:08:54.134] [ge] [info] [main.cpp:433] TiltBuggy shutdown
[2026-07-19 09:08:54.140] [ge] [info] [SokolContext.mm:54] SokolContext destroyed
