[2026-07-18 23:08:41.407] [info] [iap.cpp:160] ge::iap: mode resolved to 'stub'
[2026-07-18 23:08:41.408] [info] [main.cpp:198] iap: restore complete ok=true error=
[2026-07-18 23:08:41.530] [ge] [info] [SokolContext.mm:180] SokolContext: 2048x1536 Metal (Apple M4 Max)
[2026-07-18 23:08:41.530] [ge] [info] [DirectRenderHost.mm:456] DirectRenderHost: gesture accelerometer synthesis enabled (armOnPrimary=true)
[2026-07-18 23:08:41.530] [ge] [info] [DirectRenderHost.mm:464] DirectRenderHost: GE_INPUT_SCRIPT loaded (/Users/marcelo/work/github.com/squz/ge/verdicts/T156.6/20260718T130828Z/gesture-finger.txt)
[2026-07-18 23:08:41.530] [ge] [info] [DirectRenderHost.mm:473] DirectRenderHost: GE_SENSOR_TRACE on (/Users/marcelo/work/github.com/squz/ge/verdicts/T156.6/20260718T130828Z/finger-direct.trace)
[2026-07-18 23:08:41.530] [ge] [info] [DirectRenderHost.mm:476] DirectRenderHost: 2048x1536
[2026-07-18 23:08:41.531] [ge] [info] [DirectRenderHost.mm:516] DirectRenderHost: persistent DB at /Users/marcelo/Library/Application Support/squz/tiltbuggy/game.db
[2026-07-18 23:08:41.531] [ge] [info] [Context.cpp:64] Context: opening db path='/Users/marcelo/Library/Application Support/squz/tiltbuggy/game.db' schemaDdl=145B
[2026-07-18 23:08:41.531] [ge] [info] [Context.cpp:67] Context: db open ok
[2026-07-18 23:08:41.531] [ge] [info] [DirectRenderHost.mm:522] DirectRenderHost: Context ready — applying safe insets
[2026-07-18 23:08:41.531] [ge] [info] [DirectRenderHost.mm:524] DirectRenderHost: drawSafe insets applied
[2026-07-18 23:08:41.531] [ge] [info] [DirectRenderHost.mm:526] DirectRenderHost: uiSafe insets applied
[2026-07-18 23:08:41.531] [ge] [info] [DirectRenderHost.mm:586] DirectRenderHost: constructor complete
[2026-07-18 23:08:41.531] [ge] [info] [main.cpp:305] tiltbuggy: restored pose from db [-12.83,6.71,1.57]
[2026-07-18 23:08:41.582] [ge] [info] [main.cpp:397] onEvent type=0x305
[2026-07-18 23:08:41.582] [ge] [info] [main.cpp:397] onEvent type=0x404
[2026-07-18 23:08:41.582] [ge] [info] [audio.cpp:146] ge::audio: foregrounded — resuming 0 device(s)
[2026-07-18 23:08:41.582] [ge] [info] [main.cpp:397] onEvent type=0x214
[2026-07-18 23:08:41.678] [ge] [info] [main.cpp:397] onEvent type=0x204
[2026-07-18 23:08:41.678] [ge] [info] [audio.cpp:146] ge::audio: foregrounded — resuming 0 device(s)
[2026-07-18 23:08:41.678] [ge] [info] [main.cpp:397] onEvent type=0x20c
[2026-07-18 23:08:41.678] [ge] [info] [main.cpp:397] onEvent type=0x900
[2026-07-18 23:08:42.032] [ge] [info] [main.cpp:347] tiltbuggy: pose → db [-12.83,6.71,1.57] t=0.6
[2026-07-18 23:08:42.282] [ge] [info] [main.cpp:358] tick: dt=0.0084 g=[0.00,0.00] pose=[-12.83,6.71,1.57] grip=[30,30] pro=false
[2026-07-18 23:08:42.532] [ge] [info] [main.cpp:347] tiltbuggy: pose → db [-12.83,6.71,1.57] t=1.1
[2026-07-18 23:08:42.782] [ge] [info] [main.cpp:358] tick: dt=0.0084 g=[0.00,0.00] pose=[-12.83,6.71,1.57] grip=[30,30] pro=false
[2026-07-18 23:08:43.035] [ge] [info] [main.cpp:397] onEvent type=0x700
[2026-07-18 23:08:43.036] [ge] [info] [main.cpp:347] tiltbuggy: pose → db [-12.83,6.71,1.57] t=1.6
[2026-07-18 23:08:43.036] [ge] [info] [main.cpp:397] onEvent type=0x1200
[2026-07-18 23:08:43.036] [ge] [info] [main.cpp:423] ACCEL accel=[+0.00,+0.00,+0.00] gravity=[-0.00,-0.00]
[2026-07-18 23:08:43.040] [ge] [info] [main.cpp:397] onEvent type=0x1200
[2026-07-18 23:08:43.040] [ge] [info] [main.cpp:423] ACCEL accel=[+0.00,+0.00,+0.00] gravity=[-0.00,-0.00]
[2026-07-18 23:08:43.048] [ge] [info] [main.cpp:397] onEvent type=0x1200
[2026-07-18 23:08:43.048] [ge] [info] [main.cpp:423] ACCEL accel=[+0.00,+0.00,+0.00] gravity=[-0.00,-0.00]
[2026-07-18 23:08:43.057] [ge] [info] [main.cpp:397] onEvent type=0x1200
[2026-07-18 23:08:43.057] [ge] [info] [main.cpp:423] ACCEL accel=[+0.00,+0.00,+0.00] gravity=[-0.00,-0.00]
[2026-07-18 23:08:43.065] [ge] [info] [main.cpp:397] onEvent type=0x1200
[2026-07-18 23:08:43.065] [ge] [info] [main.cpp:423] ACCEL accel=[+0.00,+0.00,+0.00] gravity=[-0.00,-0.00]
[2026-07-18 23:08:43.073] [ge] [info] [main.cpp:397] onEvent type=0x1200
[2026-07-18 23:08:43.073] [ge] [info] [main.cpp:423] ACCEL accel=[+0.00,+0.00,+0.00] gravity=[-0.00,-0.00]
[2026-07-18 23:08:43.082] [ge] [info] [main.cpp:397] onEvent type=0x1200
[2026-07-18 23:08:43.082] [ge] [info] [main.cpp:423] ACCEL accel=[+2.58,+0.00,+0.00] gravity=[-25.81,-0.00]
[2026-07-18 23:08:43.082] [ge] [info] [main.cpp:397] onEvent type=0x1200
[2026-07-18 23:08:43.082] [ge] [info] [main.cpp:423] ACCEL accel=[+2.58,+0.00,+0.00] gravity=[-25.81,-0.00]
[2026-07-18 23:08:43.090] [ge] [info] [main.cpp:397] onEvent type=0x1200
[2026-07-18 23:08:43.090] [ge] [info] [main.cpp:423] ACCEL accel=[+2.58,+0.00,+0.00] gravity=[-25.81,-0.00]
[2026-07-18 23:08:43.098] [ge] [info] [main.cpp:397] onEvent type=0x1200
[2026-07-18 23:08:43.098] [ge] [info] [main.cpp:423] ACCEL accel=[+2.58,+0.00,+0.00] gravity=[-25.81,-0.00]
[2026-07-18 23:08:43.107] [ge] [info] [main.cpp:397] onEvent type=0x1200
[2026-07-18 23:08:43.107] [ge] [info] [main.cpp:423] ACCEL accel=[+2.58,+0.00,+0.00] gravity=[-25.81,-0.00]
[2026-07-18 23:08:43.115] [ge] [info] [main.cpp:397] onEvent type=0x1200
[2026-07-18 23:08:43.115] [ge] [info] [main.cpp:423] ACCEL accel=[+2.58,+0.00,+0.00] gravity=[-25.81,-0.00]
[2026-07-18 23:08:43.123] [ge] [info] [main.cpp:397] onEvent type=0x1200
[2026-07-18 23:08:43.123] [ge] [info] [main.cpp:423] ACCEL accel=[+2.58,+0.00,+0.00] gravity=[-25.81,-0.00]
[2026-07-18 23:08:43.132] [ge] [info] [main.cpp:397] onEvent type=0x1200
[2026-07-18 23:08:43.132] [ge] [info] [main.cpp:423] ACCEL accel=[+4.98,+0.00,+0.00] gravity=[-49.80,-0.00]
[2026-07-18 23:08:43.132] [ge] [info] [main.cpp:397] onEvent type=0x1200
[2026-07-18 23:08:43.132] [ge] [info] [main.cpp:423] ACCEL accel=[+4.98,+0.00,+0.00] gravity=[-49.80,-0.00]
[2026-07-18 23:08:43.140] [ge] [info] [main.cpp:397] onEvent type=0x1200
[2026-07-18 23:08:43.140] [ge] [info] [main.cpp:423] ACCEL accel=[+4.98,+0.00,+0.00] gravity=[-49.80,-0.00]
[2026-07-18 23:08:43.148] [ge] [info] [main.cpp:397] onEvent type=0x1200
[2026-07-18 23:08:43.148] [ge] [info] [main.cpp:423] ACCEL accel=[+4.98,+0.00,+0.00] gravity=[-49.80,-0.00]
[2026-07-18 23:08:43.157] [ge] [info] [main.cpp:397] onEvent type=0x1200
[2026-07-18 23:08:43.157] [ge] [info] [main.cpp:423] ACCEL accel=[+4.98,+0.00,+0.00] gravity=[-49.80,-0.00]
[2026-07-18 23:08:43.165] [ge] [info] [main.cpp:397] onEvent type=0x1200
[2026-07-18 23:08:43.165] [ge] [info] [main.cpp:423] ACCEL accel=[+4.98,+0.00,+0.00] gravity=[-49.80,-0.00]
[2026-07-18 23:08:43.173] [ge] [info] [main.cpp:397] onEvent type=0x1200
[2026-07-18 23:08:43.173] [ge] [info] [main.cpp:423] ACCEL accel=[+4.98,+0.00,+0.00] gravity=[-49.80,-0.00]
[2026-07-18 23:08:43.182] [ge] [info] [main.cpp:397] onEvent type=0x1200
[2026-07-18 23:08:43.182] [ge] [info] [main.cpp:423] ACCEL accel=[+4.98,+0.00,+0.00] gravity=[-49.80,-0.00]
[2026-07-18 23:08:43.190] [ge] [info] [main.cpp:397] onEvent type=0x1200
[2026-07-18 23:08:43.190] [ge] [info] [main.cpp:423] ACCEL accel=[+4.98,+0.00,+0.00] gravity=[-49.80,-0.00]
[2026-07-18 23:08:43.198] [ge] [info] [main.cpp:397] onEvent type=0x1200
[2026-07-18 23:08:43.198] [ge] [info] [main.cpp:423] ACCEL accel=[+4.98,+0.00,+0.00] gravity=[-49.80,-0.00]
[2026-07-18 23:08:43.207] [ge] [info] [main.cpp:397] onEvent type=0x1200
[2026-07-18 23:08:43.207] [ge] [info] [main.cpp:423] ACCEL accel=[+4.98,+0.00,+0.00] gravity=[-49.80,-0.00]
[2026-07-18 23:08:43.215] [ge] [info] [main.cpp:397] onEvent type=0x1200
[2026-07-18 23:08:43.215] [ge] [info] [main.cpp:423] ACCEL accel=[+4.98,+0.00,+0.00] gravity=[-49.80,-0.00]
[2026-07-18 23:08:43.223] [ge] [info] [main.cpp:397] onEvent type=0x1200
[2026-07-18 23:08:43.223] [ge] [info] [main.cpp:423] ACCEL accel=[+4.98,+0.00,+0.00] gravity=[-49.80,-0.00]
[2026-07-18 23:08:43.232] [ge] [info] [main.cpp:397] onEvent type=0x1200
[2026-07-18 23:08:43.232] [ge] [info] [main.cpp:423] ACCEL accel=[+4.98,+0.00,+0.00] gravity=[-49.80,-0.00]
[2026-07-18 23:08:43.240] [ge] [info] [main.cpp:397] onEvent type=0x1200
[2026-07-18 23:08:43.240] [ge] [info] [main.cpp:423] ACCEL accel=[+4.98,+0.00,+0.00] gravity=[-49.80,-0.00]
[2026-07-18 23:08:43.248] [ge] [info] [main.cpp:397] onEvent type=0x1200
[2026-07-18 23:08:43.248] [ge] [info] [main.cpp:423] ACCEL accel=[+4.98,+0.00,+0.00] gravity=[-49.80,-0.00]
[2026-07-18 23:08:43.257] [ge] [info] [main.cpp:397] onEvent type=0x1200
[2026-07-18 23:08:43.257] [ge] [info] [main.cpp:423] ACCEL accel=[+4.98,+0.00,+0.00] gravity=[-49.80,-0.00]
[2026-07-18 23:08:43.265] [ge] [info] [main.cpp:397] onEvent type=0x1200
[2026-07-18 23:08:43.265] [ge] [info] [main.cpp:423] ACCEL accel=[+4.98,+0.00,+0.00] gravity=[-49.80,-0.00]
[2026-07-18 23:08:43.273] [ge] [info] [main.cpp:397] onEvent type=0x1200
[2026-07-18 23:08:43.273] [ge] [info] [main.cpp:423] ACCEL accel=[+4.98,+0.00,+0.00] gravity=[-49.80,-0.00]
[2026-07-18 23:08:43.282] [ge] [info] [main.cpp:358] tick: dt=0.0084 g=[-49.80,-0.00] pose=[-12.83,6.71,1.57] grip=[30,30] pro=false
[2026-07-18 23:08:43.282] [ge] [info] [main.cpp:397] onEvent type=0x1200
[2026-07-18 23:08:43.282] [ge] [info] [main.cpp:423] ACCEL accel=[+4.98,+0.00,+0.00] gravity=[-49.80,-0.00]
[2026-07-18 23:08:43.290] [ge] [info] [main.cpp:397] onEvent type=0x1200
[2026-07-18 23:08:43.290] [ge] [info] [main.cpp:423] ACCEL accel=[+4.98,+0.00,+0.00] gravity=[-49.80,-0.00]
[2026-07-18 23:08:43.298] [ge] [info] [main.cpp:397] onEvent type=0x1200
[2026-07-18 23:08:43.298] [ge] [info] [main.cpp:423] ACCEL accel=[+4.98,+0.00,+0.00] gravity=[-49.80,-0.00]
[2026-07-18 23:08:43.307] [ge] [info] [main.cpp:397] onEvent type=0x1200
[2026-07-18 23:08:43.307] [ge] [info] [main.cpp:423] ACCEL accel=[+4.98,+0.00,+0.00] gravity=[-49.80,-0.00]
[2026-07-18 23:08:43.315] [ge] [info] [main.cpp:397] onEvent type=0x1200
[2026-07-18 23:08:43.315] [ge] [info] [main.cpp:423] ACCEL accel=[+4.98,+0.00,+0.00] gravity=[-49.80,-0.00]
[2026-07-18 23:08:43.323] [ge] [info] [main.cpp:397] onEvent type=0x1200
[2026-07-18 23:08:43.323] [ge] [info] [main.cpp:423] ACCEL accel=[+4.98,+0.00,+0.00] gravity=[-49.80,-0.00]
[2026-07-18 23:08:43.332] [ge] [info] [main.cpp:397] onEvent type=0x1200
[2026-07-18 23:08:43.332] [ge] [info] [main.cpp:423] ACCEL accel=[+4.98,+0.00,+0.00] gravity=[-49.80,-0.00]
[2026-07-18 23:08:43.340] [ge] [info] [main.cpp:397] onEvent type=0x1200
[2026-07-18 23:08:43.340] [ge] [info] [main.cpp:423] ACCEL accel=[+4.98,+0.00,+0.00] gravity=[-49.80,-0.00]
[2026-07-18 23:08:43.348] [ge] [info] [main.cpp:397] onEvent type=0x1200
[2026-07-18 23:08:43.348] [ge] [info] [main.cpp:423] ACCEL accel=[+4.98,+0.00,+0.00] gravity=[-49.80,-0.00]
[2026-07-18 23:08:43.357] [ge] [info] [main.cpp:397] onEvent type=0x1200
[2026-07-18 23:08:43.357] [ge] [info] [main.cpp:423] ACCEL accel=[+4.98,+0.00,+0.00] gravity=[-49.80,-0.00]
[2026-07-18 23:08:43.365] [ge] [info] [main.cpp:397] onEvent type=0x1200
[2026-07-18 23:08:43.365] [ge] [info] [main.cpp:423] ACCEL accel=[+4.98,+0.00,+0.00] gravity=[-49.80,-0.00]
[2026-07-18 23:08:43.373] [ge] [info] [main.cpp:397] onEvent type=0x1200
[2026-07-18 23:08:43.373] [ge] [info] [main.cpp:423] ACCEL accel=[+4.98,+0.00,+0.00] gravity=[-49.80,-0.00]
[2026-07-18 23:08:43.382] [ge] [info] [main.cpp:397] onEvent type=0x1200
[2026-07-18 23:08:43.382] [ge] [info] [main.cpp:423] ACCEL accel=[+4.98,+0.00,+0.00] gravity=[-49.80,-0.00]
[2026-07-18 23:08:43.390] [ge] [info] [main.cpp:397] onEvent type=0x1200
[2026-07-18 23:08:43.390] [ge] [info] [main.cpp:423] ACCEL accel=[+4.98,+0.00,+0.00] gravity=[-49.80,-0.00]
[2026-07-18 23:08:43.399] [ge] [info] [main.cpp:397] onEvent type=0x1200
[2026-07-18 23:08:43.399] [ge] [info] [main.cpp:423] ACCEL accel=[+4.98,+0.00,+0.00] gravity=[-49.80,-0.00]
[2026-07-18 23:08:43.407] [ge] [info] [main.cpp:397] onEvent type=0x1200
[2026-07-18 23:08:43.407] [ge] [info] [main.cpp:423] ACCEL accel=[+4.98,+0.00,+0.00] gravity=[-49.80,-0.00]
[2026-07-18 23:08:43.415] [ge] [info] [main.cpp:397] onEvent type=0x1200
[2026-07-18 23:08:43.415] [ge] [info] [main.cpp:423] ACCEL accel=[+4.98,+0.00,+0.00] gravity=[-49.80,-0.00]
[2026-07-18 23:08:43.423] [ge] [info] [main.cpp:397] onEvent type=0x1200
[2026-07-18 23:08:43.423] [ge] [info] [main.cpp:423] ACCEL accel=[+4.98,+0.00,+0.00] gravity=[-49.80,-0.00]
[2026-07-18 23:08:43.432] [ge] [info] [main.cpp:397] onEvent type=0x1200
[2026-07-18 23:08:43.432] [ge] [info] [main.cpp:423] ACCEL accel=[+4.98,+0.00,+0.00] gravity=[-49.80,-0.00]
[2026-07-18 23:08:43.440] [ge] [info] [main.cpp:397] onEvent type=0x1200
[2026-07-18 23:08:43.440] [ge] [info] [main.cpp:423] ACCEL accel=[+4.98,+0.00,+0.00] gravity=[-49.80,-0.00]
[2026-07-18 23:08:43.448] [ge] [info] [main.cpp:397] onEvent type=0x1200
[2026-07-18 23:08:43.448] [ge] [info] [main.cpp:423] ACCEL accel=[+4.98,+0.00,+0.00] gravity=[-49.80,-0.00]
[2026-07-18 23:08:43.457] [ge] [info] [main.cpp:397] onEvent type=0x1200
[2026-07-18 23:08:43.457] [ge] [info] [main.cpp:423] ACCEL accel=[+4.98,+0.00,+0.00] gravity=[-49.80,-0.00]
[2026-07-18 23:08:43.465] [ge] [info] [main.cpp:397] onEvent type=0x1200
[2026-07-18 23:08:43.465] [ge] [info] [main.cpp:423] ACCEL accel=[+4.98,+0.00,+0.00] gravity=[-49.80,-0.00]
[2026-07-18 23:08:43.473] [ge] [info] [main.cpp:397] onEvent type=0x1200
[2026-07-18 23:08:43.473] [ge] [info] [main.cpp:423] ACCEL accel=[+4.98,+0.00,+0.00] gravity=[-49.80,-0.00]
[2026-07-18 23:08:43.482] [ge] [info] [main.cpp:397] onEvent type=0x1200
[2026-07-18 23:08:43.482] [ge] [info] [main.cpp:423] ACCEL accel=[+4.98,+0.00,+0.00] gravity=[-49.80,-0.00]
[2026-07-18 23:08:43.490] [ge] [info] [main.cpp:397] onEvent type=0x1200
[2026-07-18 23:08:43.490] [ge] [info] [main.cpp:423] ACCEL accel=[+4.98,+0.00,+0.00] gravity=[-49.80,-0.00]
[2026-07-18 23:08:43.498] [ge] [info] [main.cpp:397] onEvent type=0x1200
[2026-07-18 23:08:43.498] [ge] [info] [main.cpp:423] ACCEL accel=[+4.98,+0.00,+0.00] gravity=[-49.80,-0.00]
[2026-07-18 23:08:43.507] [ge] [info] [main.cpp:397] onEvent type=0x1200
[2026-07-18 23:08:43.507] [ge] [info] [main.cpp:423] ACCEL accel=[+4.98,+0.00,+0.00] gravity=[-49.80,-0.00]
[2026-07-18 23:08:43.515] [ge] [info] [main.cpp:397] onEvent type=0x1200
[2026-07-18 23:08:43.515] [ge] [info] [main.cpp:423] ACCEL accel=[+4.98,+0.00,+0.00] gravity=[-49.80,-0.00]
[2026-07-18 23:08:43.523] [ge] [info] [main.cpp:397] onEvent type=0x1200
[2026-07-18 23:08:43.523] [ge] [info] [main.cpp:423] ACCEL accel=[+4.98,+0.00,+0.00] gravity=[-49.80,-0.00]
[2026-07-18 23:08:43.532] [ge] [info] [main.cpp:397] onEvent type=0x1200
[2026-07-18 23:08:43.532] [ge] [info] [main.cpp:423] ACCEL accel=[+4.98,+0.00,+0.00] gravity=[-49.80,-0.00]
[2026-07-18 23:08:43.541] [ge] [info] [main.cpp:347] tiltbuggy: pose → db [-12.83,6.71,1.57] t=2.1
[2026-07-18 23:08:43.541] [ge] [info] [main.cpp:397] onEvent type=0x1200
[2026-07-18 23:08:43.541] [ge] [info] [main.cpp:423] ACCEL accel=[+4.98,+0.00,+0.00] gravity=[-49.80,-0.00]
[2026-07-18 23:08:43.548] [ge] [info] [main.cpp:397] onEvent type=0x1200
[2026-07-18 23:08:43.548] [ge] [info] [main.cpp:423] ACCEL accel=[+4.98,+0.00,+0.00] gravity=[-49.80,-0.00]
[2026-07-18 23:08:43.557] [ge] [info] [main.cpp:397] onEvent type=0x1200
[2026-07-18 23:08:43.557] [ge] [info] [main.cpp:423] ACCEL accel=[+4.98,+0.00,+0.00] gravity=[-49.80,-0.00]
[2026-07-18 23:08:43.565] [ge] [info] [main.cpp:397] onEvent type=0x1200
[2026-07-18 23:08:43.565] [ge] [info] [main.cpp:423] ACCEL accel=[+4.98,+0.00,+0.00] gravity=[-49.80,-0.00]
[2026-07-18 23:08:43.574] [ge] [info] [main.cpp:397] onEvent type=0x1200
[2026-07-18 23:08:43.574] [ge] [info] [main.cpp:423] ACCEL accel=[+4.98,+0.00,+0.00] gravity=[-49.80,-0.00]
[2026-07-18 23:08:43.582] [ge] [info] [main.cpp:397] onEvent type=0x1200
[2026-07-18 23:08:43.582] [ge] [info] [main.cpp:423] ACCEL accel=[+4.98,+0.00,+0.00] gravity=[-49.80,-0.00]
[2026-07-18 23:08:43.590] [ge] [info] [main.cpp:397] onEvent type=0x1200
[2026-07-18 23:08:43.590] [ge] [info] [main.cpp:423] ACCEL accel=[+4.98,+0.00,+0.00] gravity=[-49.80,-0.00]
[2026-07-18 23:08:43.598] [ge] [info] [main.cpp:397] onEvent type=0x1200
[2026-07-18 23:08:43.598] [ge] [info] [main.cpp:423] ACCEL accel=[+4.98,+0.00,+0.00] gravity=[-49.80,-0.00]
[2026-07-18 23:08:43.607] [ge] [info] [main.cpp:397] onEvent type=0x1200
[2026-07-18 23:08:43.607] [ge] [info] [main.cpp:423] ACCEL accel=[+4.98,+0.00,+0.00] gravity=[-49.80,-0.00]
[2026-07-18 23:08:43.615] [ge] [info] [main.cpp:397] onEvent type=0x1200
[2026-07-18 23:08:43.615] [ge] [info] [main.cpp:423] ACCEL accel=[+4.98,+0.00,+0.00] gravity=[-49.80,-0.00]
[2026-07-18 23:08:43.623] [ge] [info] [main.cpp:397] onEvent type=0x1200
[2026-07-18 23:08:43.623] [ge] [info] [main.cpp:423] ACCEL accel=[+4.98,+0.00,+0.00] gravity=[-49.80,-0.00]
[2026-07-18 23:08:43.632] [ge] [info] [main.cpp:397] onEvent type=0x1200
[2026-07-18 23:08:43.632] [ge] [info] [main.cpp:423] ACCEL accel=[+4.98,+0.00,+0.00] gravity=[-49.80,-0.00]
[2026-07-18 23:08:43.640] [ge] [info] [main.cpp:397] onEvent type=0x1200
[2026-07-18 23:08:43.640] [ge] [info] [main.cpp:423] ACCEL accel=[+4.98,+0.00,+0.00] gravity=[-49.80,-0.00]
[2026-07-18 23:08:43.648] [ge] [info] [main.cpp:397] onEvent type=0x1200
[2026-07-18 23:08:43.648] [ge] [info] [main.cpp:423] ACCEL accel=[+4.98,+0.00,+0.00] gravity=[-49.80,-0.00]
[2026-07-18 23:08:43.657] [ge] [info] [main.cpp:397] onEvent type=0x1200
[2026-07-18 23:08:43.657] [ge] [info] [main.cpp:423] ACCEL accel=[+4.98,+0.00,+0.00] gravity=[-49.80,-0.00]
[2026-07-18 23:08:43.665] [ge] [info] [main.cpp:397] onEvent type=0x1200
[2026-07-18 23:08:43.665] [ge] [info] [main.cpp:423] ACCEL accel=[+4.98,+0.00,+0.00] gravity=[-49.80,-0.00]
[2026-07-18 23:08:43.673] [ge] [info] [main.cpp:397] onEvent type=0x1200
[2026-07-18 23:08:43.673] [ge] [info] [main.cpp:423] ACCEL accel=[+4.98,+0.00,+0.00] gravity=[-49.80,-0.00]
[2026-07-18 23:08:43.682] [ge] [info] [main.cpp:397] onEvent type=0x1200
[2026-07-18 23:08:43.682] [ge] [info] [main.cpp:423] ACCEL accel=[+4.98,+0.00,+0.00] gravity=[-49.80,-0.00]
[2026-07-18 23:08:43.690] [ge] [info] [main.cpp:397] onEvent type=0x1200
[2026-07-18 23:08:43.690] [ge] [info] [main.cpp:423] ACCEL accel=[+4.98,+0.00,+0.00] gravity=[-49.80,-0.00]
[2026-07-18 23:08:43.698] [ge] [info] [main.cpp:397] onEvent type=0x1200
[2026-07-18 23:08:43.698] [ge] [info] [main.cpp:423] ACCEL accel=[+4.98,+0.00,+0.00] gravity=[-49.80,-0.00]
[2026-07-18 23:08:43.707] [ge] [info] [main.cpp:397] onEvent type=0x1200
[2026-07-18 23:08:43.707] [ge] [info] [main.cpp:423] ACCEL accel=[+4.98,+0.00,+0.00] gravity=[-49.80,-0.00]
[2026-07-18 23:08:43.715] [ge] [info] [main.cpp:397] onEvent type=0x1200
[2026-07-18 23:08:43.715] [ge] [info] [main.cpp:423] ACCEL accel=[+4.98,+0.00,+0.00] gravity=[-49.80,-0.00]
[2026-07-18 23:08:43.723] [ge] [info] [main.cpp:397] onEvent type=0x1200
[2026-07-18 23:08:43.723] [ge] [info] [main.cpp:423] ACCEL accel=[+4.98,+0.00,+0.00] gravity=[-49.80,-0.00]
[2026-07-18 23:08:43.732] [ge] [info] [main.cpp:397] onEvent type=0x1200
[2026-07-18 23:08:43.732] [ge] [info] [main.cpp:423] ACCEL accel=[+4.98,+0.00,+0.00] gravity=[-49.80,-0.00]
[2026-07-18 23:08:43.740] [ge] [info] [main.cpp:397] onEvent type=0x1200
[2026-07-18 23:08:43.740] [ge] [info] [main.cpp:423] ACCEL accel=[+4.98,+0.00,+0.00] gravity=[-49.80,-0.00]
[2026-07-18 23:08:43.748] [ge] [info] [main.cpp:397] onEvent type=0x1200
[2026-07-18 23:08:43.748] [ge] [info] [main.cpp:423] ACCEL accel=[+4.98,+0.00,+0.00] gravity=[-49.80,-0.00]
[2026-07-18 23:08:43.757] [ge] [info] [main.cpp:397] onEvent type=0x1200
[2026-07-18 23:08:43.757] [ge] [info] [main.cpp:423] ACCEL accel=[+4.98,+0.00,+0.00] gravity=[-49.80,-0.00]
[2026-07-18 23:08:43.765] [ge] [info] [main.cpp:397] onEvent type=0x1200
[2026-07-18 23:08:43.765] [ge] [info] [main.cpp:423] ACCEL accel=[+4.98,+0.00,+0.00] gravity=[-49.80,-0.00]
[2026-07-18 23:08:43.773] [ge] [info] [main.cpp:397] onEvent type=0x1200
[2026-07-18 23:08:43.773] [ge] [info] [main.cpp:423] ACCEL accel=[+4.98,+0.00,+0.00] gravity=[-49.80,-0.00]
[2026-07-18 23:08:43.782] [ge] [info] [main.cpp:358] tick: dt=0.0084 g=[-49.80,-0.00] pose=[-12.83,6.71,1.57] grip=[30,30] pro=false
[2026-07-18 23:08:43.782] [ge] [info] [main.cpp:397] onEvent type=0x1200
[2026-07-18 23:08:43.782] [ge] [info] [main.cpp:423] ACCEL accel=[+4.98,+0.00,+0.00] gravity=[-49.80,-0.00]
[2026-07-18 23:08:43.790] [ge] [info] [main.cpp:397] onEvent type=0x1200
[2026-07-18 23:08:43.790] [ge] [info] [main.cpp:423] ACCEL accel=[+4.98,+0.00,+0.00] gravity=[-49.80,-0.00]
[2026-07-18 23:08:43.798] [ge] [info] [main.cpp:397] onEvent type=0x1200
[2026-07-18 23:08:43.798] [ge] [info] [main.cpp:423] ACCEL accel=[+4.98,+0.00,+0.00] gravity=[-49.80,-0.00]
[2026-07-18 23:08:43.807] [ge] [info] [main.cpp:397] onEvent type=0x1200
[2026-07-18 23:08:43.807] [ge] [info] [main.cpp:423] ACCEL accel=[+4.98,+0.00,+0.00] gravity=[-49.80,-0.00]
[2026-07-18 23:08:43.815] [ge] [info] [main.cpp:397] onEvent type=0x1200
[2026-07-18 23:08:43.815] [ge] [info] [main.cpp:423] ACCEL accel=[+4.98,+0.00,+0.00] gravity=[-49.80,-0.00]
[2026-07-18 23:08:43.823] [ge] [info] [main.cpp:397] onEvent type=0x1200
[2026-07-18 23:08:43.823] [ge] [info] [main.cpp:423] ACCEL accel=[+4.98,+0.00,+0.00] gravity=[-49.80,-0.00]
[2026-07-18 23:08:43.832] [ge] [info] [main.cpp:397] onEvent type=0x1200
[2026-07-18 23:08:43.832] [ge] [info] [main.cpp:423] ACCEL accel=[+4.98,+0.00,+0.00] gravity=[-49.80,-0.00]
[2026-07-18 23:08:43.840] [ge] [info] [main.cpp:397] onEvent type=0x1200
[2026-07-18 23:08:43.840] [ge] [info] [main.cpp:423] ACCEL accel=[+4.98,+0.00,+0.00] gravity=[-49.80,-0.00]
[2026-07-18 23:08:43.848] [ge] [info] [main.cpp:397] onEvent type=0x1200
[2026-07-18 23:08:43.848] [ge] [info] [main.cpp:423] ACCEL accel=[+4.98,+0.00,+0.00] gravity=[-49.80,-0.00]
[2026-07-18 23:08:43.857] [ge] [info] [main.cpp:397] onEvent type=0x1200
[2026-07-18 23:08:43.857] [ge] [info] [main.cpp:423] ACCEL accel=[+4.98,+0.00,+0.00] gravity=[-49.80,-0.00]
[2026-07-18 23:08:43.865] [ge] [info] [main.cpp:397] onEvent type=0x1200
[2026-07-18 23:08:43.865] [ge] [info] [main.cpp:423] ACCEL accel=[+4.98,+0.00,+0.00] gravity=[-49.80,-0.00]
[2026-07-18 23:08:43.873] [ge] [info] [main.cpp:397] onEvent type=0x1200
[2026-07-18 23:08:43.873] [ge] [info] [main.cpp:423] ACCEL accel=[+4.98,+0.00,+0.00] gravity=[-49.80,-0.00]
[2026-07-18 23:08:43.882] [ge] [info] [main.cpp:397] onEvent type=0x1200
[2026-07-18 23:08:43.882] [ge] [info] [main.cpp:423] ACCEL accel=[+4.98,+0.00,+0.00] gravity=[-49.80,-0.00]
[2026-07-18 23:08:43.890] [ge] [info] [main.cpp:397] onEvent type=0x1200
[2026-07-18 23:08:43.890] [ge] [info] [main.cpp:423] ACCEL accel=[+4.98,+0.00,+0.00] gravity=[-49.80,-0.00]
[2026-07-18 23:08:43.898] [ge] [info] [main.cpp:397] onEvent type=0x1200
[2026-07-18 23:08:43.898] [ge] [info] [main.cpp:423] ACCEL accel=[+4.98,+0.00,+0.00] gravity=[-49.80,-0.00]
[2026-07-18 23:08:43.907] [ge] [info] [main.cpp:397] onEvent type=0x1200
[2026-07-18 23:08:43.907] [ge] [info] [main.cpp:423] ACCEL accel=[+4.98,+0.00,+0.00] gravity=[-49.80,-0.00]
[2026-07-18 23:08:43.915] [ge] [info] [main.cpp:397] onEvent type=0x1200
[2026-07-18 23:08:43.915] [ge] [info] [main.cpp:423] ACCEL accel=[+4.98,+0.00,+0.00] gravity=[-49.80,-0.00]
[2026-07-18 23:08:43.923] [ge] [info] [main.cpp:397] onEvent type=0x1200
[2026-07-18 23:08:43.923] [ge] [info] [main.cpp:423] ACCEL accel=[+4.98,+0.00,+0.00] gravity=[-49.80,-0.00]
[2026-07-18 23:08:43.932] [ge] [info] [main.cpp:397] onEvent type=0x1200
[2026-07-18 23:08:43.932] [ge] [info] [main.cpp:423] ACCEL accel=[+4.98,+0.00,+0.00] gravity=[-49.80,-0.00]
[2026-07-18 23:08:43.940] [ge] [info] [main.cpp:397] onEvent type=0x1200
[2026-07-18 23:08:43.940] [ge] [info] [main.cpp:423] ACCEL accel=[+4.98,+0.00,+0.00] gravity=[-49.80,-0.00]
[2026-07-18 23:08:43.948] [ge] [info] [main.cpp:397] onEvent type=0x1200
[2026-07-18 23:08:43.948] [ge] [info] [main.cpp:423] ACCEL accel=[+4.98,+0.00,+0.00] gravity=[-49.80,-0.00]
[2026-07-18 23:08:43.957] [ge] [info] [main.cpp:397] onEvent type=0x1200
[2026-07-18 23:08:43.957] [ge] [info] [main.cpp:423] ACCEL accel=[+4.98,+0.00,+0.00] gravity=[-49.80,-0.00]
[2026-07-18 23:08:43.965] [ge] [info] [main.cpp:397] onEvent type=0x1200
[2026-07-18 23:08:43.965] [ge] [info] [main.cpp:423] ACCEL accel=[+4.98,+0.00,+0.00] gravity=[-49.80,-0.00]
[2026-07-18 23:08:43.973] [ge] [info] [main.cpp:397] onEvent type=0x1200
[2026-07-18 23:08:43.973] [ge] [info] [main.cpp:423] ACCEL accel=[+4.98,+0.00,+0.00] gravity=[-49.80,-0.00]
[2026-07-18 23:08:43.982] [ge] [info] [main.cpp:397] onEvent type=0x1200
[2026-07-18 23:08:43.982] [ge] [info] [main.cpp:423] ACCEL accel=[+4.98,+0.00,+0.00] gravity=[-49.80,-0.00]
[2026-07-18 23:08:43.990] [ge] [info] [main.cpp:397] onEvent type=0x1200
[2026-07-18 23:08:43.990] [ge] [info] [main.cpp:423] ACCEL accel=[+4.98,+0.00,+0.00] gravity=[-49.80,-0.00]
[2026-07-18 23:08:43.998] [ge] [info] [main.cpp:397] onEvent type=0x1200
[2026-07-18 23:08:43.998] [ge] [info] [main.cpp:423] ACCEL accel=[+4.98,+0.00,+0.00] gravity=[-49.80,-0.00]
[2026-07-18 23:08:44.007] [ge] [info] [main.cpp:397] onEvent type=0x1200
[2026-07-18 23:08:44.007] [ge] [info] [main.cpp:423] ACCEL accel=[+4.98,+0.00,+0.00] gravity=[-49.80,-0.00]
[2026-07-18 23:08:44.015] [ge] [info] [main.cpp:397] onEvent type=0x1200
[2026-07-18 23:08:44.015] [ge] [info] [main.cpp:423] ACCEL accel=[+4.98,+0.00,+0.00] gravity=[-49.80,-0.00]
[2026-07-18 23:08:44.023] [ge] [info] [main.cpp:397] onEvent type=0x1200
[2026-07-18 23:08:44.023] [ge] [info] [main.cpp:423] ACCEL accel=[+4.98,+0.00,+0.00] gravity=[-49.80,-0.00]
[2026-07-18 23:08:44.032] [ge] [info] [main.cpp:397] onEvent type=0x1200
[2026-07-18 23:08:44.032] [ge] [info] [main.cpp:423] ACCEL accel=[+4.98,+0.00,+0.00] gravity=[-49.80,-0.00]
[2026-07-18 23:08:44.041] [ge] [info] [main.cpp:347] tiltbuggy: pose → db [-12.83,6.71,1.57] t=2.6
[2026-07-18 23:08:44.041] [ge] [info] [main.cpp:397] onEvent type=0x1200
[2026-07-18 23:08:44.041] [ge] [info] [main.cpp:423] ACCEL accel=[+4.98,+0.00,+0.00] gravity=[-49.80,-0.00]
[2026-07-18 23:08:44.048] [ge] [info] [main.cpp:397] onEvent type=0x1200
[2026-07-18 23:08:44.048] [ge] [info] [main.cpp:423] ACCEL accel=[+4.98,+0.00,+0.00] gravity=[-49.80,-0.00]
[2026-07-18 23:08:44.057] [ge] [info] [main.cpp:397] onEvent type=0x1200
[2026-07-18 23:08:44.057] [ge] [info] [main.cpp:423] ACCEL accel=[+4.98,+0.00,+0.00] gravity=[-49.80,-0.00]
[2026-07-18 23:08:44.065] [ge] [info] [main.cpp:397] onEvent type=0x1200
[2026-07-18 23:08:44.065] [ge] [info] [main.cpp:423] ACCEL accel=[+4.98,+0.00,+0.00] gravity=[-49.80,-0.00]
[2026-07-18 23:08:44.073] [ge] [info] [main.cpp:397] onEvent type=0x1200
[2026-07-18 23:08:44.073] [ge] [info] [main.cpp:423] ACCEL accel=[+4.98,+0.00,+0.00] gravity=[-49.80,-0.00]
[2026-07-18 23:08:44.082] [ge] [info] [main.cpp:397] onEvent type=0x1200
[2026-07-18 23:08:44.082] [ge] [info] [main.cpp:423] ACCEL accel=[+4.98,+0.00,+0.00] gravity=[-49.80,-0.00]
[2026-07-18 23:08:44.090] [ge] [info] [main.cpp:397] onEvent type=0x1200
[2026-07-18 23:08:44.090] [ge] [info] [main.cpp:423] ACCEL accel=[+4.98,+0.00,+0.00] gravity=[-49.80,-0.00]
[2026-07-18 23:08:44.098] [ge] [info] [main.cpp:397] onEvent type=0x1200
[2026-07-18 23:08:44.098] [ge] [info] [main.cpp:423] ACCEL accel=[+4.98,+0.00,+0.00] gravity=[-49.80,-0.00]
[2026-07-18 23:08:44.107] [ge] [info] [main.cpp:397] onEvent type=0x1200
[2026-07-18 23:08:44.107] [ge] [info] [main.cpp:423] ACCEL accel=[+4.98,+0.00,+0.00] gravity=[-49.80,-0.00]
[2026-07-18 23:08:44.115] [ge] [info] [main.cpp:397] onEvent type=0x1200
[2026-07-18 23:08:44.115] [ge] [info] [main.cpp:423] ACCEL accel=[+4.98,+0.00,+0.00] gravity=[-49.80,-0.00]
[2026-07-18 23:08:44.123] [ge] [info] [main.cpp:397] onEvent type=0x1200
[2026-07-18 23:08:44.123] [ge] [info] [main.cpp:423] ACCEL accel=[+4.98,+0.00,+0.00] gravity=[-49.80,-0.00]
[2026-07-18 23:08:44.132] [ge] [info] [main.cpp:397] onEvent type=0x1200
[2026-07-18 23:08:44.132] [ge] [info] [main.cpp:423] ACCEL accel=[+4.98,+0.00,+0.00] gravity=[-49.80,-0.00]
[2026-07-18 23:08:44.140] [ge] [info] [main.cpp:397] onEvent type=0x1200
[2026-07-18 23:08:44.140] [ge] [info] [main.cpp:423] ACCEL accel=[+4.98,+0.00,+0.00] gravity=[-49.80,-0.00]
[2026-07-18 23:08:44.149] [ge] [info] [main.cpp:397] onEvent type=0x1200
[2026-07-18 23:08:44.149] [ge] [info] [main.cpp:423] ACCEL accel=[+4.98,+0.00,+0.00] gravity=[-49.80,-0.00]
[2026-07-18 23:08:44.157] [ge] [info] [main.cpp:397] onEvent type=0x1200
[2026-07-18 23:08:44.157] [ge] [info] [main.cpp:423] ACCEL accel=[+4.98,+0.00,+0.00] gravity=[-49.80,-0.00]
[2026-07-18 23:08:44.165] [ge] [info] [main.cpp:397] onEvent type=0x1200
[2026-07-18 23:08:44.165] [ge] [info] [main.cpp:423] ACCEL accel=[+4.98,+0.00,+0.00] gravity=[-49.80,-0.00]
[2026-07-18 23:08:44.173] [ge] [info] [main.cpp:397] onEvent type=0x1200
[2026-07-18 23:08:44.173] [ge] [info] [main.cpp:423] ACCEL accel=[+4.98,+0.00,+0.00] gravity=[-49.80,-0.00]
[2026-07-18 23:08:44.182] [ge] [info] [main.cpp:397] onEvent type=0x1200
[2026-07-18 23:08:44.182] [ge] [info] [main.cpp:423] ACCEL accel=[+4.98,+0.00,+0.00] gravity=[-49.80,-0.00]
[2026-07-18 23:08:44.190] [ge] [info] [main.cpp:397] onEvent type=0x1200
[2026-07-18 23:08:44.190] [ge] [info] [main.cpp:423] ACCEL accel=[+4.98,+0.00,+0.00] gravity=[-49.80,-0.00]
[2026-07-18 23:08:44.198] [ge] [info] [main.cpp:397] onEvent type=0x1200
[2026-07-18 23:08:44.198] [ge] [info] [main.cpp:423] ACCEL accel=[+4.98,+0.00,+0.00] gravity=[-49.80,-0.00]
[2026-07-18 23:08:44.207] [ge] [info] [main.cpp:397] onEvent type=0x1200
[2026-07-18 23:08:44.207] [ge] [info] [main.cpp:423] ACCEL accel=[+4.98,+0.00,+0.00] gravity=[-49.80,-0.00]
[2026-07-18 23:08:44.215] [ge] [info] [main.cpp:397] onEvent type=0x1200
[2026-07-18 23:08:44.215] [ge] [info] [main.cpp:423] ACCEL accel=[+4.98,+0.00,+0.00] gravity=[-49.80,-0.00]
[2026-07-18 23:08:44.223] [ge] [info] [main.cpp:397] onEvent type=0x1200
[2026-07-18 23:08:44.223] [ge] [info] [main.cpp:423] ACCEL accel=[+4.98,+0.00,+0.00] gravity=[-49.80,-0.00]
[2026-07-18 23:08:44.232] [ge] [info] [main.cpp:397] onEvent type=0x1200
[2026-07-18 23:08:44.232] [ge] [info] [main.cpp:423] ACCEL accel=[+4.98,+0.00,+0.00] gravity=[-49.80,-0.00]
[2026-07-18 23:08:44.240] [ge] [info] [main.cpp:397] onEvent type=0x1200
[2026-07-18 23:08:44.240] [ge] [info] [main.cpp:423] ACCEL accel=[+4.98,+0.00,+0.00] gravity=[-49.80,-0.00]
[2026-07-18 23:08:44.248] [ge] [info] [main.cpp:397] onEvent type=0x1200
[2026-07-18 23:08:44.248] [ge] [info] [main.cpp:423] ACCEL accel=[+4.98,+0.00,+0.00] gravity=[-49.80,-0.00]
[2026-07-18 23:08:44.257] [ge] [info] [main.cpp:397] onEvent type=0x1200
[2026-07-18 23:08:44.257] [ge] [info] [main.cpp:423] ACCEL accel=[+4.98,+0.00,+0.00] gravity=[-49.80,-0.00]
[2026-07-18 23:08:44.265] [ge] [info] [main.cpp:397] onEvent type=0x1200
[2026-07-18 23:08:44.265] [ge] [info] [main.cpp:423] ACCEL accel=[+4.98,+0.00,+0.00] gravity=[-49.80,-0.00]
[2026-07-18 23:08:44.273] [ge] [info] [main.cpp:397] onEvent type=0x1200
[2026-07-18 23:08:44.273] [ge] [info] [main.cpp:423] ACCEL accel=[+4.98,+0.00,+0.00] gravity=[-49.80,-0.00]
[2026-07-18 23:08:44.282] [ge] [info] [main.cpp:358] tick: dt=0.0084 g=[-49.80,-0.00] pose=[-12.83,6.71,1.57] grip=[30,30] pro=false
[2026-07-18 23:08:44.282] [ge] [info] [main.cpp:397] onEvent type=0x1200
[2026-07-18 23:08:44.282] [ge] [info] [main.cpp:423] ACCEL accel=[+4.98,+0.00,+0.00] gravity=[-49.80,-0.00]
[2026-07-18 23:08:44.290] [ge] [info] [main.cpp:397] onEvent type=0x1200
[2026-07-18 23:08:44.290] [ge] [info] [main.cpp:423] ACCEL accel=[+4.98,+0.00,+0.00] gravity=[-49.80,-0.00]
[2026-07-18 23:08:44.298] [ge] [info] [main.cpp:397] onEvent type=0x1200
[2026-07-18 23:08:44.298] [ge] [info] [main.cpp:423] ACCEL accel=[+4.98,+0.00,+0.00] gravity=[-49.80,-0.00]
[2026-07-18 23:08:44.307] [ge] [info] [main.cpp:397] onEvent type=0x1200
[2026-07-18 23:08:44.307] [ge] [info] [main.cpp:423] ACCEL accel=[+4.98,+0.00,+0.00] gravity=[-49.80,-0.00]
[2026-07-18 23:08:44.315] [ge] [info] [main.cpp:397] onEvent type=0x1200
[2026-07-18 23:08:44.315] [ge] [info] [main.cpp:423] ACCEL accel=[+4.98,+0.00,+0.00] gravity=[-49.80,-0.00]
[2026-07-18 23:08:44.323] [ge] [info] [main.cpp:397] onEvent type=0x1200
[2026-07-18 23:08:44.323] [ge] [info] [main.cpp:423] ACCEL accel=[+4.98,+0.00,+0.00] gravity=[-49.80,-0.00]
[2026-07-18 23:08:44.335] [ge] [info] [main.cpp:397] onEvent type=0x701
[2026-07-18 23:08:44.336] [ge] [info] [main.cpp:397] onEvent type=0x1200
[2026-07-18 23:08:44.336] [ge] [info] [main.cpp:423] ACCEL accel=[+4.98,+0.00,+0.00] gravity=[-49.80,-0.00]
[2026-07-18 23:08:44.340] [ge] [info] [main.cpp:397] onEvent type=0x1200
[2026-07-18 23:08:44.340] [ge] [info] [main.cpp:423] ACCEL accel=[+4.73,+0.00,+0.00] gravity=[-47.28,-0.00]
[2026-07-18 23:08:44.349] [ge] [info] [main.cpp:397] onEvent type=0x1200
[2026-07-18 23:08:44.349] [ge] [info] [main.cpp:423] ACCEL accel=[+4.29,+0.00,+0.00] gravity=[-42.92,-0.00]
[2026-07-18 23:08:44.357] [ge] [info] [main.cpp:397] onEvent type=0x1200
[2026-07-18 23:08:44.357] [ge] [info] [main.cpp:423] ACCEL accel=[+3.90,+0.00,+0.00] gravity=[-39.01,-0.00]
[2026-07-18 23:08:44.365] [ge] [info] [main.cpp:397] onEvent type=0x1200
[2026-07-18 23:08:44.365] [ge] [info] [main.cpp:423] ACCEL accel=[+3.53,+0.00,+0.00] gravity=[-35.30,-0.00]
[2026-07-18 23:08:44.373] [ge] [info] [main.cpp:397] onEvent type=0x1200
[2026-07-18 23:08:44.373] [ge] [info] [main.cpp:423] ACCEL accel=[+3.20,+0.00,+0.00] gravity=[-32.01,-0.00]
[2026-07-18 23:08:44.382] [ge] [info] [main.cpp:397] onEvent type=0x1200
[2026-07-18 23:08:44.382] [ge] [info] [main.cpp:423] ACCEL accel=[+2.89,+0.00,+0.00] gravity=[-28.86,-0.00]
[2026-07-18 23:08:44.390] [ge] [info] [main.cpp:397] onEvent type=0x1200
[2026-07-18 23:08:44.390] [ge] [info] [main.cpp:423] ACCEL accel=[+2.61,+0.00,+0.00] gravity=[-26.15,-0.00]
[2026-07-18 23:08:44.399] [ge] [info] [main.cpp:397] onEvent type=0x1200
[2026-07-18 23:08:44.399] [ge] [info] [main.cpp:423] ACCEL accel=[+2.36,+0.00,+0.00] gravity=[-23.55,-0.00]
[2026-07-18 23:08:44.411] [ge] [info] [main.cpp:397] onEvent type=0x1200
[2026-07-18 23:08:44.411] [ge] [info] [main.cpp:423] ACCEL accel=[+2.02,+0.00,+0.00] gravity=[-20.20,-0.00]
[2026-07-18 23:08:44.415] [ge] [info] [main.cpp:397] onEvent type=0x1200
[2026-07-18 23:08:44.415] [ge] [info] [main.cpp:423] ACCEL accel=[+1.92,+0.00,+0.00] gravity=[-19.18,-0.00]
[2026-07-18 23:08:44.423] [ge] [info] [main.cpp:397] onEvent type=0x1200
[2026-07-18 23:08:44.423] [ge] [info] [main.cpp:423] ACCEL accel=[+1.74,+0.00,+0.00] gravity=[-17.35,-0.00]
[2026-07-18 23:08:44.432] [ge] [info] [main.cpp:397] onEvent type=0x1200
[2026-07-18 23:08:44.432] [ge] [info] [main.cpp:423] ACCEL accel=[+1.56,+0.00,+0.00] gravity=[-15.63,-0.00]
[2026-07-18 23:08:44.440] [ge] [info] [main.cpp:397] onEvent type=0x1200
[2026-07-18 23:08:44.440] [ge] [info] [main.cpp:423] ACCEL accel=[+1.41,+0.00,+0.00] gravity=[-14.10,-0.00]
[2026-07-18 23:08:44.448] [ge] [info] [main.cpp:397] onEvent type=0x1200
[2026-07-18 23:08:44.448] [ge] [info] [main.cpp:423] ACCEL accel=[+1.27,+0.00,+0.00] gravity=[-12.71,-0.00]
[2026-07-18 23:08:44.457] [ge] [info] [main.cpp:397] onEvent type=0x1200
[2026-07-18 23:08:44.457] [ge] [info] [main.cpp:423] ACCEL accel=[+1.15,+0.00,+0.00] gravity=[-11.47,-0.00]
[2026-07-18 23:08:44.465] [ge] [info] [main.cpp:397] onEvent type=0x1200
[2026-07-18 23:08:44.465] [ge] [info] [main.cpp:423] ACCEL accel=[+1.03,+0.00,+0.00] gravity=[-10.33,-0.00]
[2026-07-18 23:08:44.473] [ge] [info] [main.cpp:397] onEvent type=0x1200
[2026-07-18 23:08:44.473] [ge] [info] [main.cpp:423] ACCEL accel=[+0.93,+0.00,+0.00] gravity=[-9.32,-0.00]
[2026-07-18 23:08:44.482] [ge] [info] [main.cpp:397] onEvent type=0x1200
[2026-07-18 23:08:44.482] [ge] [info] [main.cpp:423] ACCEL accel=[+0.84,+0.00,+0.00] gravity=[-8.39,-0.00]
[2026-07-18 23:08:44.490] [ge] [info] [main.cpp:397] onEvent type=0x1200
[2026-07-18 23:08:44.490] [ge] [info] [main.cpp:423] ACCEL accel=[+0.76,+0.00,+0.00] gravity=[-7.57,-0.00]
[2026-07-18 23:08:44.498] [ge] [info] [main.cpp:397] onEvent type=0x1200
[2026-07-18 23:08:44.498] [ge] [info] [main.cpp:423] ACCEL accel=[+0.68,+0.00,+0.00] gravity=[-6.82,-0.00]
[2026-07-18 23:08:44.507] [ge] [info] [main.cpp:397] onEvent type=0x1200
[2026-07-18 23:08:44.507] [ge] [info] [main.cpp:423] ACCEL accel=[+0.61,+0.00,+0.00] gravity=[-6.15,-0.00]
[2026-07-18 23:08:44.515] [ge] [info] [main.cpp:397] onEvent type=0x1200
[2026-07-18 23:08:44.515] [ge] [info] [main.cpp:423] ACCEL accel=[+0.55,+0.00,+0.00] gravity=[-5.54,-0.00]
[2026-07-18 23:08:44.523] [ge] [info] [main.cpp:397] onEvent type=0x1200
[2026-07-18 23:08:44.523] [ge] [info] [main.cpp:423] ACCEL accel=[+0.50,+0.00,+0.00] gravity=[-4.99,-0.00]
[2026-07-18 23:08:44.536] [ge] [info] [main.cpp:397] onEvent type=0x1200
[2026-07-18 23:08:44.536] [ge] [info] [main.cpp:423] ACCEL accel=[+0.45,+0.00,+0.00] gravity=[-4.48,-0.00]
[2026-07-18 23:08:44.547] [ge] [info] [main.cpp:347] tiltbuggy: pose → db [-12.83,6.71,1.57] t=3.1
[2026-07-18 23:08:44.547] [ge] [info] [main.cpp:397] onEvent type=0x1200
[2026-07-18 23:08:44.547] [ge] [info] [main.cpp:423] ACCEL accel=[+0.37,+0.00,+0.00] gravity=[-3.74,-0.00]
[2026-07-18 23:08:44.550] [ge] [info] [main.cpp:397] onEvent type=0x1200
[2026-07-18 23:08:44.550] [ge] [info] [main.cpp:423] ACCEL accel=[+0.36,+0.00,+0.00] gravity=[-3.64,-0.00]
[2026-07-18 23:08:44.561] [ge] [info] [main.cpp:397] onEvent type=0x1200
[2026-07-18 23:08:44.561] [ge] [info] [main.cpp:423] ACCEL accel=[+0.33,+0.00,+0.00] gravity=[-3.29,-0.00]
[2026-07-18 23:08:44.565] [ge] [info] [main.cpp:397] onEvent type=0x1200
[2026-07-18 23:08:44.565] [ge] [info] [main.cpp:423] ACCEL accel=[+0.30,+0.00,+0.00] gravity=[-2.95,-0.00]
[2026-07-18 23:08:44.573] [ge] [info] [main.cpp:397] onEvent type=0x1200
[2026-07-18 23:08:44.573] [ge] [info] [main.cpp:423] ACCEL accel=[+0.27,+0.00,+0.00] gravity=[-2.67,-0.00]
[2026-07-18 23:08:44.582] [ge] [info] [main.cpp:397] onEvent type=0x1200
[2026-07-18 23:08:44.582] [ge] [info] [main.cpp:423] ACCEL accel=[+0.24,+0.00,+0.00] gravity=[-2.40,-0.00]
[2026-07-18 23:08:44.590] [ge] [info] [main.cpp:397] onEvent type=0x1200
[2026-07-18 23:08:44.590] [ge] [info] [main.cpp:423] ACCEL accel=[+0.22,+0.00,+0.00] gravity=[-2.17,-0.00]
[2026-07-18 23:08:44.598] [ge] [info] [main.cpp:397] onEvent type=0x1200
[2026-07-18 23:08:44.598] [ge] [info] [main.cpp:423] ACCEL accel=[+0.20,+0.00,+0.00] gravity=[-1.96,-0.00]
[2026-07-18 23:08:44.607] [ge] [info] [main.cpp:397] onEvent type=0x1200
[2026-07-18 23:08:44.607] [ge] [info] [main.cpp:423] ACCEL accel=[+0.18,+0.00,+0.00] gravity=[-1.76,-0.00]
[2026-07-18 23:08:44.615] [ge] [info] [main.cpp:397] onEvent type=0x1200
[2026-07-18 23:08:44.615] [ge] [info] [main.cpp:423] ACCEL accel=[+0.16,+0.00,+0.00] gravity=[-1.59,-0.00]
[2026-07-18 23:08:44.624] [ge] [info] [main.cpp:397] onEvent type=0x1200
[2026-07-18 23:08:44.624] [ge] [info] [main.cpp:423] ACCEL accel=[+0.14,+0.00,+0.00] gravity=[-1.43,-0.00]
[2026-07-18 23:08:44.632] [ge] [info] [main.cpp:397] onEvent type=0x1200
[2026-07-18 23:08:44.632] [ge] [info] [main.cpp:423] ACCEL accel=[+0.13,+0.00,+0.00] gravity=[-1.29,-0.00]
[2026-07-18 23:08:44.640] [ge] [info] [main.cpp:397] onEvent type=0x1200
[2026-07-18 23:08:44.640] [ge] [info] [main.cpp:423] ACCEL accel=[+0.12,+0.00,+0.00] gravity=[-1.16,-0.00]
[2026-07-18 23:08:44.648] [ge] [info] [main.cpp:397] onEvent type=0x1200
[2026-07-18 23:08:44.648] [ge] [info] [main.cpp:423] ACCEL accel=[+0.10,+0.00,+0.00] gravity=[-1.05,-0.00]
[2026-07-18 23:08:44.657] [ge] [info] [main.cpp:397] onEvent type=0x1200
[2026-07-18 23:08:44.657] [ge] [info] [main.cpp:423] ACCEL accel=[+0.09,+0.00,+0.00] gravity=[-0.94,-0.00]
[2026-07-18 23:08:44.665] [ge] [info] [main.cpp:397] onEvent type=0x1200
[2026-07-18 23:08:44.665] [ge] [info] [main.cpp:423] ACCEL accel=[+0.08,+0.00,+0.00] gravity=[-0.85,-0.00]
[2026-07-18 23:08:44.673] [ge] [info] [main.cpp:397] onEvent type=0x1200
[2026-07-18 23:08:44.673] [ge] [info] [main.cpp:423] ACCEL accel=[+0.08,+0.00,+0.00] gravity=[-0.77,-0.00]
[2026-07-18 23:08:44.682] [ge] [info] [main.cpp:397] onEvent type=0x1200
[2026-07-18 23:08:44.682] [ge] [info] [main.cpp:423] ACCEL accel=[+0.07,+0.00,+0.00] gravity=[-0.69,-0.00]
[2026-07-18 23:08:44.690] [ge] [info] [main.cpp:397] onEvent type=0x1200
[2026-07-18 23:08:44.690] [ge] [info] [main.cpp:423] ACCEL accel=[+0.06,+0.00,+0.00] gravity=[-0.62,-0.00]
[2026-07-18 23:08:44.698] [ge] [info] [main.cpp:397] onEvent type=0x1200
[2026-07-18 23:08:44.698] [ge] [info] [main.cpp:423] ACCEL accel=[+0.06,+0.00,+0.00] gravity=[-0.56,-0.00]
[2026-07-18 23:08:44.707] [ge] [info] [main.cpp:397] onEvent type=0x1200
[2026-07-18 23:08:44.707] [ge] [info] [main.cpp:423] ACCEL accel=[+0.05,+0.00,+0.00] gravity=[-0.51,-0.00]
[2026-07-18 23:08:44.715] [ge] [info] [main.cpp:397] onEvent type=0x1200
[2026-07-18 23:08:44.715] [ge] [info] [main.cpp:423] ACCEL accel=[+0.05,+0.00,+0.00] gravity=[-0.45,-0.00]
[2026-07-18 23:08:44.723] [ge] [info] [main.cpp:397] onEvent type=0x1200
[2026-07-18 23:08:44.723] [ge] [info] [main.cpp:423] ACCEL accel=[+0.04,+0.00,+0.00] gravity=[-0.41,-0.00]
[2026-07-18 23:08:44.732] [ge] [info] [main.cpp:397] onEvent type=0x1200
[2026-07-18 23:08:44.732] [ge] [info] [main.cpp:423] ACCEL accel=[+0.04,+0.00,+0.00] gravity=[-0.37,-0.00]
[2026-07-18 23:08:44.740] [ge] [info] [main.cpp:397] onEvent type=0x1200
[2026-07-18 23:08:44.740] [ge] [info] [main.cpp:423] ACCEL accel=[+0.03,+0.00,+0.00] gravity=[-0.33,-0.00]
[2026-07-18 23:08:44.748] [ge] [info] [main.cpp:397] onEvent type=0x1200
[2026-07-18 23:08:44.748] [ge] [info] [main.cpp:423] ACCEL accel=[+0.03,+0.00,+0.00] gravity=[-0.30,-0.00]
[2026-07-18 23:08:44.757] [ge] [info] [main.cpp:397] onEvent type=0x1200
[2026-07-18 23:08:44.757] [ge] [info] [main.cpp:423] ACCEL accel=[+0.03,+0.00,+0.00] gravity=[-0.27,-0.00]
[2026-07-18 23:08:44.765] [ge] [info] [main.cpp:397] onEvent type=0x1200
[2026-07-18 23:08:44.765] [ge] [info] [main.cpp:423] ACCEL accel=[+0.02,+0.00,+0.00] gravity=[-0.24,-0.00]
[2026-07-18 23:08:44.773] [ge] [info] [main.cpp:397] onEvent type=0x1200
[2026-07-18 23:08:44.773] [ge] [info] [main.cpp:423] ACCEL accel=[+0.02,+0.00,+0.00] gravity=[-0.22,-0.00]
[2026-07-18 23:08:44.782] [ge] [info] [main.cpp:358] tick: dt=0.0084 g=[-0.22,-0.00] pose=[-12.83,6.71,1.57] grip=[30,30] pro=false
[2026-07-18 23:08:44.782] [ge] [info] [main.cpp:397] onEvent type=0x1200
[2026-07-18 23:08:44.782] [ge] [info] [main.cpp:423] ACCEL accel=[+0.02,+0.00,+0.00] gravity=[-0.20,-0.00]
[2026-07-18 23:08:44.790] [ge] [info] [main.cpp:397] onEvent type=0x1200
[2026-07-18 23:08:44.790] [ge] [info] [main.cpp:423] ACCEL accel=[+0.02,+0.00,+0.00] gravity=[-0.18,-0.00]
[2026-07-18 23:08:44.798] [ge] [info] [main.cpp:397] onEvent type=0x1200
[2026-07-18 23:08:44.798] [ge] [info] [main.cpp:423] ACCEL accel=[+0.02,+0.00,+0.00] gravity=[-0.16,-0.00]
[2026-07-18 23:08:44.807] [ge] [info] [main.cpp:397] onEvent type=0x1200
[2026-07-18 23:08:44.807] [ge] [info] [main.cpp:423] ACCEL accel=[+0.01,+0.00,+0.00] gravity=[-0.14,-0.00]
[2026-07-18 23:08:44.815] [ge] [info] [main.cpp:397] onEvent type=0x1200
[2026-07-18 23:08:44.815] [ge] [info] [main.cpp:423] ACCEL accel=[+0.01,+0.00,+0.00] gravity=[-0.13,-0.00]
[2026-07-18 23:08:44.823] [ge] [info] [main.cpp:397] onEvent type=0x1200
[2026-07-18 23:08:44.823] [ge] [info] [main.cpp:423] ACCEL accel=[+0.00,+0.00,+0.00] gravity=[-0.00,-0.00]
[2026-07-18 23:08:45.049] [ge] [info] [main.cpp:347] tiltbuggy: pose → db [-12.83,6.71,1.57] t=3.6
[2026-07-18 23:08:45.240] [ge] [info] [main.cpp:433] TiltBuggy shutdown
[2026-07-18 23:08:45.246] [ge] [info] [SokolContext.mm:54] SokolContext destroyed
