[2026-07-18 23:08:34.714] [info] [iap.cpp:160] ge::iap: mode resolved to 'stub'
[2026-07-18 23:08:34.714] [info] [main.cpp:198] iap: restore complete ok=true error=
[2026-07-18 23:08:34.761] [ge] [info] [SessionHost_server.mm:98] runServer: 'tiltbuggy' streaming to relay 127.0.0.1:3131
[2026-07-18 23:08:34.762] [ge] [info] [SessionHost_server.mm:126] runServer: console stream host (not a desktop game window)
[2026-07-18 23:08:34.763] [ge] [info] [ServerSession.mm:501] ServerSession: connected to relay 127.0.0.1:3131 as 'tiltbuggy'
[2026-07-18 23:08:34.817] [ge] [info] [SokolContext.mm:180] SokolContext: 2048x1536 Metal (Apple M4 Max)
[2026-07-18 23:08:34.818] [ge] [info] [DirectRenderHost.mm:456] DirectRenderHost: gesture accelerometer synthesis enabled (armOnPrimary=false)
[2026-07-18 23:08:34.818] [ge] [info] [DirectRenderHost.mm:473] DirectRenderHost: GE_SENSOR_TRACE on (/Users/marcelo/work/github.com/squz/ge/verdicts/T156.6/20260718T130828Z/shift-stream.trace)
[2026-07-18 23:08:34.818] [ge] [info] [DirectRenderHost.mm:476] DirectRenderHost: 2048x1536
[2026-07-18 23:08:34.818] [ge] [info] [DirectRenderHost.mm:506] DirectRenderHost: stream server ephemeral db (:memory:)
[2026-07-18 23:08:34.818] [ge] [info] [Context.cpp:64] Context: opening db path=':memory:' schemaDdl=145B
[2026-07-18 23:08:34.819] [ge] [info] [Context.cpp:67] Context: db open ok
[2026-07-18 23:08:34.819] [ge] [info] [DirectRenderHost.mm:522] DirectRenderHost: Context ready — applying safe insets
[2026-07-18 23:08:34.819] [ge] [info] [DirectRenderHost.mm:524] DirectRenderHost: drawSafe insets applied
[2026-07-18 23:08:34.819] [ge] [info] [DirectRenderHost.mm:526] DirectRenderHost: uiSafe insets applied
[2026-07-18 23:08:34.819] [ge] [info] [DirectRenderHost.mm:586] DirectRenderHost: constructor complete
[2026-07-18 23:08:34.819] [ge] [info] [ServerSession.mm:578] ServerSession: SP2T working db bound (ok, schema=145 bytes)
[2026-07-18 23:08:34.884] [ge] [info] [main.cpp:397] onEvent type=0x305
[2026-07-18 23:08:34.884] [ge] [info] [main.cpp:397] onEvent type=0x404
[2026-07-18 23:08:34.884] [ge] [info] [main.cpp:397] onEvent type=0x214
[2026-07-18 23:08:35.320] [ge] [info] [main.cpp:347] tiltbuggy: pose → db [0.00,0.00,0.00] t=0.6
[2026-07-18 23:08:35.803] [ge] [info] [main.cpp:358] tick: dt=0.0167 g=[0.00,0.00] pose=[0.00,0.00,0.00] grip=[150,150] pro=false
[2026-07-18 23:08:35.836] [ge] [info] [main.cpp:347] tiltbuggy: pose → db [0.00,0.00,0.00] t=1.1
[2026-07-18 23:08:36.336] [ge] [info] [main.cpp:347] tiltbuggy: pose → db [0.00,0.00,0.00] t=1.6
[2026-07-18 23:08:36.341] [ge] [info] [ServerSession.mm:219] ServerSession: SessionConfig sensors=0x1 orientation=254 transport=0 flags=0x3 (immersive=1 noSaver=1) session=s1
[2026-07-18 23:08:36.341] [ge] [info] [ServerSession.mm:230] ServerSession: player attached (session s1), wires=1 primary=1
[2026-07-18 23:08:36.342] [ge] [info] [ServerSession.mm:379] ServerSession: player DeviceInfo 2048x1536 @1x class=3 ui=(0,0 2048x1536) draw=(0,0 2048x1536) caps=0x3
[2026-07-18 23:08:36.342] [ge] [info] [ServerSession.mm:481] ServerSession: transport=cmdstream (player_cmdstream=true force_h264=false)
[2026-07-18 23:08:36.342] [ge] [info] [ServerSession.mm:486] ServerSession: cmdstream LiveCapture armed (sprite runs)
[2026-07-18 23:08:36.346] [ge] [info] [ServerSession.mm:445] ServerSession: SP2T snapshot applied (24576 bytes, schemaDdl=145B retained for bind)
[2026-07-18 23:08:36.347] [ge] [info] [ServerSession.mm:379] ServerSession: player DeviceInfo 2048x1536 @1x class=3 ui=(0,0 2048x1536) draw=(0,0 2048x1536) caps=0x3
[2026-07-18 23:08:36.347] [ge] [info] [ServerSession.mm:379] ServerSession: player DeviceInfo 2048x1536 @1x class=3 ui=(0,0 2048x1536) draw=(0,0 2048x1536) caps=0x3
[2026-07-18 23:08:36.353] [ge] [info] [DirectRenderHost.mm:1100] DirectRenderHost: seat sensor authority = host AccelSynth
[2026-07-18 23:08:36.353] [ge] [info] [ServerSession.mm:283] ServerSession: SP2A arm=0 → primary seat
[2026-07-18 23:08:36.360] [ge] [info] [ServerSession.mm:658] ServerSession: SP2S frame#1 wire=2923657B runs=6 full_blobs=15 refs=4 full_blob_bytes=2922822
[2026-07-18 23:08:36.360] [ge] [info] [ServerSession.mm:161] ServerSession: SP2T snapshot pushed (24576 bytes, stream)
[2026-07-18 23:08:36.370] [ge] [info] [ServerSession.mm:658] ServerSession: SP2S frame#2 wire=469B runs=6 full_blobs=0 refs=12 full_blob_bytes=0
[2026-07-18 23:08:36.386] [ge] [info] [ServerSession.mm:658] ServerSession: SP2S frame#3 wire=469B runs=6 full_blobs=0 refs=12 full_blob_bytes=0
[2026-07-18 23:08:36.403] [ge] [info] [ServerSession.mm:658] ServerSession: SP2S frame#4 wire=469B runs=6 full_blobs=0 refs=12 full_blob_bytes=0
[2026-07-18 23:08:36.420] [ge] [info] [ServerSession.mm:658] ServerSession: SP2S frame#5 wire=469B runs=6 full_blobs=0 refs=12 full_blob_bytes=0
[2026-07-18 23:08:36.803] [ge] [info] [main.cpp:358] tick: dt=0.0167 g=[0.00,0.00] pose=[0.00,0.00,0.00] grip=[150,150] pro=false
[2026-07-18 23:08:36.853] [ge] [info] [main.cpp:347] tiltbuggy: pose → db [0.00,0.00,0.00] t=2.1
[2026-07-18 23:08:36.870] [ge] [info] [ServerSession.mm:161] ServerSession: SP2T snapshot pushed (24576 bytes, stream)
[2026-07-18 23:08:37.336] [ge] [info] [ServerSession.mm:658] ServerSession: SP2S frame#60 wire=469B runs=6 full_blobs=0 refs=12 full_blob_bytes=0
[2026-07-18 23:08:37.369] [ge] [info] [main.cpp:347] tiltbuggy: pose → db [0.00,0.00,0.00] t=2.6
[2026-07-18 23:08:37.370] [ge] [info] [ServerSession.mm:161] ServerSession: SP2T snapshot pushed (24576 bytes, stream)
[2026-07-18 23:08:37.803] [ge] [info] [main.cpp:358] tick: dt=0.0167 g=[0.00,0.00] pose=[0.00,0.00,0.00] grip=[150,150] pro=false
[2026-07-18 23:08:37.853] [ge] [info] [main.cpp:397] onEvent type=0x1200
[2026-07-18 23:08:37.853] [ge] [info] [main.cpp:423] ACCEL accel=[+0.00,+0.00,+0.00] gravity=[-0.00,-0.00]
[2026-07-18 23:08:37.853] [ge] [info] [ServerSession.mm:283] ServerSession: SP2A arm=1 → primary seat
[2026-07-18 23:08:37.870] [ge] [info] [main.cpp:347] tiltbuggy: pose → db [0.00,0.00,0.00] t=3.1
[2026-07-18 23:08:37.870] [ge] [info] [main.cpp:397] onEvent type=0x1200
[2026-07-18 23:08:37.870] [ge] [info] [main.cpp:423] ACCEL accel=[+0.00,+0.00,+0.00] gravity=[-0.00,-0.00]
[2026-07-18 23:08:37.870] [ge] [info] [ServerSession.mm:161] ServerSession: SP2T snapshot pushed (24576 bytes, stream)
[2026-07-18 23:08:37.886] [ge] [info] [main.cpp:397] onEvent type=0x1200
[2026-07-18 23:08:37.886] [ge] [info] [main.cpp:423] ACCEL accel=[+0.00,+0.00,+0.00] gravity=[-0.00,-0.00]
[2026-07-18 23:08:37.903] [ge] [info] [main.cpp:397] onEvent type=0x1200
[2026-07-18 23:08:37.903] [ge] [info] [main.cpp:423] ACCEL accel=[+1.27,+0.00,+0.00] gravity=[-12.72,-0.00]
[2026-07-18 23:08:37.903] [ge] [info] [main.cpp:397] onEvent type=0x1200
[2026-07-18 23:08:37.903] [ge] [info] [main.cpp:423] ACCEL accel=[+1.27,+0.00,+0.00] gravity=[-12.72,-0.00]
... [truncated:      280 lines] ...
[2026-07-18 23:08:39.169] [ge] [info] [main.cpp:423] ACCEL accel=[+2.06,+0.00,+0.00] gravity=[-20.56,-0.00]
[2026-07-18 23:08:39.186] [ge] [info] [main.cpp:397] onEvent type=0x1200
[2026-07-18 23:08:39.186] [ge] [info] [main.cpp:423] ACCEL accel=[+1.67,+0.00,+0.00] gravity=[-16.74,-0.00]
[2026-07-18 23:08:39.203] [ge] [info] [main.cpp:397] onEvent type=0x1200
[2026-07-18 23:08:39.203] [ge] [info] [main.cpp:423] ACCEL accel=[+1.36,+0.00,+0.00] gravity=[-13.61,-0.00]
[2026-07-18 23:08:39.219] [ge] [info] [main.cpp:397] onEvent type=0x1200
[2026-07-18 23:08:39.220] [ge] [info] [main.cpp:423] ACCEL accel=[+1.11,+0.00,+0.00] gravity=[-11.06,-0.00]
[2026-07-18 23:08:39.236] [ge] [info] [main.cpp:397] onEvent type=0x1200
[2026-07-18 23:08:39.236] [ge] [info] [main.cpp:423] ACCEL accel=[+0.90,+0.00,+0.00] gravity=[-8.99,-0.00]
[2026-07-18 23:08:39.253] [ge] [info] [main.cpp:397] onEvent type=0x1200
[2026-07-18 23:08:39.253] [ge] [info] [main.cpp:423] ACCEL accel=[+0.73,+0.00,+0.00] gravity=[-7.30,-0.00]
[2026-07-18 23:08:39.269] [ge] [info] [main.cpp:397] onEvent type=0x1200
[2026-07-18 23:08:39.269] [ge] [info] [main.cpp:423] ACCEL accel=[+0.59,+0.00,+0.00] gravity=[-5.93,-0.00]
[2026-07-18 23:08:39.286] [ge] [info] [main.cpp:397] onEvent type=0x1200
[2026-07-18 23:08:39.286] [ge] [info] [main.cpp:423] ACCEL accel=[+0.48,+0.00,+0.00] gravity=[-4.82,-0.00]
[2026-07-18 23:08:39.303] [ge] [info] [main.cpp:397] onEvent type=0x1200
[2026-07-18 23:08:39.303] [ge] [info] [main.cpp:423] ACCEL accel=[+0.39,+0.00,+0.00] gravity=[-3.91,-0.00]
[2026-07-18 23:08:39.319] [ge] [info] [main.cpp:397] onEvent type=0x1200
[2026-07-18 23:08:39.319] [ge] [info] [main.cpp:423] ACCEL accel=[+0.32,+0.00,+0.00] gravity=[-3.18,-0.00]
[2026-07-18 23:08:39.336] [ge] [info] [main.cpp:397] onEvent type=0x1200
[2026-07-18 23:08:39.336] [ge] [info] [main.cpp:423] ACCEL accel=[+0.26,+0.00,+0.00] gravity=[-2.58,-0.00]
[2026-07-18 23:08:39.336] [ge] [info] [ServerSession.mm:658] ServerSession: SP2S frame#180 wire=685B runs=6 full_blobs=2 refs=10 full_blob_bytes=208
[2026-07-18 23:08:39.353] [ge] [info] [main.cpp:397] onEvent type=0x1200
[2026-07-18 23:08:39.353] [ge] [info] [main.cpp:423] ACCEL accel=[+0.21,+0.00,+0.00] gravity=[-2.09,-0.00]
[2026-07-18 23:08:39.369] [ge] [info] [main.cpp:397] onEvent type=0x1200
[2026-07-18 23:08:39.369] [ge] [info] [main.cpp:423] ACCEL accel=[+0.17,+0.00,+0.00] gravity=[-1.70,-0.00]
[2026-07-18 23:08:39.386] [ge] [info] [main.cpp:397] onEvent type=0x1200
[2026-07-18 23:08:39.386] [ge] [info] [main.cpp:423] ACCEL accel=[+0.14,+0.00,+0.00] gravity=[-1.38,-0.00]
[2026-07-18 23:08:39.403] [ge] [info] [main.cpp:347] tiltbuggy: pose → db [-4.62,3.44,0.88] t=4.6
[2026-07-18 23:08:39.403] [ge] [info] [main.cpp:397] onEvent type=0x1200
[2026-07-18 23:08:39.403] [ge] [info] [main.cpp:423] ACCEL accel=[+0.11,+0.00,+0.00] gravity=[-1.12,-0.00]
[2026-07-18 23:08:39.403] [ge] [info] [ServerSession.mm:161] ServerSession: SP2T snapshot pushed (24576 bytes, stream)
[2026-07-18 23:08:39.419] [ge] [info] [main.cpp:397] onEvent type=0x1200
[2026-07-18 23:08:39.419] [ge] [info] [main.cpp:423] ACCEL accel=[+0.09,+0.00,+0.00] gravity=[-0.91,-0.00]
[2026-07-18 23:08:39.436] [ge] [info] [main.cpp:397] onEvent type=0x1200
[2026-07-18 23:08:39.436] [ge] [info] [main.cpp:423] ACCEL accel=[+0.07,+0.00,+0.00] gravity=[-0.74,-0.00]
[2026-07-18 23:08:39.453] [ge] [info] [main.cpp:397] onEvent type=0x1200
[2026-07-18 23:08:39.453] [ge] [info] [main.cpp:423] ACCEL accel=[+0.06,+0.00,+0.00] gravity=[-0.60,-0.00]
[2026-07-18 23:08:39.470] [ge] [info] [main.cpp:397] onEvent type=0x1200
[2026-07-18 23:08:39.470] [ge] [info] [main.cpp:423] ACCEL accel=[+0.05,+0.00,+0.00] gravity=[-0.49,-0.00]
[2026-07-18 23:08:39.486] [ge] [info] [main.cpp:397] onEvent type=0x1200
[2026-07-18 23:08:39.486] [ge] [info] [main.cpp:423] ACCEL accel=[+0.04,+0.00,+0.00] gravity=[-0.40,-0.00]
[2026-07-18 23:08:39.503] [ge] [info] [main.cpp:397] onEvent type=0x1200
[2026-07-18 23:08:39.503] [ge] [info] [main.cpp:423] ACCEL accel=[+0.03,+0.00,+0.00] gravity=[-0.32,-0.00]
[2026-07-18 23:08:39.519] [ge] [info] [main.cpp:397] onEvent type=0x1200
[2026-07-18 23:08:39.519] [ge] [info] [main.cpp:423] ACCEL accel=[+0.03,+0.00,+0.00] gravity=[-0.26,-0.00]
[2026-07-18 23:08:39.536] [ge] [info] [main.cpp:397] onEvent type=0x1200
[2026-07-18 23:08:39.536] [ge] [info] [main.cpp:423] ACCEL accel=[+0.02,+0.00,+0.00] gravity=[-0.21,-0.00]
[2026-07-18 23:08:39.553] [ge] [info] [main.cpp:397] onEvent type=0x1200
[2026-07-18 23:08:39.553] [ge] [info] [main.cpp:423] ACCEL accel=[+0.02,+0.00,+0.00] gravity=[-0.17,-0.00]
[2026-07-18 23:08:39.569] [ge] [info] [main.cpp:397] onEvent type=0x1200
[2026-07-18 23:08:39.570] [ge] [info] [main.cpp:423] ACCEL accel=[+0.01,+0.00,+0.00] gravity=[-0.14,-0.00]
[2026-07-18 23:08:39.586] [ge] [info] [main.cpp:397] onEvent type=0x1200
[2026-07-18 23:08:39.586] [ge] [info] [main.cpp:423] ACCEL accel=[+0.00,+0.00,+0.00] gravity=[-0.00,-0.00]
[2026-07-18 23:08:39.803] [ge] [info] [main.cpp:358] tick: dt=0.0167 g=[-0.00,-0.00] pose=[-0.89,7.41,0.69] grip=[150,150] pro=false
[2026-07-18 23:08:39.920] [ge] [info] [main.cpp:347] tiltbuggy: pose → db [0.32,8.42,0.70] t=5.2
[2026-07-18 23:08:39.920] [ge] [info] [ServerSession.mm:161] ServerSession: SP2T snapshot pushed (24576 bytes, stream)
[2026-07-18 23:08:40.047] [ge] [info] [ServerSession.mm:327] ServerSession: primary seat detached; no seats left
[2026-07-18 23:08:40.048] [ge] [info] [ServerSession.mm:263] ServerSession: player detached (all sessions)
[2026-07-18 23:08:40.053] [ge] [info] [main.cpp:433] TiltBuggy shutdown
