[2026-07-18 23:08:36.338] [info] [player_core.cpp:45] spyder player starting (H.264 + SP2S cmdstream)
[2026-07-18 23:08:36.341] [info] [PlayerWireBridge.cpp:143] PlayerWireBridge: connected to stream relay
[2026-07-18 23:08:36.341] [info] [player_core.cpp:71] SessionConfig: sensors=0x1 orientation=254 transport=0 flags=0x3
[2026-07-18 23:08:36.342] [info] [PlayerRender.cpp:147] PlayerRender: window 2048x1536 for orientation=254
[2026-07-18 23:08:36.342] [info] [PlayerRender.cpp:155] PlayerRender: headless — no renderer/decoder
[2026-07-18 23:08:36.342] [info] [PlayerRender.cpp:229] PlayerRender: no local accelerometer — tilt gestures (Shift+drag) forward to the server's synthesizer
[2026-07-18 23:08:36.342] [info] [player_core.cpp:150] orientation settle: window 2048x1536 after 0ms
[2026-07-18 23:08:36.342] [info] [player_core.cpp:183] DeviceInfo 2048x1536 @1x class=3 safe=(0,0 2048x1536) draw=(0,0 2048x1536)
[2026-07-18 23:08:36.346] [info] [player_core.cpp:211] SP2T: opened durable db /Users/marcelo/Library/Application Support/squz/spyder-player/games/tiltbuggy.db
[2026-07-18 23:08:36.346] [info] [PlayerWireBridge.cpp:225] PlayerWireBridge: SP2T snapshot sent (24576 bytes)
[2026-07-18 23:08:36.346] [info] [player_core.cpp:235] SP2T: seeded server from player durable db /Users/marcelo/Library/Application Support/squz/spyder-player/games/tiltbuggy.db (24576 bytes, game=tiltbuggy)
[2026-07-18 23:08:36.346] [info] [player_core.cpp:245] player: entering main loop (wire open=true)
[2026-07-18 23:08:36.346] [info] [player_core.cpp:312] player: input script loaded (/Users/marcelo/work/github.com/squz/ge/verdicts/T156.6/20260718T130828Z/gesture-shift.txt)
[2026-07-18 23:08:36.346] [info] [PlayerWireBridge.cpp:689] PlayerWireBridge: SessionConfig update transport=cmdstream
[2026-07-18 23:08:36.346] [info] [player_core.cpp:258] player: SessionConfig mid-session — re-sending DeviceInfo
[2026-07-18 23:08:36.353] [info] [PlayerWireBridge.cpp:676] PlayerWireBridge: SP2A arm=0
[2026-07-18 23:08:36.393] [info] [PlayerWireBridge.cpp:655] PlayerWireBridge: SP2S SpriteRun seq=0 wire=2923657B runs=6 qdepth=1 cache=15 full=15 refs=4
[2026-07-18 23:08:36.393] [info] [PlayerWireBridge.cpp:704] PlayerWireBridge: SP2T snapshot received (24576 bytes)
[2026-07-18 23:08:36.393] [info] [PlayerWireBridge.cpp:655] PlayerWireBridge: SP2S SpriteRun seq=1 wire=469B runs=6 qdepth=2 cache=15 full=0 refs=12
[2026-07-18 23:08:36.393] [info] [PlayerWireBridge.cpp:655] PlayerWireBridge: SP2S SpriteRun seq=2 wire=469B runs=6 qdepth=3 cache=15 full=0 refs=12
[2026-07-18 23:08:36.393] [info] [player_core.cpp:367] SP2T: wrote durable snapshot /Users/marcelo/Library/Application Support/squz/spyder-player/games/tiltbuggy.db (24576 bytes, game=tiltbuggy)
[2026-07-18 23:08:36.870] [info] [PlayerWireBridge.cpp:704] PlayerWireBridge: SP2T snapshot received (24576 bytes)
[2026-07-18 23:08:36.870] [info] [player_core.cpp:367] SP2T: wrote durable snapshot /Users/marcelo/Library/Application Support/squz/spyder-player/games/tiltbuggy.db (24576 bytes, game=tiltbuggy)
[2026-07-18 23:08:37.347] [info] [player_core.cpp:553] PlayerFPS: 59.9 fps over 1.00s (60 frames) cmdstream=0 last_wire=0B last_seq=0
[2026-07-18 23:08:37.353] [info] [PlayerWireBridge.cpp:655] PlayerWireBridge: SP2S SpriteRun seq=60 wire=469B runs=6 qdepth=1 cache=15 full=0 refs=12
[2026-07-18 23:08:37.370] [info] [PlayerWireBridge.cpp:704] PlayerWireBridge: SP2T snapshot received (24576 bytes)
[2026-07-18 23:08:37.370] [info] [player_core.cpp:367] SP2T: wrote durable snapshot /Users/marcelo/Library/Application Support/squz/spyder-player/games/tiltbuggy.db (24576 bytes, game=tiltbuggy)
[2026-07-18 23:08:37.853] [info] [PlayerWireBridge.cpp:676] PlayerWireBridge: SP2A arm=1
[2026-07-18 23:08:37.870] [info] [PlayerWireBridge.cpp:704] PlayerWireBridge: SP2T snapshot received (24576 bytes)
[2026-07-18 23:08:37.870] [info] [player_core.cpp:367] SP2T: wrote durable snapshot /Users/marcelo/Library/Application Support/squz/spyder-player/games/tiltbuggy.db (24576 bytes, game=tiltbuggy)
[2026-07-18 23:08:38.347] [info] [player_core.cpp:553] PlayerFPS: 60.0 fps over 1.00s (60 frames) cmdstream=0 last_wire=0B last_seq=0
[2026-07-18 23:08:38.353] [info] [PlayerWireBridge.cpp:655] PlayerWireBridge: SP2S SpriteRun seq=120 wire=617B runs=6 qdepth=1 cache=45 full=1 refs=11
[2026-07-18 23:08:38.386] [info] [PlayerWireBridge.cpp:704] PlayerWireBridge: SP2T snapshot received (24576 bytes)
[2026-07-18 23:08:38.387] [info] [player_core.cpp:367] SP2T: wrote durable snapshot /Users/marcelo/Library/Application Support/squz/spyder-player/games/tiltbuggy.db (24576 bytes, game=tiltbuggy)
[2026-07-18 23:08:38.903] [info] [PlayerWireBridge.cpp:704] PlayerWireBridge: SP2T snapshot received (24576 bytes)
[2026-07-18 23:08:38.903] [info] [player_core.cpp:367] SP2T: wrote durable snapshot /Users/marcelo/Library/Application Support/squz/spyder-player/games/tiltbuggy.db (24576 bytes, game=tiltbuggy)
[2026-07-18 23:08:39.153] [info] [PlayerWireBridge.cpp:676] PlayerWireBridge: SP2A arm=0
[2026-07-18 23:08:39.347] [info] [player_core.cpp:553] PlayerFPS: 60.0 fps over 1.00s (60 frames) cmdstream=0 last_wire=0B last_seq=0
[2026-07-18 23:08:39.353] [info] [PlayerWireBridge.cpp:655] PlayerWireBridge: SP2S SpriteRun seq=180 wire=685B runs=6 qdepth=1 cache=117 full=2 refs=10
[2026-07-18 23:08:39.403] [info] [PlayerWireBridge.cpp:704] PlayerWireBridge: SP2T snapshot received (24576 bytes)
[2026-07-18 23:08:39.403] [info] [player_core.cpp:367] SP2T: wrote durable snapshot /Users/marcelo/Library/Application Support/squz/spyder-player/games/tiltbuggy.db (24576 bytes, game=tiltbuggy)
[2026-07-18 23:08:39.920] [info] [PlayerWireBridge.cpp:704] PlayerWireBridge: SP2T snapshot received (24576 bytes)
[2026-07-18 23:08:39.920] [info] [player_core.cpp:367] SP2T: wrote durable snapshot /Users/marcelo/Library/Application Support/squz/spyder-player/games/tiltbuggy.db (24576 bytes, game=tiltbuggy)
[2026-07-18 23:08:40.046] [info] [player_core.cpp:417] player: script complete — exiting
[2026-07-18 23:08:40.047] [info] [player_core.cpp:572] Player exited (222 frames decoded)
[2026-07-18 23:08:40.373] [info] [player_core.cpp:300] PlayerLog: 4261431 ticks, 120 decoded (4261314 empty), seq 2-119 (1 gaps), maxDrain=0.0ms maxRender=0.0ms maxGap=31.5ms pump avg=0.0/max=31.5ms ev avg=0.0/max=0.3ms upload avg=0.0/max=0.0ms
