[2026-07-19 09:10:42.036] [info] [player_core.cpp:45] spyder player starting (H.264 + SP2S cmdstream)
[2026-07-19 09:10:42.039] [info] [PlayerWireBridge.cpp:143] PlayerWireBridge: connected to stream relay
[2026-07-19 09:10:42.094] [info] [player_core.cpp:71] SessionConfig: sensors=0x1 orientation=254 transport=0 flags=0x3
[2026-07-19 09:10:42.094] [info] [PlayerRender.cpp:147] PlayerRender: window 1180x820 for orientation=254
[2026-07-19 09:10:42.095] [info] [PlayerRender.cpp:155] PlayerRender: headless — no renderer/decoder
[2026-07-19 09:10:42.095] [info] [PlayerRender.cpp:229] PlayerRender: no local accelerometer — tilt gestures (Shift+drag) forward to the server's synthesizer
[2026-07-19 09:10:42.095] [info] [player_core.cpp:150] orientation settle: window 1180x820 after 0ms
[2026-07-19 09:10:42.095] [info] [player_core.cpp:183] DeviceInfo 1180x820 @1x class=2 safe=(0,0 1180x820) draw=(0,0 1180x820)
[2026-07-19 09:10:42.097] [info] [player_core.cpp:211] SP2T: opened durable db /Users/marcelo/Library/Application Support/squz/spyder-player/games/tiltbuggy.db
[2026-07-19 09:10:42.098] [info] [PlayerWireBridge.cpp:225] PlayerWireBridge: SP2T snapshot sent (24576 bytes)
[2026-07-19 09:10:42.098] [info] [player_core.cpp:235] SP2T: seeded server from player durable db /Users/marcelo/Library/Application Support/squz/spyder-player/games/tiltbuggy.db (24576 bytes, game=tiltbuggy)
[2026-07-19 09:10:42.098] [info] [player_core.cpp:245] player: entering main loop (wire open=true)
[2026-07-19 09:10:42.098] [info] [player_core.cpp:312] player: input script loaded (/Users/marcelo/work/github.com/squz/ge/verdicts/T163/20260718T231038Z/gesture-a.txt)
[2026-07-19 09:10:42.098] [info] [PlayerWireBridge.cpp:689] PlayerWireBridge: SessionConfig update transport=cmdstream
[2026-07-19 09:10:42.098] [info] [player_core.cpp:258] player: SessionConfig mid-session — re-sending DeviceInfo
[2026-07-19 09:10:42.162] [info] [PlayerWireBridge.cpp:676] PlayerWireBridge: SP2A arm=0
[2026-07-19 09:10:42.226] [info] [PlayerWireBridge.cpp:655] PlayerWireBridge: SP2S SpriteRun seq=0 wire=2925961B runs=6 qdepth=1 cache=15 full=15 refs=4
[2026-07-19 09:10:42.226] [info] [PlayerWireBridge.cpp:704] PlayerWireBridge: SP2T snapshot received (24576 bytes)
[2026-07-19 09:10:42.226] [info] [PlayerWireBridge.cpp:655] PlayerWireBridge: SP2S SpriteRun seq=1 wire=469B runs=6 qdepth=2 cache=15 full=0 refs=12
[2026-07-19 09:10:42.226] [info] [PlayerWireBridge.cpp:655] PlayerWireBridge: SP2S SpriteRun seq=2 wire=469B runs=6 qdepth=3 cache=15 full=0 refs=12
[2026-07-19 09:10:42.226] [info] [player_core.cpp:367] SP2T: wrote durable snapshot /Users/marcelo/Library/Application Support/squz/spyder-player/games/tiltbuggy.db (24576 bytes, game=tiltbuggy)
[2026-07-19 09:10:42.712] [info] [PlayerWireBridge.cpp:704] PlayerWireBridge: SP2T snapshot received (24576 bytes)
[2026-07-19 09:10:42.713] [info] [player_core.cpp:367] SP2T: wrote durable snapshot /Users/marcelo/Library/Application Support/squz/spyder-player/games/tiltbuggy.db (24576 bytes, game=tiltbuggy)
[2026-07-19 09:10:43.098] [info] [player_core.cpp:553] PlayerFPS: 58.0 fps over 1.00s (58 frames) cmdstream=0 last_wire=0B last_seq=0
[2026-07-19 09:10:43.146] [info] [PlayerWireBridge.cpp:655] PlayerWireBridge: SP2S SpriteRun seq=60 wire=469B runs=6 qdepth=1 cache=15 full=0 refs=12
[2026-07-19 09:10:43.229] [info] [PlayerWireBridge.cpp:704] PlayerWireBridge: SP2T snapshot received (24576 bytes)
[2026-07-19 09:10:43.229] [info] [player_core.cpp:367] SP2T: wrote durable snapshot /Users/marcelo/Library/Application Support/squz/spyder-player/games/tiltbuggy.db (24576 bytes, game=tiltbuggy)
[2026-07-19 09:10:43.746] [info] [PlayerWireBridge.cpp:704] PlayerWireBridge: SP2T snapshot received (24576 bytes)
[2026-07-19 09:10:43.746] [info] [player_core.cpp:367] SP2T: wrote durable snapshot /Users/marcelo/Library/Application Support/squz/spyder-player/games/tiltbuggy.db (24576 bytes, game=tiltbuggy)
[2026-07-19 09:10:44.099] [info] [player_core.cpp:553] PlayerFPS: 57.9 fps over 1.00s (58 frames) cmdstream=0 last_wire=0B last_seq=0
[2026-07-19 09:10:44.146] [info] [PlayerWireBridge.cpp:655] PlayerWireBridge: SP2S SpriteRun seq=120 wire=469B runs=6 qdepth=1 cache=15 full=0 refs=12
[2026-07-19 09:10:44.246] [info] [PlayerWireBridge.cpp:704] PlayerWireBridge: SP2T snapshot received (24576 bytes)
[2026-07-19 09:10:44.246] [info] [player_core.cpp:367] SP2T: wrote durable snapshot /Users/marcelo/Library/Application Support/squz/spyder-player/games/tiltbuggy.db (24576 bytes, game=tiltbuggy)
[2026-07-19 09:10:44.748] [info] [PlayerWireBridge.cpp:704] PlayerWireBridge: SP2T snapshot received (24576 bytes)
[2026-07-19 09:10:44.748] [info] [player_core.cpp:367] SP2T: wrote durable snapshot /Users/marcelo/Library/Application Support/squz/spyder-player/games/tiltbuggy.db (24576 bytes, game=tiltbuggy)
[2026-07-19 09:10:45.099] [info] [player_core.cpp:553] PlayerFPS: 62.0 fps over 1.00s (62 frames) cmdstream=0 last_wire=0B last_seq=0
[2026-07-19 09:10:45.146] [info] [PlayerWireBridge.cpp:655] PlayerWireBridge: SP2S SpriteRun seq=180 wire=617B runs=6 qdepth=1 cache=48 full=1 refs=11
[2026-07-19 09:10:45.263] [info] [PlayerWireBridge.cpp:704] PlayerWireBridge: SP2T snapshot received (24576 bytes)
[2026-07-19 09:10:45.263] [info] [player_core.cpp:367] SP2T: wrote durable snapshot /Users/marcelo/Library/Application Support/squz/spyder-player/games/tiltbuggy.db (24576 bytes, game=tiltbuggy)
[2026-07-19 09:10:45.779] [info] [PlayerWireBridge.cpp:704] PlayerWireBridge: SP2T snapshot received (24576 bytes)
[2026-07-19 09:10:45.779] [info] [player_core.cpp:367] SP2T: wrote durable snapshot /Users/marcelo/Library/Application Support/squz/spyder-player/games/tiltbuggy.db (24576 bytes, game=tiltbuggy)
[2026-07-19 09:10:46.099] [info] [player_core.cpp:553] PlayerFPS: 60.0 fps over 1.00s (60 frames) cmdstream=0 last_wire=0B last_seq=0
[2026-07-19 09:10:46.125] [info] [player_core.cpp:300] PlayerLog: 4239602 ticks, 118 decoded (4198584 empty), seq 3-117 (1 gaps), maxDrain=0.0ms maxRender=0.0ms maxGap=33.7ms pump avg=0.0/max=27.5ms ev avg=0.0/max=2.8ms upload avg=0.0/max=0.1ms
[2026-07-19 09:10:46.146] [info] [PlayerWireBridge.cpp:655] PlayerWireBridge: SP2S SpriteRun seq=240 wire=617B runs=6 qdepth=1 cache=108 full=1 refs=11
[2026-07-19 09:10:46.279] [info] [PlayerWireBridge.cpp:704] PlayerWireBridge: SP2T snapshot received (24576 bytes)
[2026-07-19 09:10:46.279] [info] [player_core.cpp:367] SP2T: wrote durable snapshot /Users/marcelo/Library/Application Support/squz/spyder-player/games/tiltbuggy.db (24576 bytes, game=tiltbuggy)
[2026-07-19 09:10:46.796] [info] [PlayerWireBridge.cpp:704] PlayerWireBridge: SP2T snapshot received (24576 bytes)
[2026-07-19 09:10:46.796] [info] [player_core.cpp:367] SP2T: wrote durable snapshot /Users/marcelo/Library/Application Support/squz/spyder-player/games/tiltbuggy.db (24576 bytes, game=tiltbuggy)
[2026-07-19 09:10:47.099] [info] [player_core.cpp:553] PlayerFPS: 60.0 fps over 1.00s (60 frames) cmdstream=0 last_wire=0B last_seq=0
[2026-07-19 09:10:47.146] [info] [PlayerWireBridge.cpp:655] PlayerWireBridge: SP2S SpriteRun seq=300 wire=617B runs=6 qdepth=1 cache=168 full=1 refs=11
[2026-07-19 09:10:47.313] [info] [PlayerWireBridge.cpp:704] PlayerWireBridge: SP2T snapshot received (24576 bytes)
[2026-07-19 09:10:47.313] [info] [player_core.cpp:367] SP2T: wrote durable snapshot /Users/marcelo/Library/Application Support/squz/spyder-player/games/tiltbuggy.db (24576 bytes, game=tiltbuggy)
[2026-07-19 09:10:47.812] [info] [PlayerWireBridge.cpp:704] PlayerWireBridge: SP2T snapshot received (24576 bytes)
[2026-07-19 09:10:47.813] [info] [player_core.cpp:367] SP2T: wrote durable snapshot /Users/marcelo/Library/Application Support/squz/spyder-player/games/tiltbuggy.db (24576 bytes, game=tiltbuggy)
[2026-07-19 09:10:48.099] [info] [player_core.cpp:553] PlayerFPS: 60.0 fps over 1.00s (60 frames) cmdstream=0 last_wire=0B last_seq=0
[2026-07-19 09:10:48.146] [info] [PlayerWireBridge.cpp:655] PlayerWireBridge: SP2S SpriteRun seq=360 wire=617B runs=6 qdepth=1 cache=228 full=1 refs=11
[2026-07-19 09:10:48.149] [info] [player_core.cpp:300] PlayerLog: 4387510 ticks, 120 decoded (4345325 empty), seq 118-237 (1 gaps), maxDrain=0.0ms maxRender=0.0ms maxGap=16.0ms pump avg=0.0/max=16.0ms ev avg=0.0/max=0.1ms upload avg=0.0/max=0.0ms
[2026-07-19 09:10:48.329] [info] [PlayerWireBridge.cpp:704] PlayerWireBridge: SP2T snapshot received (24576 bytes)
[2026-07-19 09:10:48.329] [info] [player_core.cpp:367] SP2T: wrote durable snapshot /Users/marcelo/Library/Application Support/squz/spyder-player/games/tiltbuggy.db (24576 bytes, game=tiltbuggy)
[2026-07-19 09:10:48.846] [info] [PlayerWireBridge.cpp:704] PlayerWireBridge: SP2T snapshot received (24576 bytes)
[2026-07-19 09:10:48.846] [info] [player_core.cpp:367] SP2T: wrote durable snapshot /Users/marcelo/Library/Application Support/squz/spyder-player/games/tiltbuggy.db (24576 bytes, game=tiltbuggy)
[2026-07-19 09:10:49.099] [info] [player_core.cpp:553] PlayerFPS: 60.0 fps over 1.00s (60 frames) cmdstream=0 last_wire=0B last_seq=0
[2026-07-19 09:10:49.146] [info] [PlayerWireBridge.cpp:655] PlayerWireBridge: SP2S SpriteRun seq=420 wire=617B runs=6 qdepth=1 cache=288 full=1 refs=11
[2026-07-19 09:10:49.346] [info] [PlayerWireBridge.cpp:704] PlayerWireBridge: SP2T snapshot received (24576 bytes)
[2026-07-19 09:10:49.346] [info] [player_core.cpp:367] SP2T: wrote durable snapshot /Users/marcelo/Library/Application Support/squz/spyder-player/games/tiltbuggy.db (24576 bytes, game=tiltbuggy)
[2026-07-19 09:10:49.846] [info] [PlayerWireBridge.cpp:704] PlayerWireBridge: SP2T snapshot received (24576 bytes)
[2026-07-19 09:10:49.846] [info] [player_core.cpp:367] SP2T: wrote durable snapshot /Users/marcelo/Library/Application Support/squz/spyder-player/games/tiltbuggy.db (24576 bytes, game=tiltbuggy)
[2026-07-19 09:10:50.100] [info] [player_core.cpp:553] PlayerFPS: 60.0 fps over 1.00s (60 frames) cmdstream=0 last_wire=0B last_seq=0
[2026-07-19 09:10:50.146] [info] [PlayerWireBridge.cpp:655] PlayerWireBridge: SP2S SpriteRun seq=480 wire=617B runs=6 qdepth=1 cache=348 full=1 refs=11
[2026-07-19 09:10:50.161] [info] [player_core.cpp:300] PlayerLog: 4458515 ticks, 121 decoded (4442850 empty), seq 239-359 (0 gaps), maxDrain=0.0ms maxRender=0.0ms maxGap=0.4ms pump avg=0.0/max=0.4ms ev avg=0.0/max=0.1ms upload avg=0.0/max=0.1ms
[2026-07-19 09:10:50.346] [info] [PlayerWireBridge.cpp:704] PlayerWireBridge: SP2T snapshot received (24576 bytes)
[2026-07-19 09:10:50.346] [info] [player_core.cpp:367] SP2T: wrote durable snapshot /Users/marcelo/Library/Application Support/squz/spyder-player/games/tiltbuggy.db (24576 bytes, game=tiltbuggy)
[2026-07-19 09:10:50.863] [info] [PlayerWireBridge.cpp:704] PlayerWireBridge: SP2T snapshot received (24576 bytes)
[2026-07-19 09:10:50.863] [info] [player_core.cpp:367] SP2T: wrote durable snapshot /Users/marcelo/Library/Application Support/squz/spyder-player/games/tiltbuggy.db (24576 bytes, game=tiltbuggy)
[2026-07-19 09:10:51.100] [info] [player_core.cpp:553] PlayerFPS: 60.0 fps over 1.00s (60 frames) cmdstream=0 last_wire=0B last_seq=0
[2026-07-19 09:10:51.146] [info] [PlayerWireBridge.cpp:655] PlayerWireBridge: SP2S SpriteRun seq=540 wire=617B runs=6 qdepth=1 cache=408 full=1 refs=11
[2026-07-19 09:10:51.379] [info] [PlayerWireBridge.cpp:704] PlayerWireBridge: SP2T snapshot received (24576 bytes)
[2026-07-19 09:10:51.379] [info] [player_core.cpp:367] SP2T: wrote durable snapshot /Users/marcelo/Library/Application Support/squz/spyder-player/games/tiltbuggy.db (24576 bytes, game=tiltbuggy)
[2026-07-19 09:10:51.879] [info] [PlayerWireBridge.cpp:704] PlayerWireBridge: SP2T snapshot received (24576 bytes)
[2026-07-19 09:10:51.879] [info] [player_core.cpp:367] SP2T: wrote durable snapshot /Users/marcelo/Library/Application Support/squz/spyder-player/games/tiltbuggy.db (24576 bytes, game=tiltbuggy)
[2026-07-19 09:10:52.100] [info] [player_core.cpp:553] PlayerFPS: 60.0 fps over 1.00s (60 frames) cmdstream=0 last_wire=0B last_seq=0
[2026-07-19 09:10:52.146] [info] [PlayerWireBridge.cpp:655] PlayerWireBridge: SP2S SpriteRun seq=600 wire=469B runs=6 qdepth=1 cache=414 full=0 refs=12
[2026-07-19 09:10:52.173] [info] [player_core.cpp:300] PlayerLog: 4471363 ticks, 120 decoded (4456024 empty), seq 361-480 (0 gaps), maxDrain=0.0ms maxRender=0.0ms maxGap=0.3ms pump avg=0.0/max=0.3ms ev avg=0.0/max=0.0ms upload avg=0.0/max=0.1ms
[2026-07-19 09:10:52.379] [info] [PlayerWireBridge.cpp:704] PlayerWireBridge: SP2T snapshot received (24576 bytes)
[2026-07-19 09:10:52.379] [info] [player_core.cpp:367] SP2T: wrote durable snapshot /Users/marcelo/Library/Application Support/squz/spyder-player/games/tiltbuggy.db (24576 bytes, game=tiltbuggy)
[2026-07-19 09:10:52.598] [info] [player_core.cpp:417] player: script complete — exiting
[2026-07-19 09:10:52.598] [info] [player_core.cpp:572] Player exited (628 frames decoded)
[2026-07-19 09:10:54.185] [info] [player_core.cpp:300] PlayerLog: 4451082 ticks, 121 decoded (4450961 empty), seq 481-601 (0 gaps), maxDrain=0.0ms maxRender=0.0ms maxGap=0.1ms pump avg=0.0/max=0.1ms ev avg=0.0/max=0.0ms upload avg=0.0/max=0.0ms
