{"k":"device","t_ms":61,"class":2,"caps":6}
{"k":"armstate","t_ms":125,"armed":0}
{"k":"frame_meta","seq":59,"server_us":1784416243129524,"recv_us":1784416243130360}
{"k":"frame_meta","seq":119,"server_us":1784416244129551,"recv_us":1784416244129634}
{"k":"inject","t_ms":2561,"e_us":1784416244598017,"type":4608}
{"k":"inject","t_ms":3061,"e_us":1784416245098023,"type":4608}
{"k":"frame_meta","seq":179,"server_us":1784416245129596,"recv_us":1784416245129702}
{"k":"inject","t_ms":3561,"e_us":1784416245598030,"type":4608}
{"k":"inject","t_ms":4061,"e_us":1784416246098037,"type":4608}
{"k":"frame_meta","seq":239,"server_us":1784416246129560,"recv_us":1784416246129669}
{"k":"inject","t_ms":4561,"e_us":1784416246598042,"type":4608}
{"k":"frame_meta","seq":299,"server_us":1784416247129569,"recv_us":1784416247129656}
{"k":"frame_meta","seq":359,"server_us":1784416248129549,"recv_us":1784416248129639}
{"k":"frame_meta","seq":419,"server_us":1784416249129597,"recv_us":1784416249129708}
{"k":"inject","t_ms":7561,"e_us":1784416249598081,"type":4608}
{"k":"frame_meta","seq":479,"server_us":1784416250129590,"recv_us":1784416250129691}
{"k":"frame_meta","seq":539,"server_us":1784416251129608,"recv_us":1784416251129726}
{"k":"frame_meta","seq":599,"server_us":1784416252129649,"recv_us":1784416252129760}
{"k":"inject","t_ms":10561,"e_us":1784416252598124,"type":256}
{"k":"exit","t_ms":10561,"frames":628}
