[2026-07-19 09:59:40.990] [info] [player_core.cpp:45] spyder player starting (H.264 + SP2S cmdstream)
[2026-07-19 09:59:40.993] [info] [PlayerWireBridge.cpp:143] PlayerWireBridge: connected to stream relay
[2026-07-19 09:59:41.049] [info] [player_core.cpp:71] SessionConfig: sensors=0x1 orientation=254 transport=0 flags=0x3
[2026-07-19 09:59:41.050] [info] [PlayerRender.cpp:147] PlayerRender: window 2048x1536 for orientation=254
[2026-07-19 09:59:41.050] [info] [PlayerRender.cpp:155] PlayerRender: headless — no renderer/decoder
[2026-07-19 09:59:41.050] [info] [PlayerRender.cpp:229] PlayerRender: no local accelerometer — tilt gestures (Shift+drag) forward to the server's synthesizer
[2026-07-19 09:59:41.050] [info] [player_core.cpp:150] orientation settle: window 2048x1536 after 0ms
[2026-07-19 09:59:41.050] [info] [player_core.cpp:183] DeviceInfo 2048x1536 @1x class=1 safe=(0,0 2048x1536) draw=(0,0 2048x1536)
[2026-07-19 09:59:41.053] [info] [player_core.cpp:211] SP2T: opened durable db /Users/marcelo/Library/Application Support/squz/spyder-player/games/tiltbuggy.db
[2026-07-19 09:59:41.054] [info] [PlayerWireBridge.cpp:225] PlayerWireBridge: SP2T snapshot sent (24576 bytes)
[2026-07-19 09:59:41.054] [info] [player_core.cpp:235] SP2T: seeded server from player durable db /Users/marcelo/Library/Application Support/squz/spyder-player/games/tiltbuggy.db (24576 bytes, game=tiltbuggy)
[2026-07-19 09:59:41.054] [info] [player_core.cpp:245] player: entering main loop (wire open=true)
[2026-07-19 09:59:41.054] [info] [player_core.cpp:312] player: input script loaded (/Users/marcelo/work/github.com/squz/ge/verdicts/T156.6/20260718T235908Z/gesture-accel.txt)
[2026-07-19 09:59:41.054] [info] [PlayerWireBridge.cpp:689] PlayerWireBridge: SessionConfig update transport=cmdstream
[2026-07-19 09:59:41.055] [info] [player_core.cpp:258] player: SessionConfig mid-session — re-sending DeviceInfo
[2026-07-19 09:59:41.120] [info] [PlayerWireBridge.cpp:676] PlayerWireBridge: SP2A arm=0
[2026-07-19 09:59:41.208] [info] [PlayerWireBridge.cpp:655] PlayerWireBridge: SP2S SpriteRun seq=0 wire=2915593B runs=6 qdepth=1 cache=15 full=15 refs=4
[2026-07-19 09:59:41.208] [info] [PlayerWireBridge.cpp:704] PlayerWireBridge: SP2T snapshot received (24576 bytes)
[2026-07-19 09:59:41.208] [info] [PlayerWireBridge.cpp:655] PlayerWireBridge: SP2S SpriteRun seq=1 wire=469B runs=6 qdepth=2 cache=15 full=0 refs=12
[2026-07-19 09:59:41.208] [info] [PlayerWireBridge.cpp:655] PlayerWireBridge: SP2S SpriteRun seq=2 wire=469B runs=6 qdepth=3 cache=15 full=0 refs=12
[2026-07-19 09:59:41.208] [info] [player_core.cpp:367] SP2T: wrote durable snapshot /Users/marcelo/Library/Application Support/squz/spyder-player/games/tiltbuggy.db (24576 bytes, game=tiltbuggy)
[2026-07-19 09:59:41.669] [info] [PlayerWireBridge.cpp:704] PlayerWireBridge: SP2T snapshot received (24576 bytes)
[2026-07-19 09:59:41.670] [info] [player_core.cpp:367] SP2T: wrote durable snapshot /Users/marcelo/Library/Application Support/squz/spyder-player/games/tiltbuggy.db (24576 bytes, game=tiltbuggy)
[2026-07-19 09:59:42.054] [info] [player_core.cpp:553] PlayerFPS: 58.0 fps over 1.00s (58 frames) cmdstream=0 last_wire=0B last_seq=0
[2026-07-19 09:59:42.103] [info] [PlayerWireBridge.cpp:655] PlayerWireBridge: SP2S SpriteRun seq=60 wire=469B runs=6 qdepth=1 cache=15 full=0 refs=12
[2026-07-19 09:59:42.170] [info] [PlayerWireBridge.cpp:704] PlayerWireBridge: SP2T snapshot received (24576 bytes)
[2026-07-19 09:59:42.170] [info] [player_core.cpp:367] SP2T: wrote durable snapshot /Users/marcelo/Library/Application Support/squz/spyder-player/games/tiltbuggy.db (24576 bytes, game=tiltbuggy)
[2026-07-19 09:59:42.670] [info] [PlayerWireBridge.cpp:704] PlayerWireBridge: SP2T snapshot received (24576 bytes)
[2026-07-19 09:59:42.670] [info] [player_core.cpp:367] SP2T: wrote durable snapshot /Users/marcelo/Library/Application Support/squz/spyder-player/games/tiltbuggy.db (24576 bytes, game=tiltbuggy)
[2026-07-19 09:59:43.054] [info] [player_core.cpp:553] PlayerFPS: 60.0 fps over 1.00s (60 frames) cmdstream=0 last_wire=0B last_seq=0
[2026-07-19 09:59:43.103] [info] [PlayerWireBridge.cpp:655] PlayerWireBridge: SP2S SpriteRun seq=120 wire=3569B runs=6 qdepth=1 cache=114 full=3 refs=9
[2026-07-19 09:59:43.186] [info] [PlayerWireBridge.cpp:704] PlayerWireBridge: SP2T snapshot received (24576 bytes)
[2026-07-19 09:59:43.186] [info] [player_core.cpp:367] SP2T: wrote durable snapshot /Users/marcelo/Library/Application Support/squz/spyder-player/games/tiltbuggy.db (24576 bytes, game=tiltbuggy)
[2026-07-19 09:59:43.454] [info] [player_core.cpp:417] player: script complete — exiting
[2026-07-19 09:59:43.455] [info] [player_core.cpp:572] Player exited (142 frames decoded)
[2026-07-19 09:59:45.069] [info] [player_core.cpp:300] PlayerLog: 4259615 ticks, 118 decoded (4259499 empty), seq 2-117 (0 gaps), maxDrain=0.0ms maxRender=0.0ms maxGap=51.9ms pump avg=0.0/max=51.9ms ev avg=0.0/max=0.4ms upload avg=0.0/max=0.0ms
