[2026-07-19 09:59:10.442] [info] [iap.cpp:160] ge::iap: mode resolved to 'stub'
[2026-07-19 09:59:10.443] [info] [main.cpp:209] iap: restore complete ok=true error=
[2026-07-19 09:59:10.574] [ge] [info] [SokolContext.mm:180] SokolContext: 2048x1536 Metal (Apple M4 Max)
[2026-07-19 09:59:10.574] [ge] [info] [DirectRenderHost.mm:456] DirectRenderHost: gesture accelerometer synthesis enabled (armOnPrimary=false)
[2026-07-19 09:59:10.574] [ge] [info] [DirectRenderHost.mm:464] DirectRenderHost: GE_INPUT_SCRIPT loaded (/Users/marcelo/work/github.com/squz/ge/verdicts/T156.6/20260718T235908Z/gesture-shift.txt)
[2026-07-19 09:59:10.574] [ge] [info] [DirectRenderHost.mm:473] DirectRenderHost: GE_SENSOR_TRACE on (/Users/marcelo/work/github.com/squz/ge/verdicts/T156.6/20260718T235908Z/shift-direct.trace)
[2026-07-19 09:59:10.574] [ge] [info] [DirectRenderHost.mm:476] DirectRenderHost: 2048x1536
[2026-07-19 09:59:10.576] [ge] [info] [DirectRenderHost.mm:516] DirectRenderHost: persistent DB at /Users/marcelo/Library/Application Support/squz/tiltbuggy/game.db
[2026-07-19 09:59:10.576] [ge] [info] [Context.cpp:64] Context: opening db path='/Users/marcelo/Library/Application Support/squz/tiltbuggy/game.db' schemaDdl=145B
[2026-07-19 09:59:10.577] [ge] [info] [Context.cpp:67] Context: db open ok
[2026-07-19 09:59:10.577] [ge] [info] [DirectRenderHost.mm:522] DirectRenderHost: Context ready — applying safe insets
[2026-07-19 09:59:10.577] [ge] [info] [DirectRenderHost.mm:524] DirectRenderHost: drawSafe insets applied
[2026-07-19 09:59:10.577] [ge] [info] [DirectRenderHost.mm:526] DirectRenderHost: uiSafe insets applied
[2026-07-19 09:59:10.577] [ge] [info] [DirectRenderHost.mm:586] DirectRenderHost: constructor complete
[2026-07-19 09:59:10.577] [ge] [info] [main.cpp:316] tiltbuggy: restored pose from db [-12.80,5.14,1.54]
[2026-07-19 09:59:10.632] [ge] [info] [main.cpp:415] onEvent type=0x305
[2026-07-19 09:59:10.632] [ge] [info] [main.cpp:415] onEvent type=0x404
[2026-07-19 09:59:10.632] [ge] [info] [audio.cpp:146] ge::audio: foregrounded — resuming 0 device(s)
[2026-07-19 09:59:10.632] [ge] [info] [main.cpp:415] onEvent type=0x214
[2026-07-19 09:59:10.786] [ge] [info] [main.cpp:415] onEvent type=0x204
[2026-07-19 09:59:10.786] [ge] [info] [audio.cpp:146] ge::audio: foregrounded — resuming 0 device(s)
[2026-07-19 09:59:10.786] [ge] [info] [main.cpp:415] onEvent type=0x900
[2026-07-19 09:59:11.134] [ge] [info] [main.cpp:358] tiltbuggy: pose → db [-12.80,5.14,1.54] t=0.7
[2026-07-19 09:59:11.416] [ge] [info] [main.cpp:376] tick: dt=0.0083 g=[0.00,0.00] pose=[-12.80,5.14,1.54] grip=[30,30] pro=false
[2026-07-19 09:59:11.642] [ge] [info] [main.cpp:358] tiltbuggy: pose → db [-12.80,5.14,1.54] t=1.2
[2026-07-19 09:59:11.916] [ge] [info] [main.cpp:376] tick: dt=0.0084 g=[0.00,0.00] pose=[-12.80,5.14,1.54] grip=[30,30] pro=false
[2026-07-19 09:59:12.090] [ge] [info] [main.cpp:415] onEvent type=0x20c
[2026-07-19 09:59:12.090] [ge] [info] [main.cpp:415] onEvent type=0x1200
[2026-07-19 09:59:12.090] [ge] [info] [main.cpp:447] ACCEL accel=[+0.00,+0.00,+0.00] gravity=[-0.00,-0.00]
[2026-07-19 09:59:12.091] [ge] [info] [main.cpp:415] onEvent type=0x1200
[2026-07-19 09:59:12.091] [ge] [info] [main.cpp:447] ACCEL accel=[+0.00,+0.00,+0.00] gravity=[-0.00,-0.00]
[2026-07-19 09:59:12.100] [ge] [info] [main.cpp:415] onEvent type=0x1200
[2026-07-19 09:59:12.100] [ge] [info] [main.cpp:447] ACCEL accel=[+0.00,+0.00,+0.00] gravity=[-0.00,-0.00]
[2026-07-19 09:59:12.108] [ge] [info] [main.cpp:415] onEvent type=0x1200
[2026-07-19 09:59:12.108] [ge] [info] [main.cpp:447] ACCEL accel=[+0.00,+0.00,+0.00] gravity=[-0.00,-0.00]
[2026-07-19 09:59:12.116] [ge] [info] [main.cpp:415] onEvent type=0x1200
[2026-07-19 09:59:12.116] [ge] [info] [main.cpp:447] ACCEL accel=[+0.00,+0.00,+0.00] gravity=[-0.00,-0.00]
[2026-07-19 09:59:12.125] [ge] [info] [main.cpp:415] onEvent type=0x1200
[2026-07-19 09:59:12.125] [ge] [info] [main.cpp:447] ACCEL accel=[+0.00,+0.00,+0.00] gravity=[-0.00,-0.00]
[2026-07-19 09:59:12.133] [ge] [info] [main.cpp:415] onEvent type=0x1200
[2026-07-19 09:59:12.133] [ge] [info] [main.cpp:447] ACCEL accel=[+1.27,+0.00,+0.00] gravity=[-12.72,-0.00]
[2026-07-19 09:59:12.133] [ge] [info] [main.cpp:415] onEvent type=0x1200
[2026-07-19 09:59:12.133] [ge] [info] [main.cpp:447] ACCEL accel=[+1.27,+0.00,+0.00] gravity=[-12.72,-0.00]
[2026-07-19 09:59:12.141] [ge] [info] [main.cpp:415] onEvent type=0x1200
[2026-07-19 09:59:12.141] [ge] [info] [main.cpp:447] ACCEL accel=[+1.27,+0.00,+0.00] gravity=[-12.72,-0.00]
[2026-07-19 09:59:12.150] [ge] [info] [main.cpp:358] tiltbuggy: pose → db [-12.80,5.14,1.54] t=1.7
[2026-07-19 09:59:12.150] [ge] [info] [main.cpp:415] onEvent type=0x1200
[2026-07-19 09:59:12.150] [ge] [info] [main.cpp:447] ACCEL accel=[+1.27,+0.00,+0.00] gravity=[-12.72,-0.00]
[2026-07-19 09:59:12.158] [ge] [info] [main.cpp:415] onEvent type=0x1200
[2026-07-19 09:59:12.158] [ge] [info] [main.cpp:447] ACCEL accel=[+1.27,+0.00,+0.00] gravity=[-12.72,-0.00]
[2026-07-19 09:59:12.168] [ge] [info] [main.cpp:415] onEvent type=0x1200
[2026-07-19 09:59:12.168] [ge] [info] [main.cpp:447] ACCEL accel=[+1.27,+0.00,+0.00] gravity=[-12.72,-0.00]
[2026-07-19 09:59:12.175] [ge] [info] [main.cpp:415] onEvent type=0x1200
[2026-07-19 09:59:12.175] [ge] [info] [main.cpp:447] ACCEL accel=[+1.27,+0.00,+0.00] gravity=[-12.72,-0.00]
[2026-07-19 09:59:12.183] [ge] [info] [main.cpp:415] onEvent type=0x1200
[2026-07-19 09:59:12.183] [ge] [info] [main.cpp:447] ACCEL accel=[+2.52,+0.00,+0.00] gravity=[-25.22,-0.00]
[2026-07-19 09:59:12.183] [ge] [info] [main.cpp:415] onEvent type=0x1200
[2026-07-19 09:59:12.183] [ge] [info] [main.cpp:447] ACCEL accel=[+2.52,+0.00,+0.00] gravity=[-25.22,-0.00]
[2026-07-19 09:59:12.191] [ge] [info] [main.cpp:415] onEvent type=0x1200
[2026-07-19 09:59:12.191] [ge] [info] [main.cpp:447] ACCEL accel=[+2.52,+0.00,+0.00] gravity=[-25.22,-0.00]
[2026-07-19 09:59:12.200] [ge] [info] [main.cpp:415] onEvent type=0x1200
[2026-07-19 09:59:12.200] [ge] [info] [main.cpp:447] ACCEL accel=[+2.52,+0.00,+0.00] gravity=[-25.22,-0.00]
[2026-07-19 09:59:12.208] [ge] [info] [main.cpp:415] onEvent type=0x1200
[2026-07-19 09:59:12.208] [ge] [info] [main.cpp:447] ACCEL accel=[+2.52,+0.00,+0.00] gravity=[-25.22,-0.00]
[2026-07-19 09:59:12.216] [ge] [info] [main.cpp:415] onEvent type=0x1200
[2026-07-19 09:59:12.216] [ge] [info] [main.cpp:447] ACCEL accel=[+2.52,+0.00,+0.00] gravity=[-25.22,-0.00]
[2026-07-19 09:59:12.225] [ge] [info] [main.cpp:415] onEvent type=0x1200
[2026-07-19 09:59:12.225] [ge] [info] [main.cpp:447] ACCEL accel=[+2.52,+0.00,+0.00] gravity=[-25.22,-0.00]
[2026-07-19 09:59:12.233] [ge] [info] [main.cpp:415] onEvent type=0x1200
[2026-07-19 09:59:12.233] [ge] [info] [main.cpp:447] ACCEL accel=[+2.52,+0.00,+0.00] gravity=[-25.22,-0.00]
[2026-07-19 09:59:12.241] [ge] [info] [main.cpp:415] onEvent type=0x1200
[2026-07-19 09:59:12.241] [ge] [info] [main.cpp:447] ACCEL accel=[+2.52,+0.00,+0.00] gravity=[-25.22,-0.00]
[2026-07-19 09:59:12.250] [ge] [info] [main.cpp:415] onEvent type=0x1200
[2026-07-19 09:59:12.250] [ge] [info] [main.cpp:447] ACCEL accel=[+2.52,+0.00,+0.00] gravity=[-25.22,-0.00]
[2026-07-19 09:59:12.258] [ge] [info] [main.cpp:415] onEvent type=0x1200
[2026-07-19 09:59:12.258] [ge] [info] [main.cpp:447] ACCEL accel=[+2.52,+0.00,+0.00] gravity=[-25.22,-0.00]
[2026-07-19 09:59:12.266] [ge] [info] [main.cpp:415] onEvent type=0x1200
[2026-07-19 09:59:12.266] [ge] [info] [main.cpp:447] ACCEL accel=[+2.52,+0.00,+0.00] gravity=[-25.22,-0.00]
[2026-07-19 09:59:12.275] [ge] [info] [main.cpp:415] onEvent type=0x1200
[2026-07-19 09:59:12.275] [ge] [info] [main.cpp:447] ACCEL accel=[+2.52,+0.00,+0.00] gravity=[-25.22,-0.00]
[2026-07-19 09:59:12.283] [ge] [info] [main.cpp:415] onEvent type=0x1200
[2026-07-19 09:59:12.283] [ge] [info] [main.cpp:447] ACCEL accel=[+2.52,+0.00,+0.00] gravity=[-25.22,-0.00]
[2026-07-19 09:59:12.291] [ge] [info] [main.cpp:415] onEvent type=0x1200
[2026-07-19 09:59:12.291] [ge] [info] [main.cpp:447] ACCEL accel=[+2.52,+0.00,+0.00] gravity=[-25.22,-0.00]
[2026-07-19 09:59:12.300] [ge] [info] [main.cpp:415] onEvent type=0x1200
[2026-07-19 09:59:12.300] [ge] [info] [main.cpp:447] ACCEL accel=[+2.52,+0.00,+0.00] gravity=[-25.22,-0.00]
[2026-07-19 09:59:12.308] [ge] [info] [main.cpp:415] onEvent type=0x1200
[2026-07-19 09:59:12.308] [ge] [info] [main.cpp:447] ACCEL accel=[+2.52,+0.00,+0.00] gravity=[-25.22,-0.00]
[2026-07-19 09:59:12.316] [ge] [info] [main.cpp:415] onEvent type=0x1200
[2026-07-19 09:59:12.316] [ge] [info] [main.cpp:447] ACCEL accel=[+2.52,+0.00,+0.00] gravity=[-25.22,-0.00]
[2026-07-19 09:59:12.325] [ge] [info] [main.cpp:415] onEvent type=0x1200
[2026-07-19 09:59:12.325] [ge] [info] [main.cpp:447] ACCEL accel=[+2.52,+0.00,+0.00] gravity=[-25.22,-0.00]
[2026-07-19 09:59:12.333] [ge] [info] [main.cpp:415] onEvent type=0x1200
[2026-07-19 09:59:12.333] [ge] [info] [main.cpp:447] ACCEL accel=[+2.52,+0.00,+0.00] gravity=[-25.22,-0.00]
[2026-07-19 09:59:12.341] [ge] [info] [main.cpp:415] onEvent type=0x1200
[2026-07-19 09:59:12.341] [ge] [info] [main.cpp:447] ACCEL accel=[+2.52,+0.00,+0.00] gravity=[-25.22,-0.00]
[2026-07-19 09:59:12.350] [ge] [info] [main.cpp:415] onEvent type=0x1200
[2026-07-19 09:59:12.350] [ge] [info] [main.cpp:447] ACCEL accel=[+2.52,+0.00,+0.00] gravity=[-25.22,-0.00]
[2026-07-19 09:59:12.358] [ge] [info] [main.cpp:415] onEvent type=0x1200
[2026-07-19 09:59:12.358] [ge] [info] [main.cpp:447] ACCEL accel=[+2.52,+0.00,+0.00] gravity=[-25.22,-0.00]
[2026-07-19 09:59:12.381] [ge] [info] [main.cpp:415] onEvent type=0x20d
[2026-07-19 09:59:12.381] [ge] [info] [audio.cpp:136] ge::audio: backgrounded — pausing 0 device(s)
[2026-07-19 09:59:12.381] [ge] [info] [main.cpp:415] onEvent type=0x20c
[2026-07-19 09:59:12.381] [ge] [info] [main.cpp:415] onEvent type=0x1200
[2026-07-19 09:59:12.381] [ge] [info] [main.cpp:447] ACCEL accel=[+2.52,+0.00,+0.00] gravity=[-25.22,-0.00]
[2026-07-19 09:59:12.383] [ge] [info] [main.cpp:415] onEvent type=0x1200
[2026-07-19 09:59:12.383] [ge] [info] [main.cpp:447] ACCEL accel=[+2.52,+0.00,+0.00] gravity=[-25.22,-0.00]
[2026-07-19 09:59:12.392] [ge] [info] [main.cpp:415] onEvent type=0x1200
[2026-07-19 09:59:12.392] [ge] [info] [main.cpp:447] ACCEL accel=[+2.52,+0.00,+0.00] gravity=[-25.22,-0.00]
[2026-07-19 09:59:12.400] [ge] [info] [main.cpp:415] onEvent type=0x1200
[2026-07-19 09:59:12.400] [ge] [info] [main.cpp:447] ACCEL accel=[+2.52,+0.00,+0.00] gravity=[-25.22,-0.00]
[2026-07-19 09:59:12.408] [ge] [info] [main.cpp:415] onEvent type=0x1200
[2026-07-19 09:59:12.408] [ge] [info] [main.cpp:447] ACCEL accel=[+2.52,+0.00,+0.00] gravity=[-25.22,-0.00]
[2026-07-19 09:59:12.416] [ge] [info] [main.cpp:415] onEvent type=0x1200
[2026-07-19 09:59:12.416] [ge] [info] [main.cpp:447] ACCEL accel=[+2.52,+0.00,+0.00] gravity=[-25.22,-0.00]
[2026-07-19 09:59:12.425] [ge] [info] [main.cpp:376] tick: dt=0.0087 g=[-25.22,-0.00] pose=[-12.83,5.13,1.57] grip=[30,30] pro=false
[2026-07-19 09:59:12.425] [ge] [info] [main.cpp:415] onEvent type=0x1200
[2026-07-19 09:59:12.425] [ge] [info] [main.cpp:447] ACCEL accel=[+2.52,+0.00,+0.00] gravity=[-25.22,-0.00]
[2026-07-19 09:59:12.438] [ge] [info] [main.cpp:415] onEvent type=0x1200
[2026-07-19 09:59:12.438] [ge] [info] [main.cpp:447] ACCEL accel=[+2.52,+0.00,+0.00] gravity=[-25.22,-0.00]
[2026-07-19 09:59:12.445] [ge] [info] [main.cpp:415] onEvent type=0x1200
[2026-07-19 09:59:12.445] [ge] [info] [main.cpp:447] ACCEL accel=[+2.52,+0.00,+0.00] gravity=[-25.22,-0.00]
[2026-07-19 09:59:12.450] [ge] [info] [main.cpp:415] onEvent type=0x1200
[2026-07-19 09:59:12.450] [ge] [info] [main.cpp:447] ACCEL accel=[+2.52,+0.00,+0.00] gravity=[-25.22,-0.00]
[2026-07-19 09:59:12.458] [ge] [info] [main.cpp:415] onEvent type=0x1200
[2026-07-19 09:59:12.458] [ge] [info] [main.cpp:447] ACCEL accel=[+2.52,+0.00,+0.00] gravity=[-25.22,-0.00]
[2026-07-19 09:59:12.466] [ge] [info] [main.cpp:415] onEvent type=0x1200
[2026-07-19 09:59:12.466] [ge] [info] [main.cpp:447] ACCEL accel=[+2.52,+0.00,+0.00] gravity=[-25.22,-0.00]
[2026-07-19 09:59:12.475] [ge] [info] [main.cpp:415] onEvent type=0x1200
[2026-07-19 09:59:12.475] [ge] [info] [main.cpp:447] ACCEL accel=[+2.52,+0.00,+0.00] gravity=[-25.22,-0.00]
[2026-07-19 09:59:12.483] [ge] [info] [main.cpp:415] onEvent type=0x1200
[2026-07-19 09:59:12.483] [ge] [info] [main.cpp:447] ACCEL accel=[+2.52,+0.00,+0.00] gravity=[-25.22,-0.00]
[2026-07-19 09:59:12.491] [ge] [info] [main.cpp:415] onEvent type=0x1200
[2026-07-19 09:59:12.491] [ge] [info] [main.cpp:447] ACCEL accel=[+2.52,+0.00,+0.00] gravity=[-25.22,-0.00]
[2026-07-19 09:59:12.500] [ge] [info] [main.cpp:415] onEvent type=0x1200
[2026-07-19 09:59:12.500] [ge] [info] [main.cpp:447] ACCEL accel=[+2.52,+0.00,+0.00] gravity=[-25.22,-0.00]
[2026-07-19 09:59:12.508] [ge] [info] [main.cpp:415] onEvent type=0x1200
[2026-07-19 09:59:12.508] [ge] [info] [main.cpp:447] ACCEL accel=[+2.52,+0.00,+0.00] gravity=[-25.22,-0.00]
[2026-07-19 09:59:12.520] [ge] [info] [main.cpp:415] onEvent type=0x1200
[2026-07-19 09:59:12.520] [ge] [info] [main.cpp:447] ACCEL accel=[+2.52,+0.00,+0.00] gravity=[-25.22,-0.00]
[2026-07-19 09:59:12.533] [ge] [info] [main.cpp:415] onEvent type=0x1200
[2026-07-19 09:59:12.533] [ge] [info] [main.cpp:447] ACCEL accel=[+2.52,+0.00,+0.00] gravity=[-25.22,-0.00]
[2026-07-19 09:59:12.547] [ge] [info] [main.cpp:415] onEvent type=0x1200
[2026-07-19 09:59:12.547] [ge] [info] [main.cpp:447] ACCEL accel=[+2.52,+0.00,+0.00] gravity=[-25.22,-0.00]
[2026-07-19 09:59:12.561] [ge] [info] [main.cpp:415] onEvent type=0x1200
[2026-07-19 09:59:12.561] [ge] [info] [main.cpp:447] ACCEL accel=[+2.52,+0.00,+0.00] gravity=[-25.22,-0.00]
[2026-07-19 09:59:12.566] [ge] [info] [main.cpp:415] onEvent type=0x1200
[2026-07-19 09:59:12.566] [ge] [info] [main.cpp:447] ACCEL accel=[+2.52,+0.00,+0.00] gravity=[-25.22,-0.00]
[2026-07-19 09:59:12.579] [ge] [info] [main.cpp:415] onEvent type=0x1200
[2026-07-19 09:59:12.579] [ge] [info] [main.cpp:447] ACCEL accel=[+2.52,+0.00,+0.00] gravity=[-25.22,-0.00]
[2026-07-19 09:59:12.584] [ge] [info] [main.cpp:415] onEvent type=0x1200
[2026-07-19 09:59:12.584] [ge] [info] [main.cpp:447] ACCEL accel=[+2.52,+0.00,+0.00] gravity=[-25.22,-0.00]
[2026-07-19 09:59:12.598] [ge] [info] [main.cpp:415] onEvent type=0x1200
[2026-07-19 09:59:12.598] [ge] [info] [main.cpp:447] ACCEL accel=[+2.52,+0.00,+0.00] gravity=[-25.22,-0.00]
[2026-07-19 09:59:12.610] [ge] [info] [main.cpp:415] onEvent type=0x1200
[2026-07-19 09:59:12.610] [ge] [info] [main.cpp:447] ACCEL accel=[+2.52,+0.00,+0.00] gravity=[-25.22,-0.00]
[2026-07-19 09:59:12.616] [ge] [info] [main.cpp:415] onEvent type=0x1200
[2026-07-19 09:59:12.616] [ge] [info] [main.cpp:447] ACCEL accel=[+2.52,+0.00,+0.00] gravity=[-25.22,-0.00]
[2026-07-19 09:59:12.628] [ge] [info] [main.cpp:415] onEvent type=0x1200
[2026-07-19 09:59:12.628] [ge] [info] [main.cpp:447] ACCEL accel=[+2.52,+0.00,+0.00] gravity=[-25.22,-0.00]
[2026-07-19 09:59:12.633] [ge] [info] [main.cpp:415] onEvent type=0x1200
[2026-07-19 09:59:12.633] [ge] [info] [main.cpp:447] ACCEL accel=[+2.52,+0.00,+0.00] gravity=[-25.22,-0.00]
[2026-07-19 09:59:12.644] [ge] [info] [main.cpp:415] onEvent type=0x1200
[2026-07-19 09:59:12.644] [ge] [info] [main.cpp:447] ACCEL accel=[+2.52,+0.00,+0.00] gravity=[-25.22,-0.00]
[2026-07-19 09:59:12.650] [ge] [info] [main.cpp:358] tiltbuggy: pose → db [-12.83,5.13,1.57] t=2.2
[2026-07-19 09:59:12.650] [ge] [info] [main.cpp:415] onEvent type=0x1200
[2026-07-19 09:59:12.650] [ge] [info] [main.cpp:447] ACCEL accel=[+2.52,+0.00,+0.00] gravity=[-25.22,-0.00]
[2026-07-19 09:59:12.661] [ge] [info] [main.cpp:415] onEvent type=0x1200
[2026-07-19 09:59:12.661] [ge] [info] [main.cpp:447] ACCEL accel=[+2.52,+0.00,+0.00] gravity=[-25.22,-0.00]
[2026-07-19 09:59:12.666] [ge] [info] [main.cpp:415] onEvent type=0x1200
[2026-07-19 09:59:12.666] [ge] [info] [main.cpp:447] ACCEL accel=[+2.52,+0.00,+0.00] gravity=[-25.22,-0.00]
[2026-07-19 09:59:12.677] [ge] [info] [main.cpp:415] onEvent type=0x1200
[2026-07-19 09:59:12.677] [ge] [info] [main.cpp:447] ACCEL accel=[+2.52,+0.00,+0.00] gravity=[-25.22,-0.00]
[2026-07-19 09:59:12.683] [ge] [info] [main.cpp:415] onEvent type=0x1200
[2026-07-19 09:59:12.683] [ge] [info] [main.cpp:447] ACCEL accel=[+2.52,+0.00,+0.00] gravity=[-25.22,-0.00]
[2026-07-19 09:59:12.692] [ge] [info] [main.cpp:415] onEvent type=0x1200
[2026-07-19 09:59:12.692] [ge] [info] [main.cpp:447] ACCEL accel=[+2.52,+0.00,+0.00] gravity=[-25.22,-0.00]
[2026-07-19 09:59:12.700] [ge] [info] [main.cpp:415] onEvent type=0x1200
[2026-07-19 09:59:12.700] [ge] [info] [main.cpp:447] ACCEL accel=[+2.52,+0.00,+0.00] gravity=[-25.22,-0.00]
[2026-07-19 09:59:12.708] [ge] [info] [main.cpp:415] onEvent type=0x1200
[2026-07-19 09:59:12.708] [ge] [info] [main.cpp:447] ACCEL accel=[+2.52,+0.00,+0.00] gravity=[-25.22,-0.00]
[2026-07-19 09:59:12.716] [ge] [info] [main.cpp:415] onEvent type=0x1200
[2026-07-19 09:59:12.716] [ge] [info] [main.cpp:447] ACCEL accel=[+2.52,+0.00,+0.00] gravity=[-25.22,-0.00]
[2026-07-19 09:59:12.726] [ge] [info] [main.cpp:415] onEvent type=0x1200
[2026-07-19 09:59:12.726] [ge] [info] [main.cpp:447] ACCEL accel=[+2.52,+0.00,+0.00] gravity=[-25.22,-0.00]
[2026-07-19 09:59:12.733] [ge] [info] [main.cpp:415] onEvent type=0x1200
[2026-07-19 09:59:12.733] [ge] [info] [main.cpp:447] ACCEL accel=[+2.52,+0.00,+0.00] gravity=[-25.22,-0.00]
[2026-07-19 09:59:12.742] [ge] [info] [main.cpp:415] onEvent type=0x1200
[2026-07-19 09:59:12.742] [ge] [info] [main.cpp:447] ACCEL accel=[+2.52,+0.00,+0.00] gravity=[-25.22,-0.00]
[2026-07-19 09:59:12.750] [ge] [info] [main.cpp:415] onEvent type=0x1200
[2026-07-19 09:59:12.750] [ge] [info] [main.cpp:447] ACCEL accel=[+2.52,+0.00,+0.00] gravity=[-25.22,-0.00]
[2026-07-19 09:59:12.758] [ge] [info] [main.cpp:415] onEvent type=0x1200
[2026-07-19 09:59:12.758] [ge] [info] [main.cpp:447] ACCEL accel=[+2.52,+0.00,+0.00] gravity=[-25.22,-0.00]
[2026-07-19 09:59:12.766] [ge] [info] [main.cpp:415] onEvent type=0x1200
[2026-07-19 09:59:12.766] [ge] [info] [main.cpp:447] ACCEL accel=[+2.52,+0.00,+0.00] gravity=[-25.22,-0.00]
[2026-07-19 09:59:12.775] [ge] [info] [main.cpp:415] onEvent type=0x1200
[2026-07-19 09:59:12.775] [ge] [info] [main.cpp:447] ACCEL accel=[+2.52,+0.00,+0.00] gravity=[-25.22,-0.00]
[2026-07-19 09:59:12.783] [ge] [info] [main.cpp:415] onEvent type=0x1200
[2026-07-19 09:59:12.783] [ge] [info] [main.cpp:447] ACCEL accel=[+2.52,+0.00,+0.00] gravity=[-25.22,-0.00]
[2026-07-19 09:59:12.791] [ge] [info] [main.cpp:415] onEvent type=0x1200
[2026-07-19 09:59:12.791] [ge] [info] [main.cpp:447] ACCEL accel=[+2.52,+0.00,+0.00] gravity=[-25.22,-0.00]
[2026-07-19 09:59:12.800] [ge] [info] [main.cpp:415] onEvent type=0x1200
[2026-07-19 09:59:12.800] [ge] [info] [main.cpp:447] ACCEL accel=[+2.52,+0.00,+0.00] gravity=[-25.22,-0.00]
[2026-07-19 09:59:12.808] [ge] [info] [main.cpp:415] onEvent type=0x1200
[2026-07-19 09:59:12.808] [ge] [info] [main.cpp:447] ACCEL accel=[+2.52,+0.00,+0.00] gravity=[-25.22,-0.00]
[2026-07-19 09:59:12.816] [ge] [info] [main.cpp:415] onEvent type=0x1200
[2026-07-19 09:59:12.816] [ge] [info] [main.cpp:447] ACCEL accel=[+2.52,+0.00,+0.00] gravity=[-25.22,-0.00]
[2026-07-19 09:59:12.825] [ge] [info] [main.cpp:415] onEvent type=0x1200
[2026-07-19 09:59:12.825] [ge] [info] [main.cpp:447] ACCEL accel=[+2.52,+0.00,+0.00] gravity=[-25.22,-0.00]
[2026-07-19 09:59:12.833] [ge] [info] [main.cpp:415] onEvent type=0x1200
[2026-07-19 09:59:12.833] [ge] [info] [main.cpp:447] ACCEL accel=[+2.52,+0.00,+0.00] gravity=[-25.22,-0.00]
[2026-07-19 09:59:12.841] [ge] [info] [main.cpp:415] onEvent type=0x1200
[2026-07-19 09:59:12.841] [ge] [info] [main.cpp:447] ACCEL accel=[+2.52,+0.00,+0.00] gravity=[-25.22,-0.00]
[2026-07-19 09:59:12.850] [ge] [info] [main.cpp:415] onEvent type=0x1200
[2026-07-19 09:59:12.850] [ge] [info] [main.cpp:447] ACCEL accel=[+2.52,+0.00,+0.00] gravity=[-25.22,-0.00]
[2026-07-19 09:59:12.858] [ge] [info] [main.cpp:415] onEvent type=0x1200
[2026-07-19 09:59:12.858] [ge] [info] [main.cpp:447] ACCEL accel=[+2.52,+0.00,+0.00] gravity=[-25.22,-0.00]
[2026-07-19 09:59:12.866] [ge] [info] [main.cpp:415] onEvent type=0x1200
[2026-07-19 09:59:12.866] [ge] [info] [main.cpp:447] ACCEL accel=[+2.52,+0.00,+0.00] gravity=[-25.22,-0.00]
[2026-07-19 09:59:12.875] [ge] [info] [main.cpp:415] onEvent type=0x1200
[2026-07-19 09:59:12.875] [ge] [info] [main.cpp:447] ACCEL accel=[+2.52,+0.00,+0.00] gravity=[-25.22,-0.00]
[2026-07-19 09:59:12.883] [ge] [info] [main.cpp:415] onEvent type=0x1200
[2026-07-19 09:59:12.883] [ge] [info] [main.cpp:447] ACCEL accel=[+2.52,+0.00,+0.00] gravity=[-25.22,-0.00]
[2026-07-19 09:59:12.891] [ge] [info] [main.cpp:415] onEvent type=0x1200
[2026-07-19 09:59:12.891] [ge] [info] [main.cpp:447] ACCEL accel=[+2.52,+0.00,+0.00] gravity=[-25.22,-0.00]
[2026-07-19 09:59:12.900] [ge] [info] [main.cpp:415] onEvent type=0x1200
[2026-07-19 09:59:12.900] [ge] [info] [main.cpp:447] ACCEL accel=[+2.52,+0.00,+0.00] gravity=[-25.22,-0.00]
[2026-07-19 09:59:12.908] [ge] [info] [main.cpp:415] onEvent type=0x1200
[2026-07-19 09:59:12.908] [ge] [info] [main.cpp:447] ACCEL accel=[+2.52,+0.00,+0.00] gravity=[-25.22,-0.00]
[2026-07-19 09:59:12.916] [ge] [info] [main.cpp:415] onEvent type=0x1200
[2026-07-19 09:59:12.916] [ge] [info] [main.cpp:447] ACCEL accel=[+2.52,+0.00,+0.00] gravity=[-25.22,-0.00]
[2026-07-19 09:59:12.925] [ge] [info] [main.cpp:415] onEvent type=0x1200
[2026-07-19 09:59:12.925] [ge] [info] [main.cpp:447] ACCEL accel=[+2.52,+0.00,+0.00] gravity=[-25.22,-0.00]
[2026-07-19 09:59:12.934] [ge] [info] [main.cpp:415] onEvent type=0x1200
[2026-07-19 09:59:12.934] [ge] [info] [main.cpp:447] ACCEL accel=[+2.52,+0.00,+0.00] gravity=[-25.22,-0.00]
[2026-07-19 09:59:12.941] [ge] [info] [main.cpp:415] onEvent type=0x1200
[2026-07-19 09:59:12.941] [ge] [info] [main.cpp:447] ACCEL accel=[+2.52,+0.00,+0.00] gravity=[-25.22,-0.00]
[2026-07-19 09:59:12.950] [ge] [info] [main.cpp:376] tick: dt=0.0085 g=[-25.22,-0.00] pose=[-12.83,5.12,1.57] grip=[30,30] pro=false
[2026-07-19 09:59:12.950] [ge] [info] [main.cpp:415] onEvent type=0x1200
[2026-07-19 09:59:12.950] [ge] [info] [main.cpp:447] ACCEL accel=[+2.52,+0.00,+0.00] gravity=[-25.22,-0.00]
[2026-07-19 09:59:12.958] [ge] [info] [main.cpp:415] onEvent type=0x1200
[2026-07-19 09:59:12.958] [ge] [info] [main.cpp:447] ACCEL accel=[+2.52,+0.00,+0.00] gravity=[-25.22,-0.00]
[2026-07-19 09:59:12.966] [ge] [info] [main.cpp:415] onEvent type=0x1200
[2026-07-19 09:59:12.966] [ge] [info] [main.cpp:447] ACCEL accel=[+2.52,+0.00,+0.00] gravity=[-25.22,-0.00]
[2026-07-19 09:59:12.975] [ge] [info] [main.cpp:415] onEvent type=0x1200
[2026-07-19 09:59:12.975] [ge] [info] [main.cpp:447] ACCEL accel=[+2.52,+0.00,+0.00] gravity=[-25.22,-0.00]
[2026-07-19 09:59:12.983] [ge] [info] [main.cpp:415] onEvent type=0x1200
[2026-07-19 09:59:12.983] [ge] [info] [main.cpp:447] ACCEL accel=[+2.52,+0.00,+0.00] gravity=[-25.22,-0.00]
[2026-07-19 09:59:12.991] [ge] [info] [main.cpp:415] onEvent type=0x1200
[2026-07-19 09:59:12.991] [ge] [info] [main.cpp:447] ACCEL accel=[+2.52,+0.00,+0.00] gravity=[-25.22,-0.00]
[2026-07-19 09:59:13.000] [ge] [info] [main.cpp:415] onEvent type=0x1200
[2026-07-19 09:59:13.000] [ge] [info] [main.cpp:447] ACCEL accel=[+2.52,+0.00,+0.00] gravity=[-25.22,-0.00]
[2026-07-19 09:59:13.008] [ge] [info] [main.cpp:415] onEvent type=0x1200
[2026-07-19 09:59:13.008] [ge] [info] [main.cpp:447] ACCEL accel=[+2.52,+0.00,+0.00] gravity=[-25.22,-0.00]
[2026-07-19 09:59:13.016] [ge] [info] [main.cpp:415] onEvent type=0x1200
[2026-07-19 09:59:13.016] [ge] [info] [main.cpp:447] ACCEL accel=[+2.52,+0.00,+0.00] gravity=[-25.22,-0.00]
[2026-07-19 09:59:13.025] [ge] [info] [main.cpp:415] onEvent type=0x1200
[2026-07-19 09:59:13.025] [ge] [info] [main.cpp:447] ACCEL accel=[+2.52,+0.00,+0.00] gravity=[-25.22,-0.00]
[2026-07-19 09:59:13.033] [ge] [info] [main.cpp:415] onEvent type=0x1200
[2026-07-19 09:59:13.033] [ge] [info] [main.cpp:447] ACCEL accel=[+2.52,+0.00,+0.00] gravity=[-25.22,-0.00]
[2026-07-19 09:59:13.041] [ge] [info] [main.cpp:415] onEvent type=0x1200
[2026-07-19 09:59:13.041] [ge] [info] [main.cpp:447] ACCEL accel=[+2.52,+0.00,+0.00] gravity=[-25.22,-0.00]
[2026-07-19 09:59:13.050] [ge] [info] [main.cpp:415] onEvent type=0x1200
[2026-07-19 09:59:13.050] [ge] [info] [main.cpp:447] ACCEL accel=[+2.52,+0.00,+0.00] gravity=[-25.22,-0.00]
[2026-07-19 09:59:13.058] [ge] [info] [main.cpp:415] onEvent type=0x1200
[2026-07-19 09:59:13.058] [ge] [info] [main.cpp:447] ACCEL accel=[+2.52,+0.00,+0.00] gravity=[-25.22,-0.00]
[2026-07-19 09:59:13.066] [ge] [info] [main.cpp:415] onEvent type=0x1200
[2026-07-19 09:59:13.066] [ge] [info] [main.cpp:447] ACCEL accel=[+2.52,+0.00,+0.00] gravity=[-25.22,-0.00]
[2026-07-19 09:59:13.075] [ge] [info] [main.cpp:415] onEvent type=0x1200
[2026-07-19 09:59:13.075] [ge] [info] [main.cpp:447] ACCEL accel=[+2.52,+0.00,+0.00] gravity=[-25.22,-0.00]
[2026-07-19 09:59:13.083] [ge] [info] [main.cpp:415] onEvent type=0x1200
[2026-07-19 09:59:13.083] [ge] [info] [main.cpp:447] ACCEL accel=[+2.52,+0.00,+0.00] gravity=[-25.22,-0.00]
[2026-07-19 09:59:13.091] [ge] [info] [main.cpp:415] onEvent type=0x1200
[2026-07-19 09:59:13.091] [ge] [info] [main.cpp:447] ACCEL accel=[+2.52,+0.00,+0.00] gravity=[-25.22,-0.00]
[2026-07-19 09:59:13.100] [ge] [info] [main.cpp:415] onEvent type=0x1200
[2026-07-19 09:59:13.100] [ge] [info] [main.cpp:447] ACCEL accel=[+2.52,+0.00,+0.00] gravity=[-25.22,-0.00]
[2026-07-19 09:59:13.108] [ge] [info] [main.cpp:415] onEvent type=0x1200
[2026-07-19 09:59:13.108] [ge] [info] [main.cpp:447] ACCEL accel=[+2.52,+0.00,+0.00] gravity=[-25.22,-0.00]
[2026-07-19 09:59:13.116] [ge] [info] [main.cpp:415] onEvent type=0x1200
[2026-07-19 09:59:13.116] [ge] [info] [main.cpp:447] ACCEL accel=[+2.52,+0.00,+0.00] gravity=[-25.22,-0.00]
[2026-07-19 09:59:13.125] [ge] [info] [main.cpp:415] onEvent type=0x1200
[2026-07-19 09:59:13.125] [ge] [info] [main.cpp:447] ACCEL accel=[+2.52,+0.00,+0.00] gravity=[-25.22,-0.00]
[2026-07-19 09:59:13.133] [ge] [info] [main.cpp:415] onEvent type=0x1200
[2026-07-19 09:59:13.133] [ge] [info] [main.cpp:447] ACCEL accel=[+2.52,+0.00,+0.00] gravity=[-25.22,-0.00]
[2026-07-19 09:59:13.141] [ge] [info] [main.cpp:415] onEvent type=0x1200
[2026-07-19 09:59:13.141] [ge] [info] [main.cpp:447] ACCEL accel=[+2.52,+0.00,+0.00] gravity=[-25.22,-0.00]
[2026-07-19 09:59:13.150] [ge] [info] [main.cpp:415] onEvent type=0x1200
[2026-07-19 09:59:13.150] [ge] [info] [main.cpp:447] ACCEL accel=[+2.52,+0.00,+0.00] gravity=[-25.22,-0.00]
[2026-07-19 09:59:13.158] [ge] [info] [main.cpp:358] tiltbuggy: pose → db [-12.83,5.12,1.57] t=2.7
[2026-07-19 09:59:13.158] [ge] [info] [main.cpp:415] onEvent type=0x1200
[2026-07-19 09:59:13.158] [ge] [info] [main.cpp:447] ACCEL accel=[+2.52,+0.00,+0.00] gravity=[-25.22,-0.00]
[2026-07-19 09:59:13.166] [ge] [info] [main.cpp:415] onEvent type=0x1200
[2026-07-19 09:59:13.166] [ge] [info] [main.cpp:447] ACCEL accel=[+2.52,+0.00,+0.00] gravity=[-25.22,-0.00]
[2026-07-19 09:59:13.175] [ge] [info] [main.cpp:415] onEvent type=0x1200
[2026-07-19 09:59:13.175] [ge] [info] [main.cpp:447] ACCEL accel=[+2.52,+0.00,+0.00] gravity=[-25.22,-0.00]
[2026-07-19 09:59:13.183] [ge] [info] [main.cpp:415] onEvent type=0x1200
[2026-07-19 09:59:13.183] [ge] [info] [main.cpp:447] ACCEL accel=[+2.52,+0.00,+0.00] gravity=[-25.22,-0.00]
[2026-07-19 09:59:13.191] [ge] [info] [main.cpp:415] onEvent type=0x1200
[2026-07-19 09:59:13.191] [ge] [info] [main.cpp:447] ACCEL accel=[+2.52,+0.00,+0.00] gravity=[-25.22,-0.00]
[2026-07-19 09:59:13.200] [ge] [info] [main.cpp:415] onEvent type=0x1200
[2026-07-19 09:59:13.200] [ge] [info] [main.cpp:447] ACCEL accel=[+2.52,+0.00,+0.00] gravity=[-25.22,-0.00]
[2026-07-19 09:59:13.208] [ge] [info] [main.cpp:415] onEvent type=0x1200
[2026-07-19 09:59:13.208] [ge] [info] [main.cpp:447] ACCEL accel=[+2.52,+0.00,+0.00] gravity=[-25.22,-0.00]
[2026-07-19 09:59:13.216] [ge] [info] [main.cpp:415] onEvent type=0x1200
[2026-07-19 09:59:13.216] [ge] [info] [main.cpp:447] ACCEL accel=[+2.52,+0.00,+0.00] gravity=[-25.22,-0.00]
[2026-07-19 09:59:13.225] [ge] [info] [main.cpp:415] onEvent type=0x1200
[2026-07-19 09:59:13.225] [ge] [info] [main.cpp:447] ACCEL accel=[+2.52,+0.00,+0.00] gravity=[-25.22,-0.00]
[2026-07-19 09:59:13.233] [ge] [info] [main.cpp:415] onEvent type=0x1200
[2026-07-19 09:59:13.233] [ge] [info] [main.cpp:447] ACCEL accel=[+2.52,+0.00,+0.00] gravity=[-25.22,-0.00]
[2026-07-19 09:59:13.241] [ge] [info] [main.cpp:415] onEvent type=0x1200
[2026-07-19 09:59:13.241] [ge] [info] [main.cpp:447] ACCEL accel=[+2.52,+0.00,+0.00] gravity=[-25.22,-0.00]
[2026-07-19 09:59:13.250] [ge] [info] [main.cpp:415] onEvent type=0x1200
[2026-07-19 09:59:13.250] [ge] [info] [main.cpp:447] ACCEL accel=[+2.52,+0.00,+0.00] gravity=[-25.22,-0.00]
[2026-07-19 09:59:13.258] [ge] [info] [main.cpp:415] onEvent type=0x1200
[2026-07-19 09:59:13.258] [ge] [info] [main.cpp:447] ACCEL accel=[+2.52,+0.00,+0.00] gravity=[-25.22,-0.00]
[2026-07-19 09:59:13.266] [ge] [info] [main.cpp:415] onEvent type=0x1200
[2026-07-19 09:59:13.266] [ge] [info] [main.cpp:447] ACCEL accel=[+2.52,+0.00,+0.00] gravity=[-25.22,-0.00]
[2026-07-19 09:59:13.275] [ge] [info] [main.cpp:415] onEvent type=0x1200
[2026-07-19 09:59:13.275] [ge] [info] [main.cpp:447] ACCEL accel=[+2.52,+0.00,+0.00] gravity=[-25.22,-0.00]
[2026-07-19 09:59:13.283] [ge] [info] [main.cpp:415] onEvent type=0x1200
[2026-07-19 09:59:13.283] [ge] [info] [main.cpp:447] ACCEL accel=[+2.52,+0.00,+0.00] gravity=[-25.22,-0.00]
[2026-07-19 09:59:13.291] [ge] [info] [main.cpp:415] onEvent type=0x1200
[2026-07-19 09:59:13.291] [ge] [info] [main.cpp:447] ACCEL accel=[+2.52,+0.00,+0.00] gravity=[-25.22,-0.00]
[2026-07-19 09:59:13.300] [ge] [info] [main.cpp:415] onEvent type=0x1200
[2026-07-19 09:59:13.300] [ge] [info] [main.cpp:447] ACCEL accel=[+2.52,+0.00,+0.00] gravity=[-25.22,-0.00]
[2026-07-19 09:59:13.308] [ge] [info] [main.cpp:415] onEvent type=0x1200
[2026-07-19 09:59:13.308] [ge] [info] [main.cpp:447] ACCEL accel=[+2.52,+0.00,+0.00] gravity=[-25.22,-0.00]
[2026-07-19 09:59:13.316] [ge] [info] [main.cpp:415] onEvent type=0x1200
[2026-07-19 09:59:13.316] [ge] [info] [main.cpp:447] ACCEL accel=[+2.52,+0.00,+0.00] gravity=[-25.22,-0.00]
[2026-07-19 09:59:13.325] [ge] [info] [main.cpp:415] onEvent type=0x1200
[2026-07-19 09:59:13.325] [ge] [info] [main.cpp:447] ACCEL accel=[+2.52,+0.00,+0.00] gravity=[-25.22,-0.00]
[2026-07-19 09:59:13.333] [ge] [info] [main.cpp:415] onEvent type=0x1200
[2026-07-19 09:59:13.333] [ge] [info] [main.cpp:447] ACCEL accel=[+2.52,+0.00,+0.00] gravity=[-25.22,-0.00]
[2026-07-19 09:59:13.341] [ge] [info] [main.cpp:415] onEvent type=0x1200
[2026-07-19 09:59:13.341] [ge] [info] [main.cpp:447] ACCEL accel=[+2.52,+0.00,+0.00] gravity=[-25.22,-0.00]
[2026-07-19 09:59:13.350] [ge] [info] [main.cpp:415] onEvent type=0x1200
[2026-07-19 09:59:13.350] [ge] [info] [main.cpp:447] ACCEL accel=[+2.52,+0.00,+0.00] gravity=[-25.22,-0.00]
[2026-07-19 09:59:13.358] [ge] [info] [main.cpp:415] onEvent type=0x1200
[2026-07-19 09:59:13.358] [ge] [info] [main.cpp:447] ACCEL accel=[+2.52,+0.00,+0.00] gravity=[-25.22,-0.00]
[2026-07-19 09:59:13.366] [ge] [info] [main.cpp:415] onEvent type=0x1200
[2026-07-19 09:59:13.366] [ge] [info] [main.cpp:447] ACCEL accel=[+2.52,+0.00,+0.00] gravity=[-25.22,-0.00]
[2026-07-19 09:59:13.375] [ge] [info] [main.cpp:415] onEvent type=0x1200
[2026-07-19 09:59:13.375] [ge] [info] [main.cpp:447] ACCEL accel=[+2.52,+0.00,+0.00] gravity=[-25.22,-0.00]
[2026-07-19 09:59:13.383] [ge] [info] [main.cpp:415] onEvent type=0x1200
[2026-07-19 09:59:13.383] [ge] [info] [main.cpp:447] ACCEL accel=[+2.52,+0.00,+0.00] gravity=[-25.22,-0.00]
[2026-07-19 09:59:13.391] [ge] [info] [main.cpp:415] onEvent type=0x1200
[2026-07-19 09:59:13.391] [ge] [info] [main.cpp:447] ACCEL accel=[+2.28,+0.00,+0.00] gravity=[-22.79,-0.00]
[2026-07-19 09:59:13.400] [ge] [info] [main.cpp:415] onEvent type=0x1200
[2026-07-19 09:59:13.400] [ge] [info] [main.cpp:447] ACCEL accel=[+2.06,+0.00,+0.00] gravity=[-20.56,-0.00]
[2026-07-19 09:59:13.408] [ge] [info] [main.cpp:415] onEvent type=0x1200
[2026-07-19 09:59:13.408] [ge] [info] [main.cpp:447] ACCEL accel=[+1.86,+0.00,+0.00] gravity=[-18.55,-0.00]
[2026-07-19 09:59:13.416] [ge] [info] [main.cpp:415] onEvent type=0x1200
[2026-07-19 09:59:13.416] [ge] [info] [main.cpp:447] ACCEL accel=[+1.67,+0.00,+0.00] gravity=[-16.73,-0.00]
[2026-07-19 09:59:13.425] [ge] [info] [main.cpp:415] onEvent type=0x1200
[2026-07-19 09:59:13.425] [ge] [info] [main.cpp:447] ACCEL accel=[+1.51,+0.00,+0.00] gravity=[-15.09,-0.00]
[2026-07-19 09:59:13.433] [ge] [info] [main.cpp:415] onEvent type=0x1200
[2026-07-19 09:59:13.433] [ge] [info] [main.cpp:447] ACCEL accel=[+1.36,+0.00,+0.00] gravity=[-13.60,-0.00]
[2026-07-19 09:59:13.441] [ge] [info] [main.cpp:415] onEvent type=0x1200
[2026-07-19 09:59:13.441] [ge] [info] [main.cpp:447] ACCEL accel=[+1.23,+0.00,+0.00] gravity=[-12.27,-0.00]
[2026-07-19 09:59:13.450] [ge] [info] [main.cpp:376] tick: dt=0.0084 g=[-12.27,-0.00] pose=[-12.83,5.12,1.57] grip=[30,30] pro=false
[2026-07-19 09:59:13.450] [ge] [info] [main.cpp:415] onEvent type=0x1200
[2026-07-19 09:59:13.450] [ge] [info] [main.cpp:447] ACCEL accel=[+1.11,+0.00,+0.00] gravity=[-11.06,-0.00]
[2026-07-19 09:59:13.458] [ge] [info] [main.cpp:415] onEvent type=0x1200
[2026-07-19 09:59:13.458] [ge] [info] [main.cpp:447] ACCEL accel=[+1.00,+0.00,+0.00] gravity=[-9.97,-0.00]
[2026-07-19 09:59:13.466] [ge] [info] [main.cpp:415] onEvent type=0x1200
[2026-07-19 09:59:13.466] [ge] [info] [main.cpp:447] ACCEL accel=[+0.90,+0.00,+0.00] gravity=[-8.99,-0.00]
[2026-07-19 09:59:13.475] [ge] [info] [main.cpp:415] onEvent type=0x1200
[2026-07-19 09:59:13.475] [ge] [info] [main.cpp:447] ACCEL accel=[+0.81,+0.00,+0.00] gravity=[-8.11,-0.00]
[2026-07-19 09:59:13.483] [ge] [info] [main.cpp:415] onEvent type=0x1200
[2026-07-19 09:59:13.483] [ge] [info] [main.cpp:447] ACCEL accel=[+0.73,+0.00,+0.00] gravity=[-7.31,-0.00]
[2026-07-19 09:59:13.491] [ge] [info] [main.cpp:415] onEvent type=0x1200
[2026-07-19 09:59:13.491] [ge] [info] [main.cpp:447] ACCEL accel=[+0.66,+0.00,+0.00] gravity=[-6.58,-0.00]
[2026-07-19 09:59:13.500] [ge] [info] [main.cpp:415] onEvent type=0x1200
[2026-07-19 09:59:13.500] [ge] [info] [main.cpp:447] ACCEL accel=[+0.59,+0.00,+0.00] gravity=[-5.94,-0.00]
[2026-07-19 09:59:13.508] [ge] [info] [main.cpp:415] onEvent type=0x1200
[2026-07-19 09:59:13.508] [ge] [info] [main.cpp:447] ACCEL accel=[+0.54,+0.00,+0.00] gravity=[-5.35,-0.00]
[2026-07-19 09:59:13.516] [ge] [info] [main.cpp:415] onEvent type=0x1200
[2026-07-19 09:59:13.516] [ge] [info] [main.cpp:447] ACCEL accel=[+0.48,+0.00,+0.00] gravity=[-4.81,-0.00]
[2026-07-19 09:59:13.525] [ge] [info] [main.cpp:415] onEvent type=0x1200
[2026-07-19 09:59:13.525] [ge] [info] [main.cpp:447] ACCEL accel=[+0.43,+0.00,+0.00] gravity=[-4.33,-0.00]
[2026-07-19 09:59:13.533] [ge] [info] [main.cpp:415] onEvent type=0x1200
[2026-07-19 09:59:13.533] [ge] [info] [main.cpp:447] ACCEL accel=[+0.39,+0.00,+0.00] gravity=[-3.91,-0.00]
[2026-07-19 09:59:13.541] [ge] [info] [main.cpp:415] onEvent type=0x1200
[2026-07-19 09:59:13.541] [ge] [info] [main.cpp:447] ACCEL accel=[+0.35,+0.00,+0.00] gravity=[-3.53,-0.00]
[2026-07-19 09:59:13.550] [ge] [info] [main.cpp:415] onEvent type=0x1200
[2026-07-19 09:59:13.550] [ge] [info] [main.cpp:447] ACCEL accel=[+0.32,+0.00,+0.00] gravity=[-3.18,-0.00]
[2026-07-19 09:59:13.558] [ge] [info] [main.cpp:415] onEvent type=0x1200
[2026-07-19 09:59:13.558] [ge] [info] [main.cpp:447] ACCEL accel=[+0.29,+0.00,+0.00] gravity=[-2.86,-0.00]
[2026-07-19 09:59:13.566] [ge] [info] [main.cpp:415] onEvent type=0x1200
[2026-07-19 09:59:13.566] [ge] [info] [main.cpp:447] ACCEL accel=[+0.26,+0.00,+0.00] gravity=[-2.58,-0.00]
[2026-07-19 09:59:13.575] [ge] [info] [main.cpp:415] onEvent type=0x1200
[2026-07-19 09:59:13.575] [ge] [info] [main.cpp:447] ACCEL accel=[+0.23,+0.00,+0.00] gravity=[-2.32,-0.00]
[2026-07-19 09:59:13.583] [ge] [info] [main.cpp:415] onEvent type=0x1200
[2026-07-19 09:59:13.583] [ge] [info] [main.cpp:447] ACCEL accel=[+0.21,+0.00,+0.00] gravity=[-2.09,-0.00]
[2026-07-19 09:59:13.591] [ge] [info] [main.cpp:415] onEvent type=0x1200
[2026-07-19 09:59:13.591] [ge] [info] [main.cpp:447] ACCEL accel=[+0.19,+0.00,+0.00] gravity=[-1.89,-0.00]
[2026-07-19 09:59:13.600] [ge] [info] [main.cpp:415] onEvent type=0x1200
[2026-07-19 09:59:13.600] [ge] [info] [main.cpp:447] ACCEL accel=[+0.17,+0.00,+0.00] gravity=[-1.70,-0.00]
[2026-07-19 09:59:13.608] [ge] [info] [main.cpp:415] onEvent type=0x1200
[2026-07-19 09:59:13.608] [ge] [info] [main.cpp:447] ACCEL accel=[+0.15,+0.00,+0.00] gravity=[-1.53,-0.00]
[2026-07-19 09:59:13.616] [ge] [info] [main.cpp:415] onEvent type=0x1200
[2026-07-19 09:59:13.616] [ge] [info] [main.cpp:447] ACCEL accel=[+0.14,+0.00,+0.00] gravity=[-1.38,-0.00]
[2026-07-19 09:59:13.625] [ge] [info] [main.cpp:415] onEvent type=0x1200
[2026-07-19 09:59:13.625] [ge] [info] [main.cpp:447] ACCEL accel=[+0.12,+0.00,+0.00] gravity=[-1.24,-0.00]
[2026-07-19 09:59:13.633] [ge] [info] [main.cpp:415] onEvent type=0x1200
[2026-07-19 09:59:13.633] [ge] [info] [main.cpp:447] ACCEL accel=[+0.11,+0.00,+0.00] gravity=[-1.12,-0.00]
[2026-07-19 09:59:13.641] [ge] [info] [main.cpp:415] onEvent type=0x1200
[2026-07-19 09:59:13.641] [ge] [info] [main.cpp:447] ACCEL accel=[+0.10,+0.00,+0.00] gravity=[-1.01,-0.00]
[2026-07-19 09:59:13.650] [ge] [info] [main.cpp:415] onEvent type=0x1200
[2026-07-19 09:59:13.650] [ge] [info] [main.cpp:447] ACCEL accel=[+0.09,+0.00,+0.00] gravity=[-0.91,-0.00]
[2026-07-19 09:59:13.658] [ge] [info] [main.cpp:415] onEvent type=0x1200
[2026-07-19 09:59:13.658] [ge] [info] [main.cpp:447] ACCEL accel=[+0.08,+0.00,+0.00] gravity=[-0.82,-0.00]
[2026-07-19 09:59:13.667] [ge] [info] [main.cpp:358] tiltbuggy: pose → db [-12.83,5.11,1.57] t=3.2
[2026-07-19 09:59:13.667] [ge] [info] [main.cpp:415] onEvent type=0x1200
[2026-07-19 09:59:13.667] [ge] [info] [main.cpp:447] ACCEL accel=[+0.07,+0.00,+0.00] gravity=[-0.74,-0.00]
[2026-07-19 09:59:13.675] [ge] [info] [main.cpp:415] onEvent type=0x1200
[2026-07-19 09:59:13.675] [ge] [info] [main.cpp:447] ACCEL accel=[+0.07,+0.00,+0.00] gravity=[-0.67,-0.00]
[2026-07-19 09:59:13.683] [ge] [info] [main.cpp:415] onEvent type=0x1200
[2026-07-19 09:59:13.683] [ge] [info] [main.cpp:447] ACCEL accel=[+0.06,+0.00,+0.00] gravity=[-0.60,-0.00]
[2026-07-19 09:59:13.691] [ge] [info] [main.cpp:415] onEvent type=0x1200
[2026-07-19 09:59:13.691] [ge] [info] [main.cpp:447] ACCEL accel=[+0.05,+0.00,+0.00] gravity=[-0.54,-0.00]
[2026-07-19 09:59:13.700] [ge] [info] [main.cpp:415] onEvent type=0x1200
[2026-07-19 09:59:13.700] [ge] [info] [main.cpp:447] ACCEL accel=[+0.05,+0.00,+0.00] gravity=[-0.49,-0.00]
[2026-07-19 09:59:13.708] [ge] [info] [main.cpp:415] onEvent type=0x1200
[2026-07-19 09:59:13.708] [ge] [info] [main.cpp:447] ACCEL accel=[+0.04,+0.00,+0.00] gravity=[-0.44,-0.00]
[2026-07-19 09:59:13.716] [ge] [info] [main.cpp:415] onEvent type=0x1200
[2026-07-19 09:59:13.716] [ge] [info] [main.cpp:447] ACCEL accel=[+0.04,+0.00,+0.00] gravity=[-0.40,-0.00]
[2026-07-19 09:59:13.725] [ge] [info] [main.cpp:415] onEvent type=0x1200
[2026-07-19 09:59:13.725] [ge] [info] [main.cpp:447] ACCEL accel=[+0.04,+0.00,+0.00] gravity=[-0.36,-0.00]
[2026-07-19 09:59:13.733] [ge] [info] [main.cpp:415] onEvent type=0x1200
[2026-07-19 09:59:13.733] [ge] [info] [main.cpp:447] ACCEL accel=[+0.03,+0.00,+0.00] gravity=[-0.32,-0.00]
[2026-07-19 09:59:13.741] [ge] [info] [main.cpp:415] onEvent type=0x1200
[2026-07-19 09:59:13.741] [ge] [info] [main.cpp:447] ACCEL accel=[+0.03,+0.00,+0.00] gravity=[-0.29,-0.00]
[2026-07-19 09:59:13.750] [ge] [info] [main.cpp:415] onEvent type=0x1200
[2026-07-19 09:59:13.750] [ge] [info] [main.cpp:447] ACCEL accel=[+0.03,+0.00,+0.00] gravity=[-0.26,-0.00]
[2026-07-19 09:59:13.758] [ge] [info] [main.cpp:415] onEvent type=0x1200
[2026-07-19 09:59:13.758] [ge] [info] [main.cpp:447] ACCEL accel=[+0.02,+0.00,+0.00] gravity=[-0.23,-0.00]
[2026-07-19 09:59:13.766] [ge] [info] [main.cpp:415] onEvent type=0x1200
[2026-07-19 09:59:13.766] [ge] [info] [main.cpp:447] ACCEL accel=[+0.02,+0.00,+0.00] gravity=[-0.21,-0.00]
[2026-07-19 09:59:13.775] [ge] [info] [main.cpp:415] onEvent type=0x1200
[2026-07-19 09:59:13.775] [ge] [info] [main.cpp:447] ACCEL accel=[+0.02,+0.00,+0.00] gravity=[-0.19,-0.00]
[2026-07-19 09:59:13.783] [ge] [info] [main.cpp:415] onEvent type=0x1200
[2026-07-19 09:59:13.783] [ge] [info] [main.cpp:447] ACCEL accel=[+0.02,+0.00,+0.00] gravity=[-0.17,-0.00]
[2026-07-19 09:59:13.791] [ge] [info] [main.cpp:415] onEvent type=0x1200
[2026-07-19 09:59:13.791] [ge] [info] [main.cpp:447] ACCEL accel=[+0.02,+0.00,+0.00] gravity=[-0.15,-0.00]
[2026-07-19 09:59:13.800] [ge] [info] [main.cpp:415] onEvent type=0x1200
[2026-07-19 09:59:13.800] [ge] [info] [main.cpp:447] ACCEL accel=[+0.01,+0.00,+0.00] gravity=[-0.14,-0.00]
[2026-07-19 09:59:13.808] [ge] [info] [main.cpp:415] onEvent type=0x1200
[2026-07-19 09:59:13.808] [ge] [info] [main.cpp:447] ACCEL accel=[+0.00,+0.00,+0.00] gravity=[-0.00,-0.00]
[2026-07-19 09:59:13.949] [ge] [info] [main.cpp:376] tick: dt=0.0082 g=[-0.00,-0.00] pose=[-12.83,5.11,1.57] grip=[30,30] pro=false
[2026-07-19 09:59:14.167] [ge] [info] [main.cpp:358] tiltbuggy: pose → db [-12.83,5.11,1.57] t=3.7
[2026-07-19 09:59:14.291] [ge] [info] [main.cpp:457] TiltBuggy shutdown
[2026-07-19 09:59:14.296] [ge] [info] [SokolContext.mm:54] SokolContext destroyed
