[2026-07-19 09:59:14.768] [info] [iap.cpp:160] ge::iap: mode resolved to 'stub'
[2026-07-19 09:59:14.768] [info] [main.cpp:209] iap: restore complete ok=true error=
[2026-07-19 09:59:14.822] [ge] [info] [SessionHost_server.mm:98] runServer: 'tiltbuggy' streaming to relay 127.0.0.1:3131
[2026-07-19 09:59:14.822] [ge] [info] [SessionHost_server.mm:126] runServer: console stream host (not a desktop game window)
[2026-07-19 09:59:14.822] [ge] [info] [ServerSession.mm:619] ServerSession: connected to relay 127.0.0.1:3131 as 'tiltbuggy'
[2026-07-19 09:59:14.871] [ge] [info] [SokolContext.mm:180] SokolContext: 2048x1536 Metal (Apple M4 Max)
[2026-07-19 09:59:14.871] [ge] [info] [DirectRenderHost.mm:456] DirectRenderHost: gesture accelerometer synthesis enabled (armOnPrimary=false)
[2026-07-19 09:59:14.871] [ge] [info] [DirectRenderHost.mm:476] DirectRenderHost: 2048x1536
[2026-07-19 09:59:14.871] [ge] [info] [DirectRenderHost.mm:506] DirectRenderHost: stream server ephemeral db (:memory:)
[2026-07-19 09:59:14.871] [ge] [info] [Context.cpp:64] Context: opening db path=':memory:' schemaDdl=145B
[2026-07-19 09:59:14.873] [ge] [info] [Context.cpp:67] Context: db open ok
[2026-07-19 09:59:14.873] [ge] [info] [DirectRenderHost.mm:522] DirectRenderHost: Context ready — applying safe insets
[2026-07-19 09:59:14.873] [ge] [info] [DirectRenderHost.mm:524] DirectRenderHost: drawSafe insets applied
[2026-07-19 09:59:14.873] [ge] [info] [DirectRenderHost.mm:526] DirectRenderHost: uiSafe insets applied
[2026-07-19 09:59:14.873] [ge] [info] [DirectRenderHost.mm:586] DirectRenderHost: constructor complete
[2026-07-19 09:59:14.873] [ge] [info] [ServerSession.mm:733] ServerSession: SP2T working db bound (ok, schema=145 bytes)
[2026-07-19 09:59:14.910] [ge] [info] [main.cpp:415] onEvent type=0x305
[2026-07-19 09:59:14.910] [ge] [info] [main.cpp:415] onEvent type=0x404
[2026-07-19 09:59:14.910] [ge] [info] [main.cpp:415] onEvent type=0x214
[2026-07-19 09:59:15.373] [ge] [info] [main.cpp:358] tiltbuggy: pose → db [0.00,0.00,0.00] t=0.6
[2026-07-19 09:59:15.856] [ge] [info] [main.cpp:376] tick: dt=0.0167 g=[0.00,0.00] pose=[0.00,0.00,0.00] grip=[150,150] pro=false
[2026-07-19 09:59:15.890] [ge] [info] [main.cpp:358] tiltbuggy: pose → db [0.00,0.00,0.00] t=1.1
[2026-07-19 09:59:16.329] [ge] [info] [ServerSession.mm:350] ServerSession: spawned child pid 83844 for session s1 (own world/state)
[2026-07-19 09:59:16.335] [info] [iap.cpp:160] ge::iap: mode resolved to 'stub'
[2026-07-19 09:59:16.335] [info] [main.cpp:209] iap: restore complete ok=true error=
[2026-07-19 09:59:16.390] [ge] [info] [SessionHost_server.mm:98] runServer: 'tiltbuggy' streaming to relay 127.0.0.1:3131
[2026-07-19 09:59:16.390] [ge] [info] [SessionHost_server.mm:126] runServer: console stream host (not a desktop game window)
[2026-07-19 09:59:16.391] [ge] [info] [ServerSession.mm:247] ServerSession: SessionConfig sensors=0x1 orientation=254 transport=0 flags=0x3 (immersive=1 noSaver=1) session=s1
[2026-07-19 09:59:16.391] [ge] [info] [ServerSession.mm:259] ServerSession: player attached (session s1), wires=1 primary=1
[2026-07-19 09:59:16.391] [ge] [info] [ServerSession.mm:497] ServerSession: player DeviceInfo 2048x1536 @1x class=3 ui=(0,0 2048x1536) draw=(0,0 2048x1536) caps=0x3
[2026-07-19 09:59:16.391] [ge] [info] [ServerSession.mm:599] ServerSession: transport=cmdstream (player_cmdstream=true force_h264=false)
[2026-07-19 09:59:16.391] [ge] [info] [ServerSession.mm:604] ServerSession: cmdstream LiveCapture armed (sprite runs)
[2026-07-19 09:59:16.395] [ge] [warning] [ServerSession.mm:566] ServerSession: SP2T snapshot apply failed (db=0 n=24576)
[2026-07-19 09:59:16.395] [ge] [info] [ServerSession.mm:497] ServerSession: player DeviceInfo 2048x1536 @1x class=3 ui=(0,0 2048x1536) draw=(0,0 2048x1536) caps=0x3
[2026-07-19 09:59:16.395] [ge] [info] [ServerSession.mm:497] ServerSession: player DeviceInfo 2048x1536 @1x class=3 ui=(0,0 2048x1536) draw=(0,0 2048x1536) caps=0x3
[2026-07-19 09:59:16.406] [ge] [info] [main.cpp:358] tiltbuggy: pose → db [0.00,0.00,0.00] t=1.6
[2026-07-19 09:59:16.445] [ge] [info] [SokolContext.mm:180] SokolContext: 2048x1536 Metal (Apple M4 Max)
[2026-07-19 09:59:16.445] [ge] [info] [DirectRenderHost.mm:456] DirectRenderHost: gesture accelerometer synthesis enabled (armOnPrimary=false)
[2026-07-19 09:59:16.445] [ge] [info] [DirectRenderHost.mm:473] DirectRenderHost: GE_SENSOR_TRACE on (/Users/marcelo/work/github.com/squz/ge/verdicts/T156.6/20260718T235908Z/s1.trace)
[2026-07-19 09:59:16.445] [ge] [info] [DirectRenderHost.mm:476] DirectRenderHost: 2048x1536
[2026-07-19 09:59:16.445] [ge] [info] [DirectRenderHost.mm:506] DirectRenderHost: stream server ephemeral db (:memory:)
[2026-07-19 09:59:16.445] [ge] [info] [Context.cpp:64] Context: opening db path=':memory:' schemaDdl=145B
[2026-07-19 09:59:16.445] [ge] [info] [Context.cpp:67] Context: db open ok
[2026-07-19 09:59:16.445] [ge] [info] [DirectRenderHost.mm:522] DirectRenderHost: Context ready — applying safe insets
[2026-07-19 09:59:16.445] [ge] [info] [DirectRenderHost.mm:524] DirectRenderHost: drawSafe insets applied
[2026-07-19 09:59:16.445] [ge] [info] [DirectRenderHost.mm:526] DirectRenderHost: uiSafe insets applied
[2026-07-19 09:59:16.445] [ge] [info] [DirectRenderHost.mm:586] DirectRenderHost: constructor complete
[2026-07-19 09:59:16.445] [ge] [info] [ServerSession.mm:733] ServerSession: SP2T working db bound (ok, schema=145 bytes)
[2026-07-19 09:59:16.465] [ge] [info] [main.cpp:415] onEvent type=0x305
[2026-07-19 09:59:16.465] [ge] [info] [main.cpp:415] onEvent type=0x404
... [truncated:      331 lines]
[2026-07-19 09:59:19.479] [ge] [info] [main.cpp:358] tiltbuggy: pose → db [-4.34,3.80,0.87] t=3.1
[2026-07-19 09:59:19.479] [ge] [info] [main.cpp:415] onEvent type=0x1200
[2026-07-19 09:59:19.479] [ge] [info] [main.cpp:447] ACCEL accel=[+0.07,+0.00,+0.00] gravity=[-0.74,-0.00]
[2026-07-19 09:59:19.496] [ge] [info] [main.cpp:415] onEvent type=0x1200
[2026-07-19 09:59:19.496] [ge] [info] [main.cpp:447] ACCEL accel=[+0.06,+0.00,+0.00] gravity=[-0.60,-0.00]
[2026-07-19 09:59:19.512] [ge] [info] [main.cpp:415] onEvent type=0x1200
[2026-07-19 09:59:19.512] [ge] [info] [main.cpp:447] ACCEL accel=[+0.05,+0.00,+0.00] gravity=[-0.49,-0.00]
[2026-07-19 09:59:19.529] [ge] [info] [main.cpp:415] onEvent type=0x1200
[2026-07-19 09:59:19.529] [ge] [info] [main.cpp:447] ACCEL accel=[+0.04,+0.00,+0.00] gravity=[-0.40,-0.00]
[2026-07-19 09:59:19.546] [ge] [info] [main.cpp:415] onEvent type=0x1200
[2026-07-19 09:59:19.546] [ge] [info] [main.cpp:447] ACCEL accel=[+0.03,+0.00,+0.00] gravity=[-0.32,-0.00]
[2026-07-19 09:59:19.546] [ge] [info] [ServerSession.mm:188] ServerSession: SP2T snapshot pushed (24576 bytes, stream)
[2026-07-19 09:59:19.562] [ge] [info] [main.cpp:415] onEvent type=0x1200
[2026-07-19 09:59:19.562] [ge] [info] [main.cpp:447] ACCEL accel=[+0.03,+0.00,+0.00] gravity=[-0.26,-0.00]
[2026-07-19 09:59:19.579] [ge] [info] [main.cpp:415] onEvent type=0x1200
[2026-07-19 09:59:19.579] [ge] [info] [main.cpp:447] ACCEL accel=[+0.02,+0.00,+0.00] gravity=[-0.21,-0.00]
[2026-07-19 09:59:19.596] [ge] [info] [main.cpp:415] onEvent type=0x1200
[2026-07-19 09:59:19.596] [ge] [info] [main.cpp:447] ACCEL accel=[+0.02,+0.00,+0.00] gravity=[-0.17,-0.00]
[2026-07-19 09:59:19.612] [ge] [info] [main.cpp:415] onEvent type=0x1200
[2026-07-19 09:59:19.612] [ge] [info] [main.cpp:447] ACCEL accel=[+0.01,+0.00,+0.00] gravity=[-0.14,-0.00]
[2026-07-19 09:59:19.629] [ge] [info] [main.cpp:415] onEvent type=0x1200
[2026-07-19 09:59:19.629] [ge] [info] [main.cpp:447] ACCEL accel=[+0.00,+0.00,+0.00] gravity=[-0.00,-0.00]
[2026-07-19 09:59:19.856] [ge] [info] [main.cpp:376] tick: dt=0.0167 g=[0.00,0.00] pose=[0.00,0.00,0.00] grip=[150,150] pro=false
[2026-07-19 09:59:19.956] [ge] [info] [main.cpp:358] tiltbuggy: pose → db [0.00,0.00,0.00] t=5.1
[2026-07-19 09:59:19.979] [ge] [info] [main.cpp:358] tiltbuggy: pose → db [0.45,8.59,0.70] t=3.6
[2026-07-19 09:59:20.062] [ge] [info] [ServerSession.mm:188] ServerSession: SP2T snapshot pushed (24576 bytes, stream)
[2026-07-19 09:59:20.094] [ge] [info] [ServerSession.mm:414] ServerSession: session s1 wire closed — child exiting
[2026-07-19 09:59:20.095] [ge] [info] [ServerSession.mm:644] ServerSession: detach s1 — child owns teardown
[2026-07-19 09:59:20.456] [ge] [info] [main.cpp:358] tiltbuggy: pose → db [0.00,0.00,0.00] t=5.6
[2026-07-19 09:59:20.856] [ge] [info] [main.cpp:376] tick: dt=0.0167 g=[0.00,0.00] pose=[0.00,0.00,0.00] grip=[150,150] pro=false
[2026-07-19 09:59:20.973] [ge] [info] [main.cpp:358] tiltbuggy: pose → db [0.00,0.00,0.00] t=6.2
[2026-07-19 09:59:21.473] [ge] [info] [main.cpp:358] tiltbuggy: pose → db [0.00,0.00,0.00] t=6.7
[2026-07-19 09:59:21.856] [ge] [info] [main.cpp:376] tick: dt=0.0167 g=[0.00,0.00] pose=[0.00,0.00,0.00] grip=[150,150] pro=false
[2026-07-19 09:59:21.990] [ge] [info] [main.cpp:358] tiltbuggy: pose → db [0.00,0.00,0.00] t=7.2
[2026-07-19 09:59:22.490] [ge] [info] [main.cpp:358] tiltbuggy: pose → db [0.00,0.00,0.00] t=7.7
[2026-07-19 09:59:22.856] [ge] [info] [main.cpp:376] tick: dt=0.0167 g=[0.00,0.00] pose=[0.00,0.00,0.00] grip=[150,150] pro=false
[2026-07-19 09:59:23.006] [ge] [info] [main.cpp:358] tiltbuggy: pose → db [0.00,0.00,0.00] t=8.2
[2026-07-19 09:59:23.523] [ge] [info] [main.cpp:358] tiltbuggy: pose → db [0.00,0.00,0.00] t=8.7
[2026-07-19 09:59:23.856] [ge] [info] [main.cpp:376] tick: dt=0.0167 g=[0.00,0.00] pose=[0.00,0.00,0.00] grip=[150,150] pro=false
[2026-07-19 09:59:24.040] [ge] [info] [main.cpp:358] tiltbuggy: pose → db [0.00,0.00,0.00] t=9.2
[2026-07-19 09:59:24.540] [ge] [info] [main.cpp:358] tiltbuggy: pose → db [0.00,0.00,0.00] t=9.7
[2026-07-19 09:59:24.856] [ge] [info] [main.cpp:376] tick: dt=0.0167 g=[0.00,0.00] pose=[0.00,0.00,0.00] grip=[150,150] pro=false
[2026-07-19 09:59:25.056] [ge] [info] [main.cpp:358] tiltbuggy: pose → db [0.00,0.00,0.00] t=10.2
[2026-07-19 09:59:25.556] [ge] [info] [main.cpp:358] tiltbuggy: pose → db [0.00,0.00,0.00] t=10.7
[2026-07-19 09:59:25.856] [ge] [info] [main.cpp:376] tick: dt=0.0167 g=[0.00,0.00] pose=[0.00,0.00,0.00] grip=[150,150] pro=false
[2026-07-19 09:59:26.073] [ge] [info] [main.cpp:358] tiltbuggy: pose → db [0.00,0.00,0.00] t=11.2
[2026-07-19 09:59:26.573] [ge] [info] [main.cpp:358] tiltbuggy: pose → db [0.00,0.00,0.00] t=11.8
[2026-07-19 09:59:26.856] [ge] [info] [main.cpp:376] tick: dt=0.0167 g=[0.00,0.00] pose=[0.00,0.00,0.00] grip=[150,150] pro=false
[2026-07-19 09:59:27.090] [ge] [info] [main.cpp:358] tiltbuggy: pose → db [0.00,0.00,0.00] t=12.3
[2026-07-19 09:59:27.339] [ge] [info] [ServerSession.mm:661] ServerSession: sideband closed (replaced or relay gone) — exiting superseded server process
